Component: ARM Compiler 5.05 update 1 (build 106) Tool: armlink [4d0efa]

==============================================================================

Section Cross References

    startup_stm32f103xb.o(STACK) refers (Special) to heapauxi.o(.text) for __use_two_region_memory
    startup_stm32f103xb.o(HEAP) refers (Special) to heapauxi.o(.text) for __use_two_region_memory
    startup_stm32f103xb.o(RESET) refers (Special) to heapauxi.o(.text) for __use_two_region_memory
    startup_stm32f103xb.o(RESET) refers to startup_stm32f103xb.o(STACK) for __initial_sp
    startup_stm32f103xb.o(RESET) refers to startup_stm32f103xb.o(.text) for Reset_Handler
    startup_stm32f103xb.o(RESET) refers to stm32f1xx_it.o(i.NMI_Handler) for NMI_Handler
    startup_stm32f103xb.o(RESET) refers to stm32f1xx_it.o(i.HardFault_Handler) for HardFault_Handler
    startup_stm32f103xb.o(RESET) refers to stm32f1xx_it.o(i.MemManage_Handler) for MemManage_Handler
    startup_stm32f103xb.o(RESET) refers to stm32f1xx_it.o(i.BusFault_Handler) for BusFault_Handler
    startup_stm32f103xb.o(RESET) refers to stm32f1xx_it.o(i.UsageFault_Handler) for UsageFault_Handler
    startup_stm32f103xb.o(RESET) refers to port.o(.emb_text) for SVC_Handler
    startup_stm32f103xb.o(RESET) refers to stm32f1xx_it.o(i.DebugMon_Handler) for DebugMon_Handler
    startup_stm32f103xb.o(RESET) refers to stm32f1xx_it.o(i.SysTick_Handler) for SysTick_Handler
    startup_stm32f103xb.o(RESET) refers to stm32f1xx_it.o(i.USART1_IRQHandler) for USART1_IRQHandler
    startup_stm32f103xb.o(.text) refers (Special) to heapauxi.o(.text) for __use_two_region_memory
    startup_stm32f103xb.o(.text) refers to system_stm32f1xx.o(i.SystemInit) for SystemInit
    startup_stm32f103xb.o(.text) refers to __main.o(!!!main) for __main
    startup_stm32f103xb.o(.text) refers to startup_stm32f103xb.o(HEAP) for Heap_Mem
    startup_stm32f103xb.o(.text) refers to startup_stm32f103xb.o(STACK) for Stack_Mem
    main.o(i.SystemClock_Config) refers to rt_memclr_w.o(.text) for __aeabi_memclr4
    main.o(i.SystemClock_Config) refers to stm32f1xx_hal_rcc.o(i.HAL_RCC_OscConfig) for HAL_RCC_OscConfig
    main.o(i.SystemClock_Config) refers to main.o(i.Error_Handler) for Error_Handler
    main.o(i.SystemClock_Config) refers to stm32f1xx_hal_rcc.o(i.HAL_RCC_ClockConfig) for HAL_RCC_ClockConfig
    main.o(i.main) refers to stm32f1xx_hal.o(i.HAL_Init) for HAL_Init
    main.o(i.main) refers to main.o(i.SystemClock_Config) for SystemClock_Config
    main.o(i.main) refers to led.o(i.BSP_LED_Init) for BSP_LED_Init
    main.o(i.main) refers to uart.o(i.BSP_UART_Init) for BSP_UART_Init
    main.o(i.main) refers to modbus.o(i.Modbus_Init) for Modbus_Init
    main.o(i.main) refers to system_ctrl.o(i.System_Ctrl_Init) for System_Ctrl_Init
    main.o(i.main) refers to rt_memcpy_w.o(.text) for __aeabi_memcpy4
    main.o(i.main) refers to cmsis_os.o(i.osThreadCreate) for osThreadCreate
    main.o(i.main) refers to cmsis_os.o(i.osKernelStart) for osKernelStart
    main.o(i.main) refers to main.o(.constdata) for .constdata
    main.o(i.main) refers to main.o(.data) for LED_TaskHandle
    main.o(.constdata) refers to main.o(.conststring) for .conststring
    main.o(.constdata) refers to led_task.o(i.Start_LED_Task) for Start_LED_Task
    main.o(.constdata) refers to uart_task.o(i.Start_UART_Task) for Start_UART_Task
    freertos.o(i.vApplicationGetIdleTaskMemory) refers to freertos.o(.bss) for xIdleTaskTCBBuffer
    stm32f1xx_it.o(i.SysTick_Handler) refers to stm32f1xx_hal.o(i.HAL_IncTick) for HAL_IncTick
    stm32f1xx_it.o(i.SysTick_Handler) refers to tasks.o(i.xTaskGetSchedulerState) for xTaskGetSchedulerState
    stm32f1xx_it.o(i.SysTick_Handler) refers to port.o(i.xPortSysTickHandler) for xPortSysTickHandler
    stm32f1xx_it.o(i.USART1_IRQHandler) refers to uart.o(i.BSP_UART_IRQHandler) for BSP_UART_IRQHandler
    stm32f1xx_hal_msp.o(i.HAL_MspInit) refers to stm32f1xx_hal_cortex.o(i.HAL_NVIC_SetPriority) for HAL_NVIC_SetPriority
    stm32f1xx_hal_msp.o(i.HAL_UART_MspDeInit) refers to stm32f1xx_hal_gpio.o(i.HAL_GPIO_DeInit) for HAL_GPIO_DeInit
    stm32f1xx_hal.o(i.HAL_DeInit) refers to stm32f1xx_hal.o(i.HAL_MspDeInit) for HAL_MspDeInit
    stm32f1xx_hal.o(i.HAL_Delay) refers to stm32f1xx_hal.o(i.HAL_GetTick) for HAL_GetTick
    stm32f1xx_hal.o(i.HAL_Delay) refers to stm32f1xx_hal.o(.data) for uwTickFreq
    stm32f1xx_hal.o(i.HAL_GetTick) refers to stm32f1xx_hal.o(.data) for uwTick
    stm32f1xx_hal.o(i.HAL_GetTickFreq) refers to stm32f1xx_hal.o(.data) for uwTickFreq
    stm32f1xx_hal.o(i.HAL_GetTickPrio) refers to stm32f1xx_hal.o(.data) for uwTickPrio
    stm32f1xx_hal.o(i.HAL_IncTick) refers to stm32f1xx_hal.o(.data) for uwTick
    stm32f1xx_hal.o(i.HAL_Init) refers to stm32f1xx_hal_cortex.o(i.HAL_NVIC_SetPriorityGrouping) for HAL_NVIC_SetPriorityGrouping
    stm32f1xx_hal.o(i.HAL_Init) refers to stm32f1xx_hal.o(i.HAL_InitTick) for HAL_InitTick
[...]
    ../clib/angel/kernel.s                   0x00000000   Number         0  __rtentry2.o ABSOLUTE
    ../clib/angel/rt.s                       0x00000000   Number         0  rt_raise.o ABSOLUTE
    ../clib/angel/scatter.s                  0x00000000   Number         0  __scatter.o ABSOLUTE
    ../clib/angel/startup.s                  0x00000000   Number         0  __main.o ABSOLUTE
    ../clib/angel/sys.s                      0x00000000   Number         0  libspace.o ABSOLUTE
    ../clib/angel/sys.s                      0x00000000   Number         0  sys_stackheap_outer.o ABSOLUTE
    ../clib/angel/sys.s                      0x00000000   Number         0  indicate_semi.o ABSOLUTE
    ../clib/angel/sys.s                      0x00000000   Number         0  use_no_semi.o ABSOLUTE
    ../clib/angel/sysapp.c                   0x00000000   Number         0  sys_exit.o ABSOLUTE
    ../clib/angel/sysapp.c                   0x00000000   Number         0  sys_wrch.o ABSOLUTE
    ../clib/angel/sysapp.c                   0x00000000   Number         0  sys_command.o ABSOLUTE
    ../clib/armsys.c                         0x00000000   Number         0  argv_veneer.o ABSOLUTE
    ../clib/armsys.c                         0x00000000   Number         0  _get_argv_nomalloc.o ABSOLUTE
    ../clib/armsys.c                         0x00000000   Number         0  no_argv.o ABSOLUTE
    ../clib/armsys.c                         0x00000000   Number         0  argv_veneer.o ABSOLUTE
    ../clib/heapalloc.c                      0x00000000   Number         0  hrguard.o ABSOLUTE
    ../clib/heapaux.c                        0x00000000   Number         0  heapauxi.o ABSOLUTE
    ../clib/libinit.s                        0x00000000   Number         0  libshutdown.o ABSOLUTE
    ../clib/libinit.s                        0x00000000   Number         0  libshutdown2.o ABSOLUTE
    ../clib/libinit.s                        0x00000000   Number         0  libinit.o ABSOLUTE
    ../clib/libinit.s                        0x00000000   Number         0  libinit2.o ABSOLUTE
    ../clib/longlong.s                       0x00000000   Number         0  llushr.o ABSOLUTE
    ../clib/memcpset.s                       0x00000000   Number         0  rt_memclr_w.o ABSOLUTE
    ../clib/memcpset.s                       0x00000000   Number         0  rt_memcpy_w.o ABSOLUTE
    ../clib/memcpset.s                       0x00000000   Number         0  memset.o ABSOLUTE
    ../clib/memcpset.s                       0x00000000   Number         0  rt_memcpy_v6.o ABSOLUTE
    ../clib/memcpset.s                       0x00000000   Number         0  rt_memclr.o ABSOLUTE
    ../clib/signal.c                         0x00000000   Number         0  defsig_pvfn_inner.o ABSOLUTE
    ../clib/signal.c                         0x00000000   Number         0  defsig_stak_inner.o ABSOLUTE
    ../clib/signal.c                         0x00000000   Number         0  defsig_rtred_inner.o ABSOLUTE
    ../clib/signal.c                         0x00000000   Number         0  defsig_abrt_inner.o ABSOLUTE
    ../clib/signal.c                         0x00000000   Number         0  defsig_general.o ABSOLUTE
    ../clib/signal.c                         0x00000000   Number         0  __raise.o ABSOLUTE
    ../clib/signal.c                         0x00000000   Number         0  defsig_rtmem_inner.o ABSOLUTE
    ../clib/signal.c                         0x00000000   Number         0  defsig_exit.o ABSOLUTE
    ../clib/signal.c                         0x00000000   Number         0  defsig_fpe_inner.o ABSOLUTE
    ../clib/signal.c                         0x00000000   Number         0  defsig_rtmem_formal.o ABSOLUTE
    ../clib/signal.c                         0x00000000   Number         0  defsig_rtmem_outer.o ABSOLUTE
    ../clib/signal.c                         0x00000000   Number         0  defsig_other.o ABSOLUTE
    ../clib/signal.c                         0x00000000   Number         0  defsig_segv_inner.o ABSOLUTE
    ../clib/signal.c                         0x00000000   Number         0  defsig_cppl_inner.o ABSOLUTE
    ../clib/signal.s                         0x00000000   Number         0  defsig.o ABSOLUTE
    ../clib/stdlib.c                         0x00000000   Number         0  exit.o ABSOLUTE
    ../clib/string.c                         0x00000000   Number         0  strlen.o ABSOLUTE
    ../fplib/fpinit.s                        0x00000000   Number         0  fpinit.o ABSOLUTE
    ..\App\Src\key_task.c                    0x00000000   Number         0  key_task.o ABSOLUTE
    ..\App\Src\led_task.c                    0x00000000   Number         0  led_task.o ABSOLUTE
    ..\App\Src\modbus.c                      0x00000000   Number         0  modbus.o ABSOLUTE
    ..\App\Src\system_ctrl.c                 0x00000000   Number         0  system_ctrl.o ABSOLUTE
    ..\App\Src\uart_task.c                   0x00000000   Number         0  uart_task.o ABSOLUTE
    ..\Bsp\Src\exti.c                        0x00000000   Number         0  exti.o ABSOLUTE
    ..\Bsp\Src\key.c                         0x00000000   Number         0  key.o ABSOLUTE
    ..\Bsp\Src\led.c                         0x00000000   Number         0  led.o ABSOLUTE
    ..\Bsp\Src\uart.c                        0x00000000   Number         0  uart.o ABSOLUTE
    ..\Core\Src\freertos.c                   0x00000000   Number         0  freertos.o ABSOLUTE
    ..\Core\Src\main.c                       0x00000000   Number         0  main.o ABSOLUTE
    ..\Core\Src\stm32f1xx_hal_msp.c          0x00000000   Number         0  stm32f1xx_hal_msp.o ABSOLUTE
    ..\Core\Src\stm32f1xx_it.c               0x00000000   Number         0  stm32f1xx_it.o ABSOLUTE
    ..\Core\Src\system_stm32f1xx.c           0x00000000   Number         0  system_stm32f1xx.o ABSOLUTE
    ..\Drivers\STM32F1xx_HAL_Driver\Src\stm32f1xx_hal.c 0x00000000   Number         0  stm32f1xx_hal.o ABSOLUTE
    ..\Drivers\STM32F1xx_HAL_Driver\Src\stm32f1xx_hal_cortex.c 0x00000000   Number         0  stm32f1xx_hal_cortex.o ABSOLUTE
    ..\Drivers\STM32F1xx_HAL_Driver\Src\stm32f1xx_hal_dma.c 0x00000000   Number         0  stm32f1xx_hal_dma.o ABSOLUTE
    ..\Drivers\STM32F1xx_HAL_Driver\Src\stm32f1xx_hal_exti.c 0x00000000   Number         0  stm32f1xx_hal_exti.o ABSOLUTE
    ..\Drivers\STM32F1xx_HAL_Driver\Src\stm32f1xx_hal_flash.c 0x00000000   Number         0  stm32f1xx_hal_flash.o ABSOLUTE
    ..\Drivers\STM32F1xx_HAL_Driver\Src\stm32f1xx_hal_flash_ex.c 0x00000000   Number         0  stm32f1xx_hal_flash_ex.o ABSOLUTE
    ..\Drivers\STM32F1xx_HAL_Driver\Src\stm32f1xx_hal_gpio.c 0x00000000   Number         0  stm32f1xx_hal_gpio.o ABSOLUTE
    ..\Drivers\STM32F1xx_HAL_Driver\Src\stm32f1xx_hal_gpio_ex.c 0x00000000   Number         0  stm32f1xx_hal_gpio_ex.o ABSOLUTE
    ..\Drivers\STM32F1xx_HAL_Driver\Src\stm32f1xx_hal_pwr.c 0x00000000   Number         0  stm32f1xx_hal_pwr.o ABSOLUTE
    ..\Drivers\STM32F1xx_HAL_Driver\Src\stm32f1xx_hal_rcc.c 0x00000000   Number         0  stm32f1xx_hal_rcc.o ABSOLUTE
    ..\Drivers\STM32F1xx_HAL_Driver\Src\stm32f1xx_hal_rcc_ex.c 0x00000000   Number         0  stm32f1xx_hal_rcc_ex.o ABSOLUTE
    ..\Drivers\STM32F1xx_HAL_Driver\Src\stm32f1xx_hal_uart.c 0x00000000   Number         0  stm32f1xx_hal_uart.o ABSOLUTE
    ..\Middlewares\Third_Party\FreeRTOS\Source\CMSIS_RTOS\cmsis_os.c 0x00000000   Number         0  cmsis_os.o ABSOLUTE
    ..\Middlewares\Third_Party\FreeRTOS\Source\portable\RVDS\ARM_CM3\port.c 0x00000000   Number         0  port.o ABSOLUTE
    ..\\App\\Src\\led_task.c                 0x00000000   Number         0  led_task.o ABSOLUTE
    ..\\App\\Src\\modbus.c                   0x00000000   Number         0  modbus.o ABSOLUTE
    ..\\App\\Src\\system_ctrl.c              0x00000000   Number         0  system_ctrl.o ABSOLUTE
    ..\\App\\Src\\uart_task.c                0x00000000   Number         0  uart_task.o ABSOLUTE
    ..\\Bsp\\Src\\exti.c                     0x00000000   Number         0  exti.o ABSOLUTE
    ..\\Bsp\\Src\\led.c                      0x00000000   Number         0  led.o ABSOLUTE
    ..\\Bsp\\Src\\uart.c                     0x00000000   Number         0  uart.o ABSOLUTE
    dc.s                                     0x00000000   Number         0  dc.o ABSOLUTE
    startup_stm32f103xb.s                    0x00000000   Number         0  startup_stm32f103xb.o ABSOLUTE
    RESET                                    0x08000000   Section      236  startup_stm32f103xb.o(RESET)
    !!!main                                  0x080000ec   Section        8  __main.o(!!!main)
    !!!scatter                               0x080000f4   Section       52  __scatter.o(!!!scatter)
    !!handler_copy                           0x08000128   Section       26  __scatter_copy.o(!!handler_copy)
    !!handler_zi                             0x08000144   Section       28  __scatter_zi.o(!!handler_zi)
    .ARM.Collect$$libinit$$00000000          0x08000160   Section        2  libinit.o(.ARM.Collect$$libinit$$00000000)
    .ARM.Collect$$libinit$$00000002          0x08000162   Section        0  libinit2.o(.ARM.Collect$$libinit$$00000002)
    .ARM.Collect$$libinit$$00000004          0x08000162   Section        0  libinit2.o(.ARM.Collect$$libinit$$00000004)
    .ARM.Collect$$libinit$$0000000A          0x08000162   Section        0  libinit2.o(.ARM.Collect$$libinit$$0000000A)
    .ARM.Collect$$libinit$$0000000C          0x08000162   Section        0  libinit2.o(.ARM.Collect$$libinit$$0000000C)
    .ARM.Collect$$libinit$$0000000E          0x08000162   Section        0  libinit2.o(.ARM.Collect$$libinit$$0000000E)
    .ARM.Collect$$libinit$$00000011          0x08000162   Section        0  libinit2.o(.ARM.Collect$$libinit$$00000011)
    .ARM.Collect$$libinit$$00000013          0x08000162   Section        0  libinit2.o(.ARM.Collect$$libinit$$00000013)
    .ARM.Collect$$libinit$$00000015          0x08000162   Section        0  libinit2.o(.ARM.Collect$$libinit$$00000015)
    .ARM.Collect$$libinit$$00000017          0x08000162   Section        0  libinit2.o(.ARM.Collect$$libinit$$00000017)
    .ARM.Collect$$libinit$$00000019          0x08000162   Section        0  libinit2.o(.ARM.Collect$$libinit$$00000019)
    .ARM.Collect$$libinit$$0000001B          0x08000162   Section        0  libinit2.o(.ARM.Collect$$libinit$$0000001B)
    .ARM.Collect$$libinit$$0000001D          0x08000162   Section        0  libinit2.o(.ARM.Collect$$libinit$$0000001D)
    .ARM.Collect$$libinit$$0000001F          0x08000162   Section        0  libinit2.o(.ARM.Collect$$libinit$$0000001F)
    .ARM.Collect$$libinit$$00000021          0x08000162   Section        0  libinit2.o(.ARM.Collect$$libinit$$00000021)
    .ARM.Collect$$libinit$$00000023          0x08000162   Section        0  libinit2.o(.ARM.Collect$$libinit$$00000023)
    .ARM.Collect$$libinit$$00000025          0x08000162   Section        0  libinit2.o(.ARM.Collect$$libinit$$00000025)
    .ARM.Collect$$libinit$$0000002C          0x08000162   Section        0  libinit2.o(.ARM.Collect$$libinit$$0000002C)
    .ARM.Collect$$libinit$$0000002E          0x08000162   Section        0  libinit2.o(.ARM.Collect$$libinit$$0000002E)
    .ARM.Collect$$libinit$$00000030          0x08000162   Section        0  libinit2.o(.ARM.Collect$$libinit$$00000030)
    .ARM.Collect$$libinit$$00000032          0x08000162   Section        0  libinit2.o(.ARM.Collect$$libinit$$00000032)
    .ARM.Collect$$libinit$$00000033          0x08000162   Section        2  libinit2.o(.ARM.Collect$$libinit$$00000033)
    .ARM.Collect$$libshutdown$$00000000      0x08000164   Section        2  libshutdown.o(.ARM.Collect$$libshutdown$$00000000)
    .ARM.Collect$$libshutdown$$00000003      0x08000166   Section        0  libshutdown2.o(.ARM.Collect$$libshutdown$$00000003)
    .ARM.Collect$$libshutdown$$00000006      0x08000166   Section        0  libshutdown2.o(.ARM.Collect$$libshutdown$$00000006)
    .ARM.Collect$$libshutdown$$00000009      0x08000166   Section        0  libshutdown2.o(.ARM.Collect$$libshutdown$$00000009)
    .ARM.Collect$$libshutdown$$0000000B      0x08000166   Section        0  libshutdown2.o(.ARM.Collect$$libshutdown$$0000000B)
    .ARM.Collect$$libshutdown$$0000000E      0x08000166   Section        0  libshutdown2.o(.ARM.Collect$$libshutdown$$0000000E)
    .ARM.Collect$$libshutdown$$0000000F      0x08000166   Section        2  libshutdown2.o(.ARM.Collect$$libshutdown$$0000000F)
    .ARM.Collect$$rtentry$$00000000          0x08000168   Section        0  __rtentry.o(.ARM.Collect$$rtentry$$00000000)
    .ARM.Collect$$rtentry$$00000002          0x08000168   Section        0  __rtentry2.o(.ARM.Collect$$rtentry$$00000002)
    .ARM.Collect$$rtentry$$00000004          0x08000168   Section        6  __rtentry4.o(.ARM.Collect$$rtentry$$00000004)
    .ARM.Collect$$rtentry$$00000009          0x0800016e   Section        0  __rtentry2.o(.ARM.Collect$$rtentry$$00000009)
    .ARM.Collect$$rtentry$$0000000A          0x0800016e   Section        4  __rtentry2.o(.ARM.Collect$$rtentry$$0000000A)
    .ARM.Collect$$rtentry$$0000000C          0x08000172   Section        0  __rtentry2.o(.ARM.Collect$$rtentry$$0000000C)
    .ARM.Collect$$rtentry$$0000000D          0x08000172   Section        8  __rtentry2.o(.ARM.Collect$$rtentry$$0000000D)
    .ARM.Collect$$rtexit$$00000000           0x0800017a   Section        2  rtexit.o(.ARM.Collect$$rtexit$$00000000)
    .ARM.Collect$$rtexit$$00000002           0x0800017c   Section        0  rtexit2.o(.ARM.Collect$$rtexit$$00000002)
    .ARM.Collect$$rtexit$$00000003           0x0800017c   Section        4  rtexit2.o(.ARM.Collect$$rtexit$$00000003)
    .ARM.Collect$$rtexit$$00000004           0x08000180   Section        6  rtexit2.o(.ARM.Collect$$rtexit$$00000004)
    .emb_text                                0x08000188   Section      150  port.o(.emb_text)
    .text                                    0x08000220   Section       64  startup_stm32f103xb.o(.text)
    .text                                    0x08000260   Section      138  rt_memcpy_v6.o(.text)
    .text                                    0x080002ea   Section      100  rt_memcpy_w.o(.text)
    .text                                    0x0800034e   Section       78  rt_memclr_w.o(.text)
    .text                                    0x0800039c   Section        0  heapauxi.o(.text)
    .text                                    0x080003a2   Section       74  sys_stackheap_outer.o(.text)
    .text                                    0x080003ec   Section        0  exit.o(.text)
    .text                                    0x080003f8   Section        8  libspace.o(.text)
    .text                                    0x08000400   Section        0  sys_exit.o(.text)
    .text                                    0x0800040c   Section        2  use_no_semi.o(.text)
    .text                                    0x0800040e   Section        0  indicate_semi.o(.text)
    i.BSP_LED_Init                           0x08000410   Section        0  led.o(i.BSP_LED_Init)
    i.BSP_LED_Toggle                         0x0800046c   Section        0  led.o(i.BSP_LED_Toggle)
    i.BSP_UART_IRQHandler                    0x08000480   Section        0  uart.o(i.BSP_UART_IRQHandler)
    i.BSP_UART_Init                          0x080004cc   Section        0  uart.o(i.BSP_UART_Init)
    i.BSP_UART_IsFrameReady                  0x080005b0   Section        0  uart.o(i.BSP_UART_IsFrameReady)
    i.BSP_UART_ReadFrame                     0x080005bc   Section        0  uart.o(i.BSP_UART_ReadFrame)
    i.BSP_UART_Send                          0x08000610   Section        0  uart.o(i.BSP_UART_Send)
    i.BusFault_Handler                       0x0800067c   Section        0  stm32f1xx_it.o(i.BusFault_Handler)
    i.CalcCRC16                              0x08000680   Section        0  modbus.o(i.CalcCRC16)
    CalcCRC16                                0x08000681   Thumb Code    58  modbus.o(i.CalcCRC16)
    i.DebugMon_Handler                       0x080006ba   Section        0  stm32f1xx_it.o(i.DebugMon_Handler)
    i.Error_Handler                          0x080006bc   Section        0  main.o(i.Error_Handler)
    i.HAL_DMA_Abort                          0x080006c2   Section        0  stm32f1xx_hal_dma.o(i.HAL_DMA_Abort)
    i.HAL_DMA_Abort_IT                       0x08000718   Section        0  stm32f1xx_hal_dma.o(i.HAL_DMA_Abort_IT)
    i.HAL_GPIO_Init                          0x080007c8   Section        0  stm32f1xx_hal_gpio.o(i.HAL_GPIO_Init)
    i.HAL_GPIO_TogglePin                     0x08000ae8   Section        0  stm32f1xx_hal_gpio.o(i.HAL_GPIO_TogglePin)
    i.HAL_GPIO_WritePin                      0x08000afc   Section        0  stm32f1xx_hal_gpio.o(i.HAL_GPIO_WritePin)
    i.HAL_GetTick                            0x08000b08   Section        0  stm32f1xx_hal.o(i.HAL_GetTick)
    i.HAL_IncTick                            0x08000b14   Section        0  stm32f1xx_hal.o(i.HAL_IncTick)
    i.HAL_Init                               0x08000b2c   Section        0  stm32f1xx_hal.o(i.HAL_Init)
    i.HAL_InitTick                           0x08000b54   Section        0  stm32f1xx_hal.o(i.HAL_InitTick)
    i.HAL_MspInit                            0x08000ba0   Section        0  stm32f1xx_hal_msp.o(i.HAL_MspInit)
    i.HAL_NVIC_EnableIRQ                     0x08000be8   Section        0  stm32f1xx_hal_cortex.o(i.HAL_NVIC_EnableIRQ)
    i.HAL_NVIC_SetPriority                   0x08000c08   Section        0  stm32f1xx_hal_cortex.o(i.HAL_NVIC_SetPriority)
    i.HAL_NVIC_SetPriorityGrouping           0x08000c84   Section        0  stm32f1xx_hal_cortex.o(i.HAL_NVIC_SetPriorityGrouping)
    i.HAL_RCC_ClockConfig                    0x08000cac   Section        0  stm32f1xx_hal_rcc.o(i.HAL_RCC_ClockConfig)
    i.HAL_RCC_GetHCLKFreq                    0x08000e38   Section        0  stm32f1xx_hal_rcc.o(i.HAL_RCC_GetHCLKFreq)
    i.HAL_RCC_GetPCLK1Freq                   0x08000e44   Section        0  stm32f1xx_hal_rcc.o(i.HAL_RCC_GetPCLK1Freq)
    i.HAL_RCC_GetPCLK2Freq                   0x08000e64   Section        0  stm32f1xx_hal_rcc.o(i.HAL_RCC_GetPCLK2Freq)
    i.HAL_RCC_GetSysClockFreq                0x08000e84   Section        0  stm32f1xx_hal_rcc.o(i.HAL_RCC_GetSysClockFreq)
    i.HAL_RCC_OscConfig                      0x08000ef4   Section        0  stm32f1xx_hal_rcc.o(i.HAL_RCC_OscConfig)
    i.HAL_SYSTICK_Config                     0x08001358   Section        0  stm32f1xx_hal_cortex.o(i.HAL_SYSTICK_Config)
    i.HAL_UARTEx_RxEventCallback             0x0800138c   Section        0  stm32f1xx_hal_uart.o(i.HAL_UARTEx_RxEventCallback)
    i.HAL_UART_ErrorCallback                 0x0800138e   Section        0  stm32f1xx_hal_uart.o(i.HAL_UART_ErrorCallback)
    i.HAL_UART_IRQHandler                    0x08001390   Section        0  stm32f1xx_hal_uart.o(i.HAL_UART_IRQHandler)
    i.HAL_UART_Init                          0x08001674   Section        0  stm32f1xx_hal_uart.o(i.HAL_UART_Init)
    i.HAL_UART_MspInit                       0x080016ea   Section        0  stm32f1xx_hal_uart.o(i.HAL_UART_MspInit)
    i.HAL_UART_Receive_IT                    0x080016ec   Section        0  stm32f1xx_hal_uart.o(i.HAL_UART_Receive_IT)
    i.HAL_UART_RxCpltCallback                0x08001718   Section        0  uart.o(i.HAL_UART_RxCpltCallback)
    i.HAL_UART_Transmit                      0x08001768   Section        0  stm32f1xx_hal_uart.o(i.HAL_UART_Transmit)
    i.HAL_UART_TxCpltCallback                0x08001826   Section        0  stm32f1xx_hal_uart.o(i.HAL_UART_TxCpltCallback)
    i.HardFault_Handler                      0x08001828   Section        0  stm32f1xx_it.o(i.HardFault_Handler)
    i.MemManage_Handler                      0x0800182c   Section        0  stm32f1xx_it.o(i.MemManage_Handler)
    i.Modbus_Init                            0x08001830   Section        0  modbus.o(i.Modbus_Init)
    i.Modbus_Process                         0x08001858   Section        0  modbus.o(i.Modbus_Process)
    i.NMI_Handler                            0x08001998   Section        0  stm32f1xx_it.o(i.NMI_Handler)
    i.RCC_Delay                              0x0800199c   Section        0  stm32f1xx_hal_rcc.o(i.RCC_Delay)
    RCC_Delay                                0x0800199d   Thumb Code    36  stm32f1xx_hal_rcc.o(i.RCC_Delay)
    i.Start_LED_Task                         0x080019c4   Section        0  led_task.o(i.Start_LED_Task)
    i.Start_UART_Task                        0x080019d4   Section        0  uart_task.o(i.Start_UART_Task)
    i.SysTick_Handler                        0x080019e2   Section        0  stm32f1xx_it.o(i.SysTick_Handler)
    i.SystemClock_Config                     0x080019f6   Section        0  main.o(i.SystemClock_Config)
    i.SystemInit                             0x08001a5c   Section        0  system_stm32f1xx.o(i.SystemInit)
    i.System_Ctrl_Init                       0x08001a60   Section        0  system_ctrl.o(i.System_Ctrl_Init)
    i.UART_DMAAbortOnError                   0x08001a6c   Section        0  stm32f1xx_hal_uart.o(i.UART_DMAAbortOnError)
    UART_DMAAbortOnError                     0x08001a6d   Thumb Code    20  stm32f1xx_hal_uart.o(i.UART_DMAAbortOnError)
    i.UART_EndRxTransfer                     0x08001a80   Section        0  stm32f1xx_hal_uart.o(i.UART_EndRxTransfer)
    UART_EndRxTransfer                       0x08001a81   Thumb Code   108  stm32f1xx_hal_uart.o(i.UART_EndRxTransfer)
    i.UART_EndTransmit_IT                    0x08001aec   Section        0  stm32f1xx_hal_uart.o(i.UART_EndTransmit_IT)
    UART_EndTransmit_IT                      0x08001aed   Thumb Code    32  stm32f1xx_hal_uart.o(i.UART_EndTransmit_IT)
    i.UART_EnsureMutex                       0x08001b0c   Section        0  uart.o(i.UART_EnsureMutex)
    UART_EnsureMutex                         0x08001b0d   Thumb Code    36  uart.o(i.UART_EnsureMutex)
    i.UART_Receive_IT                        0x08001b34   Section        0  stm32f1xx_hal_uart.o(i.UART_Receive_IT)
    UART_Receive_IT                          0x08001b35   Thumb Code   252  stm32f1xx_hal_uart.o(i.UART_Receive_IT)
    i.UART_SetConfig                         0x08001c30   Section        0  stm32f1xx_hal_uart.o(i.UART_SetConfig)
    UART_SetConfig                           0x08001c31   Thumb Code   248  stm32f1xx_hal_uart.o(i.UART_SetConfig)
    i.UART_Start_Receive_IT                  0x08001d2c   Section        0  stm32f1xx_hal_uart.o(i.UART_Start_Receive_IT)
    i.UART_Transmit_IT                       0x08001d6c   Section        0  stm32f1xx_hal_uart.o(i.UART_Transmit_IT)
    UART_Transmit_IT                         0x08001d6d   Thumb Code    96  stm32f1xx_hal_uart.o(i.UART_Transmit_IT)
    i.UART_WaitOnFlagUntilTimeout            0x08001dcc   Section        0  stm32f1xx_hal_uart.o(i.UART_WaitOnFlagUntilTimeout)
    UART_WaitOnFlagUntilTimeout              0x08001dcd   Thumb Code   140  stm32f1xx_hal_uart.o(i.UART_WaitOnFlagUntilTimeout)
    i.USART1_IRQHandler                      0x08001e58   Section        0  stm32f1xx_it.o(i.USART1_IRQHandler)
    i.UsageFault_Handler                     0x08001e60   Section        0  stm32f1xx_it.o(i.UsageFault_Handler)
    i.__NVIC_GetPriorityGrouping             0x08001e64   Section        0  stm32f1xx_hal_cortex.o(i.__NVIC_GetPriorityGrouping)
    __NVIC_GetPriorityGrouping               0x08001e65   Thumb Code    10  stm32f1xx_hal_cortex.o(i.__NVIC_GetPriorityGrouping)
    i.__NVIC_SetPriority                     0x08001e74   Section        0  stm32f1xx_hal_cortex.o(i.__NVIC_SetPriority)
    __NVIC_SetPriority                       0x08001e75   Thumb Code    32  stm32f1xx_hal_cortex.o(i.__NVIC_SetPriority)
    i.inHandlerMode                          0x08001e9c   Section        0  cmsis_os.o(i.inHandlerMode)
    inHandlerMode                            0x08001e9d   Thumb Code    16  cmsis_os.o(i.inHandlerMode)
    i.main                                   0x08001eac   Section        0  main.o(i.main)
    i.makeFreeRtosPriority                   0x08001f08   Section        0  cmsis_os.o(i.makeFreeRtosPriority)
    makeFreeRtosPriority                     0x08001f09   Thumb Code    14  cmsis_os.o(i.makeFreeRtosPriority)
    i.osDelay                                0x08001f16   Section        0  cmsis_os.o(i.osDelay)
    i.osKernelStart                          0x08001f2e   Section        0  cmsis_os.o(i.osKernelStart)
    i.osMutexCreate                          0x08001f38   Section        0  cmsis_os.o(i.osMutexCreate)
    i.osMutexRelease                         0x08001f54   Section        0  cmsis_os.o(i.osMutexRelease)
    i.osMutexWait                            0x08001fa4   Section        0  cmsis_os.o(i.osMutexWait)
    i.osThreadCreate                         0x0800200c   Section        0  cmsis_os.o(i.osThreadCreate)
    i.prvAddCurrentTaskToDelayedList         0x0800206c   Section        0  tasks.o(i.prvAddCurrentTaskToDelayedList)
    prvAddCurrentTaskToDelayedList           0x0800206d   Thumb Code   124  tasks.o(i.prvAddCurrentTaskToDelayedList)
    i.prvAddNewTaskToReadyList               0x08002104   Section        0  tasks.o(i.prvAddNewTaskToReadyList)
    prvAddNewTaskToReadyList                 0x08002105   Thumb Code   150  tasks.o(i.prvAddNewTaskToReadyList)
    i.prvCheckTasksWaitingTermination        0x080021b8   Section        0  tasks.o(i.prvCheckTasksWaitingTermination)
    prvCheckTasksWaitingTermination          0x080021b9   Thumb Code    60  tasks.o(i.prvCheckTasksWaitingTermination)
    i.prvCopyDataFromQueue                   0x08002200   Section        0  queue.o(i.prvCopyDataFromQueue)
    prvCopyDataFromQueue                     0x08002201   Thumb Code    42  queue.o(i.prvCopyDataFromQueue)
    i.prvCopyDataToQueue                     0x0800222a   Section        0  queue.o(i.prvCopyDataToQueue)
    prvCopyDataToQueue                       0x0800222b   Thumb Code   126  queue.o(i.prvCopyDataToQueue)
    i.prvDeleteTCB                           0x080022a8   Section        0  tasks.o(i.prvDeleteTCB)
    prvDeleteTCB                             0x080022a9   Thumb Code    80  tasks.o(i.prvDeleteTCB)
    i.prvGetDisinheritPriorityAfterTimeout   0x080022f8   Section        0  queue.o(i.prvGetDisinheritPriorityAfterTimeout)
    prvGetDisinheritPriorityAfterTimeout     0x080022f9   Thumb Code    20  queue.o(i.prvGetDisinheritPriorityAfterTimeout)
    i.prvHeapInit                            0x0800230c   Section        0  heap_4.o(i.prvHeapInit)
    prvHeapInit                              0x0800230d   Thumb Code    98  heap_4.o(i.prvHeapInit)
    i.prvIdleTask                            0x08002388   Section        0  tasks.o(i.prvIdleTask)
    prvIdleTask                              0x08002389   Thumb Code    32  tasks.o(i.prvIdleTask)
    i.prvInitialiseMutex                     0x080023b0   Section        0  queue.o(i.prvInitialiseMutex)
    prvInitialiseMutex                       0x080023b1   Thumb Code    30  queue.o(i.prvInitialiseMutex)
    i.prvInitialiseNewQueue                  0x080023ce   Section        0  queue.o(i.prvInitialiseNewQueue)
    prvInitialiseNewQueue                    0x080023cf   Thumb Code    38  queue.o(i.prvInitialiseNewQueue)
    i.prvInitialiseNewTask                   0x080023f4   Section        0  tasks.o(i.prvInitialiseNewTask)
    prvInitialiseNewTask                     0x080023f5   Thumb Code   180  tasks.o(i.prvInitialiseNewTask)
    i.prvInitialiseTaskLists                 0x080024a8   Section        0  tasks.o(i.prvInitialiseTaskLists)
    prvInitialiseTaskLists                   0x080024a9   Thumb Code    70  tasks.o(i.prvInitialiseTaskLists)
    i.prvInsertBlockIntoFreeList             0x08002510   Section        0  heap_4.o(i.prvInsertBlockIntoFreeList)
    prvInsertBlockIntoFreeList               0x08002511   Thumb Code    96  heap_4.o(i.prvInsertBlockIntoFreeList)
    i.prvIsQueueEmpty                        0x08002578   Section        0  queue.o(i.prvIsQueueEmpty)
    prvIsQueueEmpty                          0x08002579   Thumb Code    26  queue.o(i.prvIsQueueEmpty)
    i.prvIsQueueFull                         0x08002592   Section        0  queue.o(i.prvIsQueueFull)
    prvIsQueueFull                           0x08002593   Thumb Code    30  queue.o(i.prvIsQueueFull)
    i.prvResetNextTaskUnblockTime            0x080025b0   Section        0  tasks.o(i.prvResetNextTaskUnblockTime)
    prvResetNextTaskUnblockTime              0x080025b1   Thumb Code    42  tasks.o(i.prvResetNextTaskUnblockTime)
    i.prvTaskExitError                       0x080025e4   Section        0  port.o(i.prvTaskExitError)
    prvTaskExitError                         0x080025e5   Thumb Code    60  port.o(i.prvTaskExitError)
    i.prvUnlockQueue                         0x08002624   Section        0  queue.o(i.prvUnlockQueue)
    prvUnlockQueue                           0x08002625   Thumb Code   126  queue.o(i.prvUnlockQueue)
    i.pvPortMalloc                           0x080026a4   Section        0  heap_4.o(i.pvPortMalloc)
    i.pvTaskIncrementMutexHeldCount          0x080027f0   Section        0  tasks.o(i.pvTaskIncrementMutexHeldCount)
    i.pxPortInitialiseStack                  0x08002810   Section        0  port.o(i.pxPortInitialiseStack)
    i.uxListRemove                           0x08002834   Section        0  list.o(i.uxListRemove)
    i.vApplicationGetIdleTaskMemory          0x0800285c   Section        0  freertos.o(i.vApplicationGetIdleTaskMemory)
    i.vListInitialise                        0x08002874   Section        0  list.o(i.vListInitialise)
    i.vListInitialiseItem                    0x0800288e   Section        0  list.o(i.vListInitialiseItem)
    i.vListInsert                            0x08002894   Section        0  list.o(i.vListInsert)
    i.vListInsertEnd                         0x080028c8   Section        0  list.o(i.vListInsertEnd)
    i.vPortEnterCritical                     0x080028e0   Section        0  port.o(i.vPortEnterCritical)
    i.vPortExitCritical                      0x08002934   Section        0  port.o(i.vPortExitCritical)
    i.vPortFree                              0x08002970   Section        0  heap_4.o(i.vPortFree)
    i.vPortSetupTimerInterrupt               0x08002a14   Section        0  port.o(i.vPortSetupTimerInterrupt)
    i.vPortValidateInterruptPriority         0x08002a3c   Section        0  port.o(i.vPortValidateInterruptPriority)
    i.vTaskDelay                             0x08002ab4   Section        0  tasks.o(i.vTaskDelay)
    i.vTaskInternalSetTimeOutState           0x08002b10   Section        0  tasks.o(i.vTaskInternalSetTimeOutState)
    i.vTaskMissedYield                       0x08002b28   Section        0  tasks.o(i.vTaskMissedYield)
    i.vTaskPlaceOnEventList                  0x08002b34   Section        0  tasks.o(i.vTaskPlaceOnEventList)
    i.vTaskPriorityDisinheritAfterTimeout    0x08002b6c   Section        0  tasks.o(i.vTaskPriorityDisinheritAfterTimeout)
    i.vTaskStartScheduler                    0x08002c50   Section        0  tasks.o(i.vTaskStartScheduler)
    i.vTaskSuspendAll                        0x08002d00   Section        0  tasks.o(i.vTaskSuspendAll)
    i.vTaskSwitchContext                     0x08002d10   Section        0  tasks.o(i.vTaskSwitchContext)
    i.xPortStartScheduler                    0x08002d9c   Section        0  port.o(i.xPortStartScheduler)
    i.xPortSysTickHandler                    0x08002e94   Section        0  port.o(i.xPortSysTickHandler)
    i.xQueueCreateMutex                      0x08002ec8   Section        0  queue.o(i.xQueueCreateMutex)
    i.xQueueCreateMutexStatic                0x08002eea   Section        0  queue.o(i.xQueueCreateMutexStatic)
    i.xQueueGenericCreate                    0x08002f14   Section        0  queue.o(i.xQueueGenericCreate)
    i.xQueueGenericCreateStatic              0x08002f6e   Section        0  queue.o(i.xQueueGenericCreateStatic)
    i.xQueueGenericReset                     0x08003050   Section        0  queue.o(i.xQueueGenericReset)
    i.xQueueGenericSend                      0x080030e8   Section        0  queue.o(i.xQueueGenericSend)
    i.xQueueGiveFromISR                      0x08003290   Section        0  queue.o(i.xQueueGiveFromISR)
    i.xQueueReceiveFromISR                   0x08003370   Section        0  queue.o(i.xQueueReceiveFromISR)
    i.xQueueSemaphoreTake                    0x0800343c   Section        0  queue.o(i.xQueueSemaphoreTake)
    i.xTaskCheckForTimeOut                   0x080035f4   Section        0  tasks.o(i.xTaskCheckForTimeOut)
    i.xTaskCreate                            0x08003680   Section        0  tasks.o(i.xTaskCreate)
    i.xTaskCreateStatic                      0x080036e4   Section        0  tasks.o(i.xTaskCreateStatic)
    i.xTaskGetSchedulerState                 0x080037a0   Section        0  tasks.o(i.xTaskGetSchedulerState)
    i.xTaskIncrementTick                     0x080037c0   Section        0  tasks.o(i.xTaskIncrementTick)
    i.xTaskPriorityDisinherit                0x08003908   Section        0  tasks.o(i.xTaskPriorityDisinherit)
    i.xTaskPriorityInherit                   0x080039d0   Section        0  tasks.o(i.xTaskPriorityInherit)
    i.xTaskRemoveFromEventList               0x08003a88   Section        0  tasks.o(i.xTaskRemoveFromEventList)
    i.xTaskResumeAll                         0x08003b20   Section        0  tasks.o(i.xTaskResumeAll)
    .constdata                               0x08003c24   Section       56  main.o(.constdata)
    .constdata                               0x08003c5c   Section       18  stm32f1xx_hal_rcc.o(.constdata)
    aPLLMULFactorTable                       0x08003c5c   Data          16  stm32f1xx_hal_rcc.o(.constdata)
    aPredivFactorTable                       0x08003c6c   Data           2  stm32f1xx_hal_rcc.o(.constdata)
    .constdata                               0x08003c6e   Section       24  system_stm32f1xx.o(.constdata)
    .conststring                             0x08003c88   Section       22  main.o(.conststring)
    .data                                    0x20000000   Section        8  main.o(.data)
    .data                                    0x20000008   Section        9  stm32f1xx_hal.o(.data)
    .data                                    0x20000014   Section        4  system_stm32f1xx.o(.data)
    .data                                    0x20000018   Section       60  tasks.o(.data)
    pxDelayedTaskList                        0x2000001c   Data           4  tasks.o(.data)
    pxOverflowDelayedTaskList                0x20000020   Data           4  tasks.o(.data)
    uxDeletedTasksWaitingCleanUp             0x20000024   Data           4  tasks.o(.data)
    uxCurrentNumberOfTasks                   0x20000028   Data           4  tasks.o(.data)
    xTickCount                               0x2000002c   Data           4  tasks.o(.data)
    uxTopReadyPriority                       0x20000030   Data           4  tasks.o(.data)
    xSchedulerRunning                        0x20000034   Data           4  tasks.o(.data)
    xPendedTicks                             0x20000038   Data           4  tasks.o(.data)
    xYieldPending                            0x2000003c   Data           4  tasks.o(.data)
    xNumOfOverflows                          0x20000040   Data           4  tasks.o(.data)
    uxTaskNumber                             0x20000044   Data           4  tasks.o(.data)
    xNextTaskUnblockTime                     0x20000048   Data           4  tasks.o(.data)
    xIdleTaskHandle                          0x2000004c   Data           4  tasks.o(.data)
    uxSchedulerSuspended                     0x20000050   Data           4  tasks.o(.data)
    .data                                    0x20000054   Section       32  heap_4.o(.data)
    xStart                                   0x20000054   Data           8  heap_4.o(.data)
    pxEnd                                    0x2000005c   Data           4  heap_4.o(.data)
    xFreeBytesRemaining                      0x20000060   Data           4  heap_4.o(.data)
    xMinimumEverFreeBytesRemaining           0x20000064   Data           4  heap_4.o(.data)
    xNumberOfSuccessfulAllocations           0x20000068   Data           4  heap_4.o(.data)
    xNumberOfSuccessfulFrees                 0x2000006c   Data           4  heap_4.o(.data)
    xBlockAllocatedBit                       0x20000070   Data           4  heap_4.o(.data)
    .data                                    0x20000074   Section       12  port.o(.data)
    uxCriticalNesting                        0x20000074   Data           4  port.o(.data)
    ucMaxSysCallPriority                     0x20000078   Data           1  port.o(.data)
    ulMaxPRIGROUPValue                       0x2000007c   Data           4  port.o(.data)
    .data                                    0x20000080   Section        1  system_ctrl.o(.data)
    current_state                            0x20000080   Data           1  system_ctrl.o(.data)
    .data                                    0x20000084   Section        8  uart.o(.data)
    rx_count                                 0x20000084   Data           2  uart.o(.data)
    frame_ready                              0x20000086   Data           1  uart.o(.data)
    uart_mutex                               0x20000088   Data           4  uart.o(.data)
    .bss                                     0x2000008c   Section      596  freertos.o(.bss)
    xIdleTaskTCBBuffer                       0x2000008c   Data          84  freertos.o(.bss)
    xIdleStack                               0x200000e0   Data         512  freertos.o(.bss)
    .bss                                     0x200002e0   Section      240  tasks.o(.bss)
    pxReadyTasksLists                        0x200002e0   Data         140  tasks.o(.bss)
    xDelayedTaskList1                        0x2000036c   Data          20  tasks.o(.bss)
    xDelayedTaskList2                        0x20000380   Data          20  tasks.o(.bss)
    xPendingReadyList                        0x20000394   Data          20  tasks.o(.bss)
    xTasksWaitingTermination                 0x200003a8   Data          20  tasks.o(.bss)
    xSuspendedTaskList                       0x200003bc   Data          20  tasks.o(.bss)
    .bss                                     0x200003d0   Section    10240  heap_4.o(.bss)
    ucHeap                                   0x200003d0   Data       10240  heap_4.o(.bss)
    .bss                                     0x20002bd0   Section       20  modbus.o(.bss)
    holding_regs                             0x20002bd0   Data          20  modbus.o(.bss)
    .bss                                     0x20002be4   Section      200  uart.o(.bss)
    huart1                                   0x20002be4   Data          72  uart.o(.bss)
    rx_buffer                                0x20002c2c   Data         128  uart.o(.bss)
    .bss                                     0x20002cac   Section       96  libspace.o(.bss)
    HEAP                                     0x20002d10   Section     1024  startup_stm32f103xb.o(HEAP)
    Heap_Mem                                 0x20002d10   Data        1024  startup_stm32f103xb.o(HEAP)
    STACK                                    0x20003110   Section     1024  startup_stm32f103xb.o(STACK)
    Stack_Mem                                0x20003110   Data        1024  startup_stm32f103xb.o(STACK)
    __initial_sp                             0x20003510   Data           0  startup_stm32f103xb.o(STACK)

    Global Symbols

    Symbol Name                              Value     Ov Type        Size  Object(Section)

    BuildAttributes$$THM_ISAv4$P$D$K$B$S$PE$A:L22UL41UL21$X:L11$S22US41US21$IEEE1$IW$USESV6$~STKCKD$USESV7$~SHL$OSPACE$ROPI$EBA8$UX$STANDARDLIB$REQ8$PRES8$EABIv2 0x00000000   Number         0  anon$$obj.o ABSOLUTE
    __ARM_use_no_argv                        0x00000000   Number         0  main.o ABSOLUTE
    __ARM_exceptions_init                     - Undefined Weak Reference
    __alloca_initialize                       - Undefined Weak Reference
    __arm_preinit_                            - Undefined Weak Reference
    __cpp_initialize__aeabi_                  - Undefined Weak Reference
    __cxa_finalize                            - Undefined Weak Reference
    __rt_locale                               - Undefined Weak Reference
    __sigvec_lookup                           - Undefined Weak Reference
    _atexit_init                              - Undefined Weak Reference
    _call_atexit_fns                          - Undefined Weak Reference
    _clock_init                               - Undefined Weak Reference
    _fp_trap_init                             - Undefined Weak Reference
    _fp_trap_shutdown                         - Undefined Weak Reference
    _get_lc_collate                           - Undefined Weak Reference
    _get_lc_ctype                             - Undefined Weak Reference
    _get_lc_monetary                          - Undefined Weak Reference
    _get_lc_numeric                           - Undefined Weak Reference
    _get_lc_time                              - Undefined Weak Reference
    _getenv_init                              - Undefined Weak Reference
    _handle_redirection                       - Undefined Weak Reference
    _init_alloc                               - Undefined Weak Reference
    _init_user_alloc                          - Undefined Weak Reference
    _initio                                   - Undefined Weak Reference
    _rand_init                                - Undefined Weak Reference
    _signal_finish                            - Undefined Weak Reference
    _signal_init                              - Undefined Weak Reference
    _terminate_alloc                          - Undefined Weak Reference
    _terminate_user_alloc                     - Undefined Weak Reference
    _terminateio                              - Undefined Weak Reference
    __Vectors_Size                           0x000000ec   Number         0  startup_stm32f103xb.o ABSOLUTE
    __Vectors                                0x08000000   Data           4  startup_stm32f103xb.o(RESET)
    __Vectors_End                            0x080000ec   Data           0  startup_stm32f103xb.o(RESET)
    __main                                   0x080000ed   Thumb Code     8  __main.o(!!!main)
    __scatterload                            0x080000f5   Thumb Code     0  __scatter.o(!!!scatter)
    __scatterload_rt2                        0x080000f5   Thumb Code    44  __scatter.o(!!!scatter)
    __scatterload_rt2_thumb_only             0x080000f5   Thumb Code     0  __scatter.o(!!!scatter)
    __scatterload_null                       0x08000103   Thumb Code     0  __scatter.o(!!!scatter)
    __scatterload_copy                       0x08000129   Thumb Code    26  __scatter_copy.o(!!handler_copy)
    __scatterload_zeroinit                   0x08000145   Thumb Code    28  __scatter_zi.o(!!handler_zi)
    __rt_lib_init                            0x08000161   Thumb Code     0  libinit.o(.ARM.Collect$$libinit$$00000000)
    __rt_lib_init_alloca_1                   0x08000163   Thumb Code     0  libinit2.o(.ARM.Collect$$libinit$$0000002E)
    __rt_lib_init_argv_1                     0x08000163   Thumb Code     0  libinit2.o(.ARM.Collect$$libinit$$0000002C)
    __rt_lib_init_atexit_1                   0x08000163   Thumb Code     0  libinit2.o(.ARM.Collect$$libinit$$0000001B)
    __rt_lib_init_clock_1                    0x08000163   Thumb Code     0  libinit2.o(.ARM.Collect$$libinit$$00000021)
    __rt_lib_init_cpp_1                      0x08000163   Thumb Code     0  libinit2.o(.ARM.Collect$$libinit$$00000032)
    __rt_lib_init_exceptions_1               0x08000163   Thumb Code     0  libinit2.o(.ARM.Collect$$libinit$$00000030)
    __rt_lib_init_fp_1                       0x08000163   Thumb Code     0  libinit2.o(.ARM.Collect$$libinit$$00000002)
    __rt_lib_init_fp_trap_1                  0x08000163   Thumb Code     0  libinit2.o(.ARM.Collect$$libinit$$0000001F)
    __rt_lib_init_getenv_1                   0x08000163   Thumb Code     0  libinit2.o(.ARM.Collect$$libinit$$00000023)
    __rt_lib_init_heap_1                     0x08000163   Thumb Code     0  libinit2.o(.ARM.Collect$$libinit$$0000000A)
    __rt_lib_init_lc_collate_1               0x08000163   Thumb Code     0  libinit2.o(.ARM.Collect$$libinit$$00000011)
    __rt_lib_init_lc_ctype_1                 0x08000163   Thumb Code     0  libinit2.o(.ARM.Collect$$libinit$$00000013)
    __rt_lib_init_lc_monetary_1              0x08000163   Thumb Code     0  libinit2.o(.ARM.Collect$$libinit$$00000015)
    __rt_lib_init_lc_numeric_1               0x08000163   Thumb Code     0  libinit2.o(.ARM.Collect$$libinit$$00000017)
    __rt_lib_init_lc_time_1                  0x08000163   Thumb Code     0  libinit2.o(.ARM.Collect$$libinit$$00000019)
    __rt_lib_init_preinit_1                  0x08000163   Thumb Code     0  libinit2.o(.ARM.Collect$$libinit$$00000004)
    __rt_lib_init_rand_1                     0x08000163   Thumb Code     0  libinit2.o(.ARM.Collect$$libinit$$0000000E)
    __rt_lib_init_return                     0x08000163   Thumb Code     0  libinit2.o(.ARM.Collect$$libinit$$00000033)
    __rt_lib_init_signal_1                   0x08000163   Thumb Code     0  libinit2.o(.ARM.Collect$$libinit$$0000001D)
    __rt_lib_init_stdio_1                    0x08000163   Thumb Code     0  libinit2.o(.ARM.Collect$$libinit$$00000025)
    __rt_lib_init_user_alloc_1               0x08000163   Thumb Code     0  libinit2.o(.ARM.Collect$$libinit$$0000000C)
    __rt_lib_shutdown                        0x08000165   Thumb Code     0  libshutdown.o(.ARM.Collect$$libshutdown$$00000000)
    __rt_lib_shutdown_fp_trap_1              0x08000167   Thumb Code     0  libshutdown2.o(.ARM.Collect$$libshutdown$$00000006)
    __rt_lib_shutdown_heap_1                 0x08000167   Thumb Code     0  libshutdown2.o(.ARM.Collect$$libshutdown$$0000000E)
    __rt_lib_shutdown_return                 0x08000167   Thumb Code     0  libshutdown2.o(.ARM.Collect$$libshutdown$$0000000F)
    __rt_lib_shutdown_signal_1               0x08000167   Thumb Code     0  libshutdown2.o(.ARM.Collect$$libshutdown$$00000009)
    __rt_lib_shutdown_stdio_1                0x08000167   Thumb Code     0  libshutdown2.o(.ARM.Collect$$libshutdown$$00000003)
    __rt_lib_shutdown_user_alloc_1           0x08000167   Thumb Code     0  libshutdown2.o(.ARM.Collect$$libshutdown$$0000000B)
    __rt_entry                               0x08000169   Thumb Code     0  __rtentry.o(.ARM.Collect$$rtentry$$00000000)
    __rt_entry_presh_1                       0x08000169   Thumb Code     0  __rtentry2.o(.ARM.Collect$$rtentry$$00000002)
    __rt_entry_sh                            0x08000169   Thumb Code     0  __rtentry4.o(.ARM.Collect$$rtentry$$00000004)
    __rt_entry_li                            0x0800016f   Thumb Code     0  __rtentry2.o(.ARM.Collect$$rtentry$$0000000A)
    __rt_entry_postsh_1                      0x0800016f   Thumb Code     0  __rtentry2.o(.ARM.Collect$$rtentry$$00000009)
    __rt_entry_main                          0x08000173   Thumb Code     0  __rtentry2.o(.ARM.Collect$$rtentry$$0000000D)
    __rt_entry_postli_1                      0x08000173   Thumb Code     0  __rtentry2.o(.ARM.Collect$$rtentry$$0000000C)
    __rt_exit                                0x0800017b   Thumb Code     0  rtexit.o(.ARM.Collect$$rtexit$$00000000)
    __rt_exit_ls                             0x0800017d   Thumb Code     0  rtexit2.o(.ARM.Collect$$rtexit$$00000003)
    __rt_exit_prels_1                        0x0800017d   Thumb Code     0  rtexit2.o(.ARM.Collect$$rtexit$$00000002)
    __rt_exit_exit                           0x08000181   Thumb Code     0  rtexit2.o(.ARM.Collect$$rtexit$$00000004)
    SVC_Handler                              0x08000189   Thumb Code    32  port.o(.emb_text)
    __asm___6_port_c_39a90d8d__prvStartFirstTask 0x080001ad   Thumb Code    28  port.o(.emb_text)
    PendSV_Handler                           0x080001cd   Thumb Code    72  port.o(.emb_text)
    vPortGetIPSR                             0x08000219   Thumb Code     6  port.o(.emb_text)
    Reset_Handler                            0x08000221   Thumb Code     8  startup_stm32f103xb.o(.text)
    ADC1_2_IRQHandler                        0x0800023b   Thumb Code     0  startup_stm32f103xb.o(.text)
    CAN1_RX1_IRQHandler                      0x0800023b   Thumb Code     0  startup_stm32f103xb.o(.text)
    CAN1_SCE_IRQHandler                      0x0800023b   Thumb Code     0  startup_stm32f103xb.o(.text)
    DMA1_Channel1_IRQHandler                 0x0800023b   Thumb Code     0  startup_stm32f103xb.o(.text)
    DMA1_Channel2_IRQHandler                 0x0800023b   Thumb Code     0  startup_stm32f103xb.o(.text)
    DMA1_Channel3_IRQHandler                 0x0800023b   Thumb Code     0  startup_stm32f103xb.o(.text)
    DMA1_Channel4_IRQHandler                 0x0800023b   Thumb Code     0  startup_stm32f103xb.o(.text)
    DMA1_Channel5_IRQHandler                 0x0800023b   Thumb Code     0  startup_stm32f103xb.o(.text)
    DMA1_Channel6_IRQHandler                 0x0800023b   Thumb Code     0  startup_stm32f103xb.o(.text)
    DMA1_Channel7_IRQHandler                 0x0800023b   Thumb Code     0  startup_stm32f103xb.o(.text)
    EXTI0_IRQHandler                         0x0800023b   Thumb Code     0  startup_stm32f103xb.o(.text)
    EXTI15_10_IRQHandler                     0x0800023b   Thumb Code     0  startup_stm32f103xb.o(.text)
    EXTI1_IRQHandler                         0x0800023b   Thumb Code     0  startup_stm32f103xb.o(.text)
    EXTI2_IRQHandler                         0x0800023b   Thumb Code     0  startup_stm32f103xb.o(.text)
    EXTI3_IRQHandler                         0x0800023b   Thumb Code     0  startup_stm32f103xb.o(.text)
    EXTI4_IRQHandler                         0x0800023b   Thumb Code     0  startup_stm32f103xb.o(.text)
    EXTI9_5_IRQHandler                       0x0800023b   Thumb Code     0  startup_stm32f103xb.o(.text)
    FLASH_IRQHandler                         0x0800023b   Thumb Code     0  startup_stm32f103xb.o(.text)
    I2C1_ER_IRQHandler                       0x0800023b   Thumb Code     0  startup_stm32f103xb.o(.text)
    I2C1_EV_IRQHandler                       0x0800023b   Thumb Code     0  startup_stm32f103xb.o(.text)
    I2C2_ER_IRQHandler                       0x0800023b   Thumb Code     0  startup_stm32f103xb.o(.text)
    I2C2_EV_IRQHandler                       0x0800023b   Thumb Code     0  startup_stm32f103xb.o(.text)
    PVD_IRQHandler                           0x0800023b   Thumb Code     0  startup_stm32f103xb.o(.text)
    RCC_IRQHandler                           0x0800023b   Thumb Code     0  startup_stm32f103xb.o(.text)
    RTC_Alarm_IRQHandler                     0x0800023b   Thumb Code     0  startup_stm32f103xb.o(.text)
    RTC_IRQHandler                           0x0800023b   Thumb Code     0  startup_stm32f103xb.o(.text)
    SPI1_IRQHandler                          0x0800023b   Thumb Code     0  startup_stm32f103xb.o(.text)
    SPI2_IRQHandler                          0x0800023b   Thumb Code     0  startup_stm32f103xb.o(.text)
    TAMPER_IRQHandler                        0x0800023b   Thumb Code     0  startup_stm32f103xb.o(.text)
    TIM1_BRK_IRQHandler                      0x0800023b   Thumb Code     0  startup_stm32f103xb.o(.text)
    TIM1_CC_IRQHandler                       0x0800023b   Thumb Code     0  startup_stm32f103xb.o(.text)
    TIM1_TRG_COM_IRQHandler                  0x0800023b   Thumb Code     0  startup_stm32f103xb.o(.text)
    TIM1_UP_IRQHandler                       0x0800023b   Thumb Code     0  startup_stm32f103xb.o(.text)
    TIM2_IRQHandler                          0x0800023b   Thumb Code     0  startup_stm32f103xb.o(.text)
    TIM3_IRQHandler                          0x0800023b   Thumb Code     0  startup_stm32f103xb.o(.text)
    TIM4_IRQHandler                          0x0800023b   Thumb Code     0  startup_stm32f103xb.o(.text)
    USART2_IRQHandler                        0x0800023b   Thumb Code     0  startup_stm32f103xb.o(.text)
    USART3_IRQHandler                        0x0800023b   Thumb Code     0  startup_stm32f103xb.o(.text)
    USBWakeUp_IRQHandler                     0x0800023b   Thumb Code     0  startup_stm32f103xb.o(.text)
    USB_HP_CAN1_TX_IRQHandler                0x0800023b   Thumb Code     0  startup_stm32f103xb.o(.text)
    USB_LP_CAN1_RX0_IRQHandler               0x0800023b   Thumb Code     0  startup_stm32f103xb.o(.text)
    WWDG_IRQHandler                          0x0800023b   Thumb Code     0  startup_stm32f103xb.o(.text)
    __user_initial_stackheap                 0x0800023d   Thumb Code     0  startup_stm32f103xb.o(.text)
    __aeabi_memcpy                           0x08000261   Thumb Code     0  rt_memcpy_v6.o(.text)
    __rt_memcpy                              0x08000261   Thumb Code   138  rt_memcpy_v6.o(.text)
    _memcpy_lastbytes                        0x080002c7   Thumb Code     0  rt_memcpy_v6.o(.text)
    __aeabi_memcpy4                          0x080002eb   Thumb Code     0  rt_memcpy_w.o(.text)
    __aeabi_memcpy8                          0x080002eb   Thumb Code     0  rt_memcpy_w.o(.text)
    __rt_memcpy_w                            0x080002eb   Thumb Code   100  rt_memcpy_w.o(.text)
    _memcpy_lastbytes_aligned                0x08000333   Thumb Code     0  rt_memcpy_w.o(.text)
    __aeabi_memclr4                          0x0800034f   Thumb Code     0  rt_memclr_w.o(.text)
    __aeabi_memclr8                          0x0800034f   Thumb Code     0  rt_memclr_w.o(.text)
    __rt_memclr_w                            0x0800034f   Thumb Code    78  rt_memclr_w.o(.text)
    _memset_w                                0x08000353   Thumb Code     0  rt_memclr_w.o(.text)
    __use_two_region_memory                  0x0800039d   Thumb Code     2  heapauxi.o(.text)
    __rt_heap_escrow$2region                 0x0800039f   Thumb Code     2  heapauxi.o(.text)
    __rt_heap_expand$2region                 0x080003a1   Thumb Code     2  heapauxi.o(.text)
    __user_setup_stackheap                   0x080003a3   Thumb Code    74  sys_stackheap_outer.o(.text)
    exit                                     0x080003ed   Thumb Code    12  exit.o(.text)
    __user_libspace                          0x080003f9   Thumb Code     8  libspace.o(.text)
    __user_perproc_libspace                  0x080003f9   Thumb Code     0  libspace.o(.text)
    __user_perthread_libspace                0x080003f9   Thumb Code     0  libspace.o(.text)
    _sys_exit                                0x08000401   Thumb Code     8  sys_exit.o(.text)
    __I$use$semihosting                      0x0800040d   Thumb Code     0  use_no_semi.o(.text)
    __use_no_semihosting_swi                 0x0800040d   Thumb Code     2  use_no_semi.o(.text)
    __semihosting_library_function           0x0800040f   Thumb Code     0  indicate_semi.o(.text)
    BSP_LED_Init                             0x08000411   Thumb Code    82  led.o(i.BSP_LED_Init)
    BSP_LED_Toggle                           0x0800046d   Thumb Code    14  led.o(i.BSP_LED_Toggle)
    BSP_UART_IRQHandler                      0x08000481   Thumb Code    62  uart.o(i.BSP_UART_IRQHandler)
    BSP_UART_Init                            0x080004cd   Thumb Code   206  uart.o(i.BSP_UART_Init)
    BSP_UART_IsFrameReady                    0x080005b1   Thumb Code     6  uart.o(i.BSP_UART_IsFrameReady)
    BSP_UART_ReadFrame                       0x080005bd   Thumb Code    68  uart.o(i.BSP_UART_ReadFrame)
    BSP_UART_Send                            0x08000611   Thumb Code    98  uart.o(i.BSP_UART_Send)
    BusFault_Handler                         0x0800067d   Thumb Code     4  stm32f1xx_it.o(i.BusFault_Handler)
    DebugMon_Handler                         0x080006bb   Thumb Code     2  stm32f1xx_it.o(i.DebugMon_Handler)
    Error_Handler                            0x080006bd   Thumb Code     6  main.o(i.Error_Handler)
    HAL_DMA_Abort                            0x080006c3   Thumb Code    86  stm32f1xx_hal_dma.o(i.HAL_DMA_Abort)
    HAL_DMA_Abort_IT                         0x08000719   Thumb Code   172  stm32f1xx_hal_dma.o(i.HAL_DMA_Abort_IT)
    HAL_GPIO_Init                            0x080007c9   Thumb Code   766  stm32f1xx_hal_gpio.o(i.HAL_GPIO_Init)
    HAL_GPIO_TogglePin                       0x08000ae9   Thumb Code    20  stm32f1xx_hal_gpio.o(i.HAL_GPIO_TogglePin)
    HAL_GPIO_WritePin                        0x08000afd   Thumb Code    12  stm32f1xx_hal_gpio.o(i.HAL_GPIO_WritePin)
    HAL_GetTick                              0x08000b09   Thumb Code     6  stm32f1xx_hal.o(i.HAL_GetTick)
    HAL_IncTick                              0x08000b15   Thumb Code    16  stm32f1xx_hal.o(i.HAL_IncTick)
    HAL_Init                                 0x08000b2d   Thumb Code    34  stm32f1xx_hal.o(i.HAL_Init)
    HAL_InitTick                             0x08000b55   Thumb Code    64  stm32f1xx_hal.o(i.HAL_InitTick)
    HAL_MspInit                              0x08000ba1   Thumb Code    68  stm32f1xx_hal_msp.o(i.HAL_MspInit)
    HAL_NVIC_EnableIRQ                       0x08000be9   Thumb Code    32  stm32f1xx_hal_cortex.o(i.HAL_NVIC_EnableIRQ)
    HAL_NVIC_SetPriority                     0x08000c09   Thumb Code   124  stm32f1xx_hal_cortex.o(i.HAL_NVIC_SetPriority)
    HAL_NVIC_SetPriorityGrouping             0x08000c85   Thumb Code    32  stm32f1xx_hal_cortex.o(i.HAL_NVIC_SetPriorityGrouping)
    HAL_RCC_ClockConfig                      0x08000cad   Thumb Code   376  stm32f1xx_hal_rcc.o(i.HAL_RCC_ClockConfig)
    HAL_RCC_GetHCLKFreq                      0x08000e39   Thumb Code     6  stm32f1xx_hal_rcc.o(i.HAL_RCC_GetHCLKFreq)
    HAL_RCC_GetPCLK1Freq                     0x08000e45   Thumb Code    22  stm32f1xx_hal_rcc.o(i.HAL_RCC_GetPCLK1Freq)
    HAL_RCC_GetPCLK2Freq                     0x08000e65   Thumb Code    22  stm32f1xx_hal_rcc.o(i.HAL_RCC_GetPCLK2Freq)
    HAL_RCC_GetSysClockFreq                  0x08000e85   Thumb Code    92  stm32f1xx_hal_rcc.o(i.HAL_RCC_GetSysClockFreq)
    HAL_RCC_OscConfig                        0x08000ef5   Thumb Code  1114  stm32f1xx_hal_rcc.o(i.HAL_RCC_OscConfig)
    HAL_SYSTICK_Config                       0x08001359   Thumb Code    52  stm32f1xx_hal_cortex.o(i.HAL_SYSTICK_Config)
    HAL_UARTEx_RxEventCallback               0x0800138d   Thumb Code     2  stm32f1xx_hal_uart.o(i.HAL_UARTEx_RxEventCallback)
    HAL_UART_ErrorCallback                   0x0800138f   Thumb Code     2  stm32f1xx_hal_uart.o(i.HAL_UART_ErrorCallback)
    HAL_UART_IRQHandler                      0x08001391   Thumb Code   736  stm32f1xx_hal_uart.o(i.HAL_UART_IRQHandler)
    HAL_UART_Init                            0x08001675   Thumb Code   118  stm32f1xx_hal_uart.o(i.HAL_UART_Init)
    HAL_UART_MspInit                         0x080016eb   Thumb Code     2  stm32f1xx_hal_uart.o(i.HAL_UART_MspInit)
    HAL_UART_Receive_IT                      0x080016ed   Thumb Code    44  stm32f1xx_hal_uart.o(i.HAL_UART_Receive_IT)
    HAL_UART_RxCpltCallback                  0x08001719   Thumb Code    64  uart.o(i.HAL_UART_RxCpltCallback)
    HAL_UART_Transmit                        0x08001769   Thumb Code   190  stm32f1xx_hal_uart.o(i.HAL_UART_Transmit)
    HAL_UART_TxCpltCallback                  0x08001827   Thumb Code     2  stm32f1xx_hal_uart.o(i.HAL_UART_TxCpltCallback)
    HardFault_Handler                        0x08001829   Thumb Code     4  stm32f1xx_it.o(i.HardFault_Handler)
    MemManage_Handler                        0x0800182d   Thumb Code     4  stm32f1xx_it.o(i.MemManage_Handler)
    Modbus_Init                              0x08001831   Thumb Code    34  modbus.o(i.Modbus_Init)
    Modbus_Process                           0x08001859   Thumb Code   314  modbus.o(i.Modbus_Process)
    NMI_Handler                              0x08001999   Thumb Code     4  stm32f1xx_it.o(i.NMI_Handler)
    Start_LED_Task                           0x080019c5   Thumb Code    16  led_task.o(i.Start_LED_Task)
    Start_UART_Task                          0x080019d5   Thumb Code    14  uart_task.o(i.Start_UART_Task)
    SysTick_Handler                          0x080019e3   Thumb Code    20  stm32f1xx_it.o(i.SysTick_Handler)
    SystemClock_Config                       0x080019f7   Thumb Code   102  main.o(i.SystemClock_Config)
    SystemInit                               0x08001a5d   Thumb Code     2  system_stm32f1xx.o(i.SystemInit)
    System_Ctrl_Init                         0x08001a61   Thumb Code     8  system_ctrl.o(i.System_Ctrl_Init)
    UART_Start_Receive_IT                    0x08001d2d   Thumb Code    64  stm32f1xx_hal_uart.o(i.UART_Start_Receive_IT)
    USART1_IRQHandler                        0x08001e59   Thumb Code     8  stm32f1xx_it.o(i.USART1_IRQHandler)
    UsageFault_Handler                       0x08001e61   Thumb Code     4  stm32f1xx_it.o(i.UsageFault_Handler)
    main                                     0x08001ead   Thumb Code    80  main.o(i.main)
    osDelay                                  0x08001f17   Thumb Code    24  cmsis_os.o(i.osDelay)
    osKernelStart                            0x08001f2f   Thumb Code    10  cmsis_os.o(i.osKernelStart)
    osMutexCreate                            0x08001f39   Thumb Code    26  cmsis_os.o(i.osMutexCreate)
    osMutexRelease                           0x08001f55   Thumb Code    76  cmsis_os.o(i.osMutexRelease)
    osMutexWait                              0x08001fa5   Thumb Code   100  cmsis_os.o(i.osMutexWait)
    osThreadCreate                           0x0800200d   Thumb Code    94  cmsis_os.o(i.osThreadCreate)
    pvPortMalloc                             0x080026a5   Thumb Code   306  heap_4.o(i.pvPortMalloc)
    pvTaskIncrementMutexHeldCount            0x080027f1   Thumb Code    26  tasks.o(i.pvTaskIncrementMutexHeldCount)
    pxPortInitialiseStack                    0x08002811   Thumb Code    30  port.o(i.pxPortInitialiseStack)
    uxListRemove                             0x08002835   Thumb Code    40  list.o(i.uxListRemove)
    vApplicationGetIdleTaskMemory            0x0800285d   Thumb Code    14  freertos.o(i.vApplicationGetIdleTaskMemory)
    vListInitialise                          0x08002875   Thumb Code    26  list.o(i.vListInitialise)
    vListInitialiseItem                      0x0800288f   Thumb Code     6  list.o(i.vListInitialiseItem)
    vListInsert                              0x08002895   Thumb Code    52  list.o(i.vListInsert)
    vListInsertEnd                           0x080028c9   Thumb Code    24  list.o(i.vListInsertEnd)
    vPortEnterCritical                       0x080028e1   Thumb Code    76  port.o(i.vPortEnterCritical)
    vPortExitCritical                        0x08002935   Thumb Code    56  port.o(i.vPortExitCritical)
    vPortFree                                0x08002971   Thumb Code   150  heap_4.o(i.vPortFree)
    vPortSetupTimerInterrupt                 0x08002a15   Thumb Code    36  port.o(i.vPortSetupTimerInterrupt)
    vPortValidateInterruptPriority           0x08002a3d   Thumb Code   106  port.o(i.vPortValidateInterruptPriority)
    vTaskDelay                               0x08002ab5   Thumb Code    82  tasks.o(i.vTaskDelay)
    vTaskInternalSetTimeOutState             0x08002b11   Thumb Code    14  tasks.o(i.vTaskInternalSetTimeOutState)
    vTaskMissedYield                         0x08002b29   Thumb Code     8  tasks.o(i.vTaskMissedYield)
    vTaskPlaceOnEventList                    0x08002b35   Thumb Code    52  tasks.o(i.vTaskPlaceOnEventList)
    vTaskPriorityDisinheritAfterTimeout      0x08002b6d   Thumb Code   216  tasks.o(i.vTaskPriorityDisinheritAfterTimeout)
    vTaskStartScheduler                      0x08002c51   Thumb Code   146  tasks.o(i.vTaskStartScheduler)
    vTaskSuspendAll                          0x08002d01   Thumb Code    12  tasks.o(i.vTaskSuspendAll)
    vTaskSwitchContext                       0x08002d11   Thumb Code   118  tasks.o(i.vTaskSwitchContext)
    xPortStartScheduler                      0x08002d9d   Thumb Code   228  port.o(i.xPortStartScheduler)
    xPortSysTickHandler                      0x08002e95   Thumb Code    46  port.o(i.xPortSysTickHandler)
    xQueueCreateMutex                        0x08002ec9   Thumb Code    34  queue.o(i.xQueueCreateMutex)
    xQueueCreateMutexStatic                  0x08002eeb   Thumb Code    42  queue.o(i.xQueueCreateMutexStatic)
    xQueueGenericCreate                      0x08002f15   Thumb Code    90  queue.o(i.xQueueGenericCreate)
    xQueueGenericCreateStatic                0x08002f6f   Thumb Code   224  queue.o(i.xQueueGenericCreateStatic)
    xQueueGenericReset                       0x08003051   Thumb Code   146  queue.o(i.xQueueGenericReset)
    xQueueGenericSend                        0x080030e9   Thumb Code   420  queue.o(i.xQueueGenericSend)
    xQueueGiveFromISR                        0x08003291   Thumb Code   224  queue.o(i.xQueueGiveFromISR)
    xQueueReceiveFromISR                     0x08003371   Thumb Code   202  queue.o(i.xQueueReceiveFromISR)
    xQueueSemaphoreTake                      0x0800343d   Thumb Code   434  queue.o(i.xQueueSemaphoreTake)
    xTaskCheckForTimeOut                     0x080035f5   Thumb Code   132  tasks.o(i.xTaskCheckForTimeOut)
    xTaskCreate                              0x08003681   Thumb Code   100  tasks.o(i.xTaskCreate)
    xTaskCreateStatic                        0x080036e5   Thumb Code   186  tasks.o(i.xTaskCreateStatic)
    xTaskGetSchedulerState                   0x080037a1   Thumb Code    24  tasks.o(i.xTaskGetSchedulerState)
    xTaskIncrementTick                       0x080037c1   Thumb Code   282  tasks.o(i.xTaskIncrementTick)
    xTaskPriorityDisinherit                  0x08003909   Thumb Code   188  tasks.o(i.xTaskPriorityDisinherit)
    xTaskPriorityInherit                     0x080039d1   Thumb Code   172  tasks.o(i.xTaskPriorityInherit)
    xTaskRemoveFromEventList                 0x08003a89   Thumb Code   128  tasks.o(i.xTaskRemoveFromEventList)
    xTaskResumeAll                           0x08003b21   Thumb Code   224  tasks.o(i.xTaskResumeAll)
    AHBPrescTable                            0x08003c6e   Data          16  system_stm32f1xx.o(.constdata)
    APBPrescTable                            0x08003c7e   Data           8  system_stm32f1xx.o(.constdata)
    Region$$Table$$Base                      0x08003ca0   Number         0  anon$$obj.o(Region$$Table)
    Region$$Table$$Limit                     0x08003cc0   Number         0  anon$$obj.o(Region$$Table)
    LED_TaskHandle                           0x20000000   Data           4  main.o(.data)
    UART_TaskHandle                          0x20000004   Data           4  main.o(.data)
    uwTick                                   0x20000008   Data           4  stm32f1xx_hal.o(.data)
    uwTickPrio                               0x2000000c   Data           4  stm32f1xx_hal.o(.data)
    uwTickFreq                               0x20000010   Data           1  stm32f1xx_hal.o(.data)
    SystemCoreClock                          0x20000014   Data           4  system_stm32f1xx.o(.data)
    pxCurrentTCB                             0x20000018   Data           4  tasks.o(.data)
    __libspace_start                         0x20002cac   Data          96  libspace.o(.bss)
    __temporary_stack_top$libspace           0x20002d0c   Data           0  libspace.o(.bss)



==============================================================================

Memory Map of the image

  Image Entry point : 0x080000ed

  Load Region LR_IROM1 (Base: 0x08000000, Size: 0x00003d4c, Max: 0x00010000, ABSOLUTE)

    Execution Region ER_IROM1 (Base: 0x08000000, Size: 0x00003cc0, Max: 0x00010000, ABSOLUTE)

    Base Addr    Size         Type   Attr      Idx    E Section Name        Object

    0x08000000   0x000000ec   Data   RO            3    RESET               startup_stm32f103xb.o
    0x080000ec   0x00000008   Code   RO         3399  * !!!main             c_w.l(__main.o)
    0x080000f4   0x00000034   Code   RO         3557    !!!scatter          c_w.l(__scatter.o)
    0x08000128   0x0000001a   Code   RO         3559    !!handler_copy      c_w.l(__scatter_copy.o)
    0x08000142   0x00000002   PAD
    0x08000144   0x0000001c   Code   RO         3561    !!handler_zi        c_w.l(__scatter_zi.o)
    0x08000160   0x00000002   Code   RO         3428    .ARM.Collect$$libinit$$00000000  c_w.l(libinit.o)
    0x08000162   0x00000000   Code   RO         3435    .ARM.Collect$$libinit$$00000002  c_w.l(libinit2.o)
    0x08000162   0x00000000   Code   RO         3437    .ARM.Collect$$libinit$$00000004  c_w.l(libinit2.o)
    0x08000162   0x00000000   Code   RO         3440    .ARM.Collect$$libinit$$0000000A  c_w.l(libinit2.o)
    0x08000162   0x00000000   Code   RO         3442    .ARM.Collect$$libinit$$0000000C  c_w.l(libinit2.o)
    0x08000162   0x00000000   Code   RO         3444    .ARM.Collect$$libinit$$0000000E  c_w.l(libinit2.o)
    0x08000162   0x00000000   Code   RO         3447    .ARM.Collect$$libinit$$00000011  c_w.l(libinit2.o)
    0x08000162   0x00000000   Code   RO         3449    .ARM.Collect$$libinit$$00000013  c_w.l(libinit2.o)
    0x08000162   0x00000000   Code   RO         3451    .ARM.Collect$$libinit$$00000015  c_w.l(libinit2.o)
    0x08000162   0x00000000   Code   RO         3453    .ARM.Collect$$libinit$$00000017  c_w.l(libinit2.o)
    0x08000162   0x00000000   Code   RO         3455    .ARM.Collect$$libinit$$00000019  c_w.l(libinit2.o)
    0x08000162   0x00000000   Code   RO         3457    .ARM.Collect$$libinit$$0000001B  c_w.l(libinit2.o)
    0x08000162   0x00000000   Code   RO         3459    .ARM.Collect$$libinit$$0000001D  c_w.l(libinit2.o)
    0x08000162   0x00000000   Code   RO         3461    .ARM.Collect$$libinit$$0000001F  c_w.l(libinit2.o)
    0x08000162   0x00000000   Code   RO         3463    .ARM.Collect$$libinit$$00000021  c_w.l(libinit2.o)
    0x08000162   0x00000000   Code   RO         3465    .ARM.Collect$$libinit$$00000023  c_w.l(libinit2.o)
    0x08000162   0x00000000   Code   RO         3467    .ARM.Collect$$libinit$$00000025  c_w.l(libinit2.o)
    0x08000162   0x00000000   Code   RO         3471    .ARM.Collect$$libinit$$0000002C  c_w.l(libinit2.o)
    0x08000162   0x00000000   Code   RO         3473    .ARM.Collect$$libinit$$0000002E  c_w.l(libinit2.o)
    0x08000162   0x00000000   Code   RO         3475    .ARM.Collect$$libinit$$00000030  c_w.l(libinit2.o)
    0x08000162   0x00000000   Code   RO         3477    .ARM.Collect$$libinit$$00000032  c_w.l(libinit2.o)
    0x08000162   0x00000002   Code   RO         3478    .ARM.Collect$$libinit$$00000033  c_w.l(libinit2.o)
    0x08000164   0x00000002   Code   RO         3498    .ARM.Collect$$libshutdown$$00000000  c_w.l(libshutdown.o)
    0x08000166   0x00000000   Code   RO         3512    .ARM.Collect$$libshutdown$$00000003  c_w.l(libshutdown2.o)
    0x08000166   0x00000000   Code   RO         3515    .ARM.Collect$$libshutdown$$00000006  c_w.l(libshutdown2.o)
    0x08000166   0x00000000   Code   RO         3518    .ARM.Collect$$libshutdown$$00000009  c_w.l(libshutdown2.o)
    0x08000166   0x00000000   Code   RO         3520    .ARM.Collect$$libshutdown$$0000000B  c_w.l(libshutdown2.o)
    0x08000166   0x00000000   Code   RO         3523    .ARM.Collect$$libshutdown$$0000000E  c_w.l(libshutdown2.o)
    0x08000166   0x00000002   Code   RO         3524    .ARM.Collect$$libshutdown$$0000000F  c_w.l(libshutdown2.o)
    0x08000168   0x00000000   Code   RO         3401    .ARM.Collect$$rtentry$$00000000  c_w.l(__rtentry.o)
    0x08000168   0x00000000   Code   RO         3405    .ARM.Collect$$rtentry$$00000002  c_w.l(__rtentry2.o)
    0x08000168   0x00000006   Code   RO         3417    .ARM.Collect$$rtentry$$00000004  c_w.l(__rtentry4.o)
    0x0800016e   0x00000000   Code   RO         3407    .ARM.Collect$$rtentry$$00000009  c_w.l(__rtentry2.o)
    0x0800016e   0x00000004   Code   RO         3408    .ARM.Collect$$rtentry$$0000000A  c_w.l(__rtentry2.o)
    0x08000172   0x00000000   Code   RO         3410    .ARM.Collect$$rtentry$$0000000C  c_w.l(__rtentry2.o)
    0x08000172   0x00000008   Code   RO         3411    .ARM.Collect$$rtentry$$0000000D  c_w.l(__rtentry2.o)
    0x0800017a   0x00000002   Code   RO         3432    .ARM.Collect$$rtexit$$00000000  c_w.l(rtexit.o)
    0x0800017c   0x00000000   Code   RO         3480    .ARM.Collect$$rtexit$$00000002  c_w.l(rtexit2.o)
    0x0800017c   0x00000004   Code   RO         3481    .ARM.Collect$$rtexit$$00000003  c_w.l(rtexit2.o)
    0x08000180   0x00000006   Code   RO         3482    .ARM.Collect$$rtexit$$00000004  c_w.l(rtexit2.o)
    0x08000186   0x00000002   PAD
    0x08000188   0x00000096   Code   RO         3029    .emb_text           port.o
    0x0800021e   0x00000002   PAD
    0x08000220   0x00000040   Code   RO            4    .text               startup_stm32f103xb.o
    0x08000260   0x0000008a   Code   RO         3389    .text               c_w.l(rt_memcpy_v6.o)
    0x080002ea   0x00000064   Code   RO         3391    .text               c_w.l(rt_memcpy_w.o)
    0x0800034e   0x0000004e   Code   RO         3395    .text               c_w.l(rt_memclr_w.o)
    0x0800039c   0x00000006   Code   RO         3397    .text               c_w.l(heapauxi.o)
    0x080003a2   0x0000004a   Code   RO         3419    .text               c_w.l(sys_stackheap_outer.o)
    0x080003ec   0x0000000c   Code   RO         3421    .text               c_w.l(exit.o)
    0x080003f8   0x00000008   Code   RO         3429    .text               c_w.l(libspace.o)
    0x08000400   0x0000000c   Code   RO         3490    .text               c_w.l(sys_exit.o)
    0x0800040c   0x00000002   Code   RO         3501    .text               c_w.l(use_no_semi.o)
    0x0800040e   0x00000000   Code   RO         3503    .text               c_w.l(indicate_semi.o)
    0x0800040e   0x00000002   PAD
    0x08000410   0x0000005c   Code   RO         3273    i.BSP_LED_Init      led.o
    0x0800046c   0x00000014   Code   RO         3276    i.BSP_LED_Toggle    led.o
    0x08000480   0x0000004c   Code   RO         3315    i.BSP_UART_IRQHandler  uart.o
    0x080004cc   0x000000e4   Code   RO         3316    i.BSP_UART_Init     uart.o
    0x080005b0   0x0000000c   Code   RO         3317    i.BSP_UART_IsFrameReady  uart.o
    0x080005bc   0x00000054   Code   RO         3319    i.BSP_UART_ReadFrame  uart.o
    0x08000610   0x0000006c   Code   RO         3320    i.BSP_UART_Send     uart.o
    0x0800067c   0x00000004   Code   RO          238    i.BusFault_Handler  stm32f1xx_it.o
    0x08000680   0x0000003a   Code   RO         3209    i.CalcCRC16         modbus.o
    0x080006ba   0x00000002   Code   RO          239    i.DebugMon_Handler  stm32f1xx_it.o
    0x080006bc   0x00000006   Code   RO           13    i.Error_Handler     main.o
    0x080006c2   0x00000056   Code   RO          759    i.HAL_DMA_Abort     stm32f1xx_hal_dma.o
    0x08000718   0x000000b0   Code   RO          760    i.HAL_DMA_Abort_IT  stm32f1xx_hal_dma.o
    0x080007c8   0x00000320   Code   RO          695    i.HAL_GPIO_Init     stm32f1xx_hal_gpio.o
    0x08000ae8   0x00000014   Code   RO          698    i.HAL_GPIO_TogglePin  stm32f1xx_hal_gpio.o
    0x08000afc   0x0000000c   Code   RO          699    i.HAL_GPIO_WritePin  stm32f1xx_hal_gpio.o
    0x08000b08   0x0000000c   Code   RO          384    i.HAL_GetTick       stm32f1xx_hal.o
    0x08000b14   0x00000018   Code   RO          390    i.HAL_IncTick       stm32f1xx_hal.o
    0x08000b2c   0x00000028   Code   RO          391    i.HAL_Init          stm32f1xx_hal.o
    0x08000b54   0x0000004c   Code   RO          392    i.HAL_InitTick      stm32f1xx_hal.o
    0x08000ba0   0x00000048   Code   RO          307    i.HAL_MspInit       stm32f1xx_hal_msp.o
    0x08000be8   0x00000020   Code   RO          855    i.HAL_NVIC_EnableIRQ  stm32f1xx_hal_cortex.o
    0x08000c08   0x0000007c   Code   RO          861    i.HAL_NVIC_SetPriority  stm32f1xx_hal_cortex.o
    0x08000c84   0x00000028   Code   RO          862    i.HAL_NVIC_SetPriorityGrouping  stm32f1xx_hal_cortex.o
    0x08000cac   0x0000018c   Code   RO          548    i.HAL_RCC_ClockConfig  stm32f1xx_hal_rcc.o
    0x08000e38   0x0000000c   Code   RO          553    i.HAL_RCC_GetHCLKFreq  stm32f1xx_hal_rcc.o
    0x08000e44   0x00000020   Code   RO          555    i.HAL_RCC_GetPCLK1Freq  stm32f1xx_hal_rcc.o
    0x08000e64   0x00000020   Code   RO          556    i.HAL_RCC_GetPCLK2Freq  stm32f1xx_hal_rcc.o
    0x08000e84   0x00000070   Code   RO          557    i.HAL_RCC_GetSysClockFreq  stm32f1xx_hal_rcc.o
    0x08000ef4   0x00000464   Code   RO          560    i.HAL_RCC_OscConfig  stm32f1xx_hal_rcc.o
    0x08001358   0x00000034   Code   RO          866    i.HAL_SYSTICK_Config  stm32f1xx_hal_cortex.o
    0x0800138c   0x00000002   Code   RO         1393    i.HAL_UARTEx_RxEventCallback  stm32f1xx_hal_uart.o
    0x0800138e   0x00000002   Code   RO         1407    i.HAL_UART_ErrorCallback  stm32f1xx_hal_uart.o
    0x08001390   0x000002e4   Code   RO         1410    i.HAL_UART_IRQHandler  stm32f1xx_hal_uart.o
    0x08001674   0x00000076   Code   RO         1411    i.HAL_UART_Init     stm32f1xx_hal_uart.o
    0x080016ea   0x00000002   Code   RO         1413    i.HAL_UART_MspInit  stm32f1xx_hal_uart.o
    0x080016ec   0x0000002c   Code   RO         1416    i.HAL_UART_Receive_IT  stm32f1xx_hal_uart.o
    0x08001718   0x00000050   Code   RO         3321    i.HAL_UART_RxCpltCallback  uart.o
    0x08001768   0x000000be   Code   RO         1419    i.HAL_UART_Transmit  stm32f1xx_hal_uart.o
    0x08001826   0x00000002   Code   RO         1422    i.HAL_UART_TxCpltCallback  stm32f1xx_hal_uart.o
    0x08001828   0x00000004   Code   RO          240    i.HardFault_Handler  stm32f1xx_it.o
    0x0800182c   0x00000004   Code   RO          241    i.MemManage_Handler  stm32f1xx_it.o
    0x08001830   0x00000028   Code   RO         3210    i.Modbus_Init       modbus.o
    0x08001858   0x00000140   Code   RO         3211    i.Modbus_Process    modbus.o
    0x08001998   0x00000004   Code   RO          242    i.NMI_Handler       stm32f1xx_it.o
    0x0800199c   0x00000028   Code   RO          561    i.RCC_Delay         stm32f1xx_hal_rcc.o
    0x080019c4   0x00000010   Code   RO         3112    i.Start_LED_Task    led_task.o
    0x080019d4   0x0000000e   Code   RO         3140    i.Start_UART_Task   uart_task.o
    0x080019e2   0x00000014   Code   RO          243    i.SysTick_Handler   stm32f1xx_it.o
    0x080019f6   0x00000066   Code   RO           14    i.SystemClock_Config  main.o
    0x08001a5c   0x00000002   Code   RO         1755    i.SystemInit        system_stm32f1xx.o
    0x08001a5e   0x00000002   PAD
    0x08001a60   0x0000000c   Code   RO         3171    i.System_Ctrl_Init  system_ctrl.o
    0x08001a6c   0x00000014   Code   RO         1424    i.UART_DMAAbortOnError  stm32f1xx_hal_uart.o
    0x08001a80   0x0000006c   Code   RO         1434    i.UART_EndRxTransfer  stm32f1xx_hal_uart.o
    0x08001aec   0x00000020   Code   RO         1435    i.UART_EndTransmit_IT  stm32f1xx_hal_uart.o
    0x08001b0c   0x00000028   Code   RO         3322    i.UART_EnsureMutex  uart.o
    0x08001b34   0x000000fc   Code   RO         1437    i.UART_Receive_IT   stm32f1xx_hal_uart.o
    0x08001c30   0x000000fc   Code   RO         1438    i.UART_SetConfig    stm32f1xx_hal_uart.o
    0x08001d2c   0x00000040   Code   RO         1440    i.UART_Start_Receive_IT  stm32f1xx_hal_uart.o
    0x08001d6c   0x00000060   Code   RO         1441    i.UART_Transmit_IT  stm32f1xx_hal_uart.o
    0x08001dcc   0x0000008c   Code   RO         1442    i.UART_WaitOnFlagUntilTimeout  stm32f1xx_hal_uart.o
    0x08001e58   0x00000008   Code   RO          244    i.USART1_IRQHandler  stm32f1xx_it.o
    0x08001e60   0x00000004   Code   RO          245    i.UsageFault_Handler  stm32f1xx_it.o
    0x08001e64   0x00000010   Code   RO          868    i.__NVIC_GetPriorityGrouping  stm32f1xx_hal_cortex.o
    0x08001e74   0x00000028   Code   RO          869    i.__NVIC_SetPriority  stm32f1xx_hal_cortex.o
    0x08001e9c   0x00000010   Code   RO         2593    i.inHandlerMode     cmsis_os.o
    0x08001eac   0x0000005c   Code   RO           15    i.main              main.o
    0x08001f08   0x0000000e   Code   RO         2595    i.makeFreeRtosPriority  cmsis_os.o
    0x08001f16   0x00000018   Code   RO         2597    i.osDelay           cmsis_os.o
    0x08001f2e   0x0000000a   Code   RO         2600    i.osKernelStart     cmsis_os.o
    0x08001f38   0x0000001a   Code   RO         2615    i.osMutexCreate     cmsis_os.o
    0x08001f52   0x00000002   PAD
    0x08001f54   0x00000050   Code   RO         2617    i.osMutexRelease    cmsis_os.o
    0x08001fa4   0x00000068   Code   RO         2618    i.osMutexWait       cmsis_os.o
    0x0800200c   0x0000005e   Code   RO         2634    i.osThreadCreate    cmsis_os.o
    0x0800206a   0x00000002   PAD
    0x0800206c   0x00000098   Code   RO         2266    i.prvAddCurrentTaskToDelayedList  tasks.o
    0x08002104   0x000000b4   Code   RO         2267    i.prvAddNewTaskToReadyList  tasks.o
    0x080021b8   0x00000048   Code   RO         2268    i.prvCheckTasksWaitingTermination  tasks.o
    0x08002200   0x0000002a   Code   RO         1932    i.prvCopyDataFromQueue  queue.o
    0x0800222a   0x0000007e   Code   RO         1933    i.prvCopyDataToQueue  queue.o
    0x080022a8   0x00000050   Code   RO         2269    i.prvDeleteTCB      tasks.o
    0x080022f8   0x00000014   Code   RO         1934    i.prvGetDisinheritPriorityAfterTimeout  queue.o
    0x0800230c   0x0000007c   Code   RO         2962    i.prvHeapInit       heap_4.o
    0x08002388   0x00000028   Code   RO         2270    i.prvIdleTask       tasks.o
    0x080023b0   0x0000001e   Code   RO         1935    i.prvInitialiseMutex  queue.o
    0x080023ce   0x00000026   Code   RO         1936    i.prvInitialiseNewQueue  queue.o
    0x080023f4   0x000000b4   Code   RO         2271    i.prvInitialiseNewTask  tasks.o
    0x080024a8   0x00000068   Code   RO         2272    i.prvInitialiseTaskLists  tasks.o
    0x08002510   0x00000068   Code   RO         2963    i.prvInsertBlockIntoFreeList  heap_4.o
    0x08002578   0x0000001a   Code   RO         1937    i.prvIsQueueEmpty   queue.o
    0x08002592   0x0000001e   Code   RO         1938    i.prvIsQueueFull    queue.o
    0x080025b0   0x00000034   Code   RO         2273    i.prvResetNextTaskUnblockTime  tasks.o
    0x080025e4   0x00000040   Code   RO         3030    i.prvTaskExitError  port.o
    0x08002624   0x0000007e   Code   RO         1939    i.prvUnlockQueue    queue.o
    0x080026a2   0x00000002   PAD
    0x080026a4   0x0000014c   Code   RO         2964    i.pvPortMalloc      heap_4.o
    0x080027f0   0x00000020   Code   RO         2275    i.pvTaskIncrementMutexHeldCount  tasks.o
    0x08002810   0x00000024   Code   RO         3031    i.pxPortInitialiseStack  port.o
    0x08002834   0x00000028   Code   RO         1892    i.uxListRemove      list.o
    0x0800285c   0x00000018   Code   RO          204    i.vApplicationGetIdleTaskMemory  freertos.o
    0x08002874   0x0000001a   Code   RO         1893    i.vListInitialise   list.o
    0x0800288e   0x00000006   Code   RO         1894    i.vListInitialiseItem  list.o
    0x08002894   0x00000034   Code   RO         1895    i.vListInsert       list.o
    0x080028c8   0x00000018   Code   RO         1896    i.vListInsertEnd    list.o
    0x080028e0   0x00000054   Code   RO         3033    i.vPortEnterCritical  port.o
    0x08002934   0x0000003c   Code   RO         3034    i.vPortExitCritical  port.o
    0x08002970   0x000000a4   Code   RO         2965    i.vPortFree         heap_4.o
    0x08002a14   0x00000028   Code   RO         3035    i.vPortSetupTimerInterrupt  port.o
    0x08002a3c   0x00000078   Code   RO         3036    i.vPortValidateInterruptPriority  port.o
    0x08002ab4   0x0000005c   Code   RO         2282    i.vTaskDelay        tasks.o
    0x08002b10   0x00000018   Code   RO         2285    i.vTaskInternalSetTimeOutState  tasks.o
    0x08002b28   0x0000000c   Code   RO         2286    i.vTaskMissedYield  tasks.o
    0x08002b34   0x00000038   Code   RO         2288    i.vTaskPlaceOnEventList  tasks.o
    0x08002b6c   0x000000e4   Code   RO         2290    i.vTaskPriorityDisinheritAfterTimeout  tasks.o
    0x08002c50   0x000000b0   Code   RO         2295    i.vTaskStartScheduler  tasks.o
    0x08002d00   0x00000010   Code   RO         2297    i.vTaskSuspendAll   tasks.o
    0x08002d10   0x0000008c   Code   RO         2298    i.vTaskSwitchContext  tasks.o
    0x08002d9c   0x000000f8   Code   RO         3037    i.xPortStartScheduler  port.o
    0x08002e94   0x00000034   Code   RO         3038    i.xPortSysTickHandler  port.o
    0x08002ec8   0x00000022   Code   RO         1946    i.xQueueCreateMutex  queue.o
    0x08002eea   0x0000002a   Code   RO         1947    i.xQueueCreateMutexStatic  queue.o
    0x08002f14   0x0000005a   Code   RO         1948    i.xQueueGenericCreate  queue.o
    0x08002f6e   0x000000e0   Code   RO         1949    i.xQueueGenericCreateStatic  queue.o
    0x0800304e   0x00000002   PAD
    0x08003050   0x00000098   Code   RO         1950    i.xQueueGenericReset  queue.o
    0x080030e8   0x000001a8   Code   RO         1951    i.xQueueGenericSend  queue.o
    0x08003290   0x000000e0   Code   RO         1953    i.xQueueGiveFromISR  queue.o
    0x08003370   0x000000ca   Code   RO         1959    i.xQueueReceiveFromISR  queue.o
    0x0800343a   0x00000002   PAD
    0x0800343c   0x000001b8   Code   RO         1960    i.xQueueSemaphoreTake  queue.o
    0x080035f4   0x0000008c   Code   RO         2300    i.xTaskCheckForTimeOut  tasks.o
    0x08003680   0x00000064   Code   RO         2301    i.xTaskCreate       tasks.o
    0x080036e4   0x000000ba   Code   RO         2302    i.xTaskCreateStatic  tasks.o
    0x0800379e   0x00000002   PAD
    0x080037a0   0x00000020   Code   RO         2306    i.xTaskGetSchedulerState  tasks.o
    0x080037c0   0x00000148   Code   RO         2309    i.xTaskIncrementTick  tasks.o
    0x08003908   0x000000c8   Code   RO         2312    i.xTaskPriorityDisinherit  tasks.o
    0x080039d0   0x000000b8   Code   RO         2313    i.xTaskPriorityInherit  tasks.o
    0x08003a88   0x00000098   Code   RO         2314    i.xTaskRemoveFromEventList  tasks.o
    0x08003b20   0x00000104   Code   RO         2315    i.xTaskResumeAll    tasks.o
    0x08003c24   0x00000038   Data   RO           17    .constdata          main.o
    0x08003c5c   0x00000012   Data   RO          562    .constdata          stm32f1xx_hal_rcc.o
    0x08003c6e   0x00000018   Data   RO         1756    .constdata          system_stm32f1xx.o
    0x08003c86   0x00000002   PAD
    0x08003c88   0x00000016   Data   RO           18    .conststring        main.o
    0x08003c9e   0x00000002   PAD
    0x08003ca0   0x00000020   Data   RO         3555    Region$$Table       anon$$obj.o


    Execution Region RW_IRAM1 (Base: 0x20000000, Size: 0x00003510, Max: 0x00005000, ABSOLUTE)

    Base Addr    Size         Type   Attr      Idx    E Section Name        Object

    0x20000000   0x00000008   Data   RW           19    .data               main.o
    0x20000008   0x00000009   Data   RW          398    .data               stm32f1xx_hal.o
    0x20000011   0x00000003   PAD
    0x20000014   0x00000004   Data   RW         1757    .data               system_stm32f1xx.o
    0x20000018   0x0000003c   Data   RW         2318    .data               tasks.o
    0x20000054   0x00000020   Data   RW         2971    .data               heap_4.o
    0x20000074   0x0000000c   Data   RW         3039    .data               port.o
    0x20000080   0x00000001   Data   RW         3174    .data               system_ctrl.o
    0x20000081   0x00000003   PAD
    0x20000084   0x00000008   Data   RW         3324    .data               uart.o
    0x2000008c   0x00000254   Zero   RW          205    .bss                freertos.o
    0x200002e0   0x000000f0   Zero   RW         2317    .bss                tasks.o
    0x200003d0   0x00002800   Zero   RW         2970    .bss                heap_4.o
    0x20002bd0   0x00000014   Zero   RW         3212    .bss                modbus.o
    0x20002be4   0x000000c8   Zero   RW         3323    .bss                uart.o
    0x20002cac   0x00000060   Zero   RW         3430    .bss                c_w.l(libspace.o)
    0x20002d0c   0x00000004   PAD
    0x20002d10   0x00000400   Zero   RW            2    HEAP                startup_stm32f103xb.o
    0x20003110   0x00000400   Zero   RW            1    STACK               startup_stm32f103xb.o


==============================================================================

Image component sizes


      Code (inc. data)   RO Data    RW Data    ZI Data      Debug   Object Name

       368          8          0          0          0      28542   cmsis_os.o
         0          0          0          0          0      19952   event_groups.o
        24         10          0          0        596       1176   freertos.o
       724         74          0         32      10240       7155   heap_4.o
       112         16          0          0          0       1188   led.o
        16          0          0          0          0        437   led_task.o
       148          0          0          0          0       3270   list.o
       200         12         78          8          0     427992   main.o
       418         12          0          0         20       2891   modbus.o
       854         78          0         12          0      11013   port.o
      2270         16          0          0          0      19546   queue.o
        64         26        236          0       2048        792   startup_stm32f103xb.o
       152         32          0          9          0       5125   stm32f1xx_hal.o
       304         22          0          0          0      29211   stm32f1xx_hal_cortex.o
       262          4          0          0          0       1675   stm32f1xx_hal_dma.o
       832         34          0          0          0       3193   stm32f1xx_hal_gpio.o
        72          4          0          0          0        802   stm32f1xx_hal_msp.o
      1748         98         18          0          0       5772   stm32f1xx_hal_rcc.o
      2064          8          0          0          0      11939   stm32f1xx_hal_uart.o
        50          0          0          0          0       3379   stm32f1xx_it.o
         0          0          0          0          0        392   stream_buffer.o
        12          4          0          1          0        595   system_ctrl.o
         2          0         24          4          0       1059   system_stm32f1xx.o
      3218        370          0         60        240      26777   tasks.o
       628         88          0          8        200       9177   uart.o
        14          0          0          0          0        446   uart_task.o

    ----------------------------------------------------------------------
     14572        916        392        140      13344     623496   Object Totals
         0          0         32          0          0          0   (incl. Generated)
        16          0          4          6          0          0   (incl. Padding)

    ----------------------------------------------------------------------

      Code (inc. data)   RO Data    RW Data    ZI Data      Debug   Library Member Name

         8          0          0          0          0         68   __main.o
         0          0          0          0          0          0   __rtentry.o
        12          0          0          0          0          0   __rtentry2.o
         6          0          0          0          0          0   __rtentry4.o
        52          8          0          0          0          0   __scatter.o
        26          0          0          0          0          0   __scatter_copy.o
        28          0          0          0          0          0   __scatter_zi.o
        12          0          0          0          0         72   exit.o
         6          0          0          0          0        152   heapauxi.o
         0          0          0          0          0          0   indicate_semi.o
         2          0          0          0          0          0   libinit.o
         2          0          0          0          0          0   libinit2.o
         2          0          0          0          0          0   libshutdown.o
         2          0          0          0          0          0   libshutdown2.o
         8          4          0          0         96         68   libspace.o
        78          0          0          0          0         80   rt_memclr_w.o
       138          0          0          0          0         68   rt_memcpy_v6.o
       100          0          0          0          0         80   rt_memcpy_w.o
         2          0          0          0          0          0   rtexit.o
        10          0          0          0          0          0   rtexit2.o
        12          4          0          0          0         68   sys_exit.o
        74          0          0          0          0         80   sys_stackheap_outer.o
         2          0          0          0          0         68   use_no_semi.o

    ----------------------------------------------------------------------
       588         16          0          0        100        804   Library Totals
         6          0          0          0          4          0   (incl. Padding)

    ----------------------------------------------------------------------

      Code (inc. data)   RO Data    RW Data    ZI Data      Debug   Library Name

       582         16          0          0         96        804   c_w.l

    ----------------------------------------------------------------------
       588         16          0          0        100        804   Library Totals

    ----------------------------------------------------------------------

==============================================================================


      Code (inc. data)   RO Data    RW Data    ZI Data      Debug   

     15160        932        392        140      13444     617172   Grand Totals
     15160        932        392        140      13444     617172   ELF Image Totals
     15160        932        392        140          0          0   ROM Totals

==============================================================================

    Total RO  Size (Code + RO Data)                15552 (  15.19kB)
    Total RW  Size (RW Data + ZI Data)             13584 (  13.27kB)
    Total ROM Size (Code + RO Data + RW Data)      15692 (  15.32kB)

==============================================================================

