Component: ARM Compiler 5.05 update 1 (build 106) Tool: armlink [4d0efa]

==============================================================================

Section Cross References

    startup_stm32f103xb.o(STACK) refers (Special) to heapauxi.o(.text) for __use_two_region_memory
    startup_stm32f103xb.o(HEAP) refers (Special) to heapauxi.o(.text) for __use_two_region_memory
    startup_stm32f103xb.o(RESET) refers (Special) to heapauxi.o(.text) for __use_two_region_memory
    startup_stm32f103xb.o(RESET) refers to startup_stm32f103xb.o(STACK) for __initial_sp
    startup_stm32f103xb.o(RESET) refers to startup_stm32f103xb.o(.text) for Reset_Handler
    startup_stm32f103xb.o(RESET) refers to stm32f1xx_it.o(i.NMI_Handler) for NMI_Handler
    startup_stm32f103xb.o(RESET) refers to stm32f1xx_it.o(i.HardFault_Handler) for HardFault_Handler
    startup_stm32f103xb.o(RESET) refers to stm32f1xx_it.o(i.MemManage_Handler) for MemManage_Handler
    startup_stm32f103xb.o(RESET) refers to stm32f1xx_it.o(i.BusFault_Handler) for BusFault_Handler
    startup_stm32f103xb.o(RESET) refers to stm32f1xx_it.o(i.UsageFault_Handler) for UsageFault_Handler
    startup_stm32f103xb.o(RESET) refers to port.o(.emb_text) for SVC_Handler
    startup_stm32f103xb.o(RESET) refers to stm32f1xx_it.o(i.DebugMon_Handler) for DebugMon_Handler
    startup_stm32f103xb.o(RESET) refers to stm32f1xx_it.o(i.SysTick_Handler) for SysTick_Handler
    startup_stm32f103xb.o(RESET) refers to stm32f1xx_it.o(i.USART1_IRQHandler) for USART1_IRQHandler
    startup_stm32f103xb.o(.text) refers (Special) to heapauxi.o(.text) for __use_two_region_memory
    startup_stm32f103xb.o(.text) refers to system_stm32f1xx.o(i.SystemInit) for SystemInit
    startup_stm32f103xb.o(.text) refers to __main.o(!!!main) for __main
    startup_stm32f103xb.o(.text) refers to startup_stm32f103xb.o(HEAP) for Heap_Mem
    startup_stm32f103xb.o(.text) refers to startup_stm32f103xb.o(STACK) for Stack_Mem
    main.o(i.SystemClock_Config) refers to rt_memclr_w.o(.text) for __aeabi_memclr4
    main.o(i.SystemClock_Config) refers to stm32f1xx_hal_rcc.o(i.HAL_RCC_OscConfig) for HAL_RCC_OscConfig
    main.o(i.SystemClock_Config) refers to error_handler.o(i.Error_Handler) for Error_Handler
    main.o(i.SystemClock_Config) refers to stm32f1xx_hal_rcc.o(i.HAL_RCC_ClockConfig) for HAL_RCC_ClockConfig
    main.o(i.main) refers to stm32f1xx_hal.o(i.HAL_Init) for HAL_Init
    main.o(i.main) refers to main.o(i.SystemClock_Config) for SystemClock_Config
    main.o(i.main) refers to led.o(i.BSP_LED_Init) for BSP_LED_Init
    main.o(i.main) refers to uart.o(i.BSP_UART_Init) for BSP_UART_Init
    main.o(i.main) refers to modbus.o(i.Modbus_Init) for Modbus_Init
    main.o(i.main) refers to system_ctrl.o(i.System_Ctrl_Init) for System_Ctrl_Init
    main.o(i.main) refers to system_ctrl.o(i.System_StartTasks) for System_StartTasks
    main.o(i.main) refers to error_handler.o(i.ErrorLogRecord) for ErrorLogRecord
    main.o(i.main) refers to error_handler.o(i.Error_Handler) for Error_Handler
    main.o(i.main) refers to cmsis_os.o(i.osKernelStart) for osKernelStart
    freertos.o(i.vApplicationGetIdleTaskMemory) refers to freertos.o(.bss) for xIdleTaskTCBBuffer
    stm32f1xx_it.o(i.BusFault_Handler) refers to error_handler.o(i.ErrorLogRecord) for ErrorLogRecord
    stm32f1xx_it.o(i.BusFault_Handler) refers to error_handler.o(i.System_HandleFault) for System_HandleFault
    stm32f1xx_it.o(i.HardFault_Handler) refers to error_handler.o(i.ErrorLogRecord) for ErrorLogRecord
    stm32f1xx_it.o(i.HardFault_Handler) refers to error_handler.o(i.System_HandleFault) for System_HandleFault
    stm32f1xx_it.o(i.MemManage_Handler) refers to error_handler.o(i.ErrorLogRecord) for ErrorLogRecord
    stm32f1xx_it.o(i.MemManage_Handler) refers to error_handler.o(i.System_HandleFault) for System_HandleFault
    stm32f1xx_it.o(i.SysTick_Handler) refers to stm32f1xx_hal.o(i.HAL_IncTick) for HAL_IncTick
    stm32f1xx_it.o(i.SysTick_Handler) refers to tasks.o(i.xTaskGetSchedulerState) for xTaskGetSchedulerState
    stm32f1xx_it.o(i.SysTick_Handler) refers to port.o(i.xPortSysTickHandler) for xPortSysTickHandler
    stm32f1xx_it.o(i.USART1_IRQHandler) refers to uart.o(i.BSP_UART_IRQHandler) for BSP_UART_IRQHandler
    stm32f1xx_it.o(i.UsageFault_Handler) refers to error_handler.o(i.ErrorLogRecord) for ErrorLogRecord
    stm32f1xx_it.o(i.UsageFault_Handler) refers to error_handler.o(i.System_HandleFault) for System_HandleFault
    stm32f1xx_hal_msp.o(i.HAL_MspInit) refers to stm32f1xx_hal_cortex.o(i.HAL_NVIC_SetPriority) for HAL_NVIC_SetPriority
    stm32f1xx_hal_msp.o(i.HAL_UART_MspDeInit) refers to stm32f1xx_hal_gpio.o(i.HAL_GPIO_DeInit) for HAL_GPIO_DeInit
    stm32f1xx_hal.o(i.HAL_DeInit) refers to stm32f1xx_hal.o(i.HAL_MspDeInit) for HAL_MspDeInit
    stm32f1xx_hal.o(i.HAL_Delay) refers to stm32f1xx_hal.o(i.HAL_GetTick) for HAL_GetTick
    stm32f1xx_hal.o(i.HAL_Delay) refers to stm32f1xx_hal.o(.data) for uwTickFreq
[...]
    i.System_HandleFault                     0x08002740   Section        0  error_handler.o(i.System_HandleFault)
    i.System_Init                            0x080027b0   Section        0  system_ctrl.o(i.System_Init)
    i.System_LogTaskStackWatermark           0x080027b8   Section        0  system_ctrl.o(i.System_LogTaskStackWatermark)
    System_LogTaskStackWatermark             0x080027b9   Thumb Code   102  system_ctrl.o(i.System_LogTaskStackWatermark)
    i.System_Monitor_Log                     0x08002898   Section        0  system_ctrl.o(i.System_Monitor_Log)
    System_Monitor_Log                       0x08002899   Thumb Code    30  system_ctrl.o(i.System_Monitor_Log)
    i.System_NotifyError                     0x080028b8   Section        0  error_handler.o(i.System_NotifyError)
    i.System_StartTasks                      0x080028f0   Section        0  system_ctrl.o(i.System_StartTasks)
    i.System_StopTaskIfRunning               0x08002a50   Section        0  system_ctrl.o(i.System_StopTaskIfRunning)
    System_StopTaskIfRunning                 0x08002a51   Thumb Code    94  system_ctrl.o(i.System_StopTaskIfRunning)
    i.System_StopTasks                       0x08002aec   Section        0  system_ctrl.o(i.System_StopTasks)
    i.System_ValidateConfig                  0x08002b10   Section        0  system_ctrl.o(i.System_ValidateConfig)
    System_ValidateConfig                    0x08002b11   Thumb Code     4  system_ctrl.o(i.System_ValidateConfig)
    i.System_WaitTaskDeleted                 0x08002b14   Section        0  system_ctrl.o(i.System_WaitTaskDeleted)
    System_WaitTaskDeleted                   0x08002b15   Thumb Code    16  system_ctrl.o(i.System_WaitTaskDeleted)
    i.UART_DMAAbortOnError                   0x08002b24   Section        0  stm32f1xx_hal_uart.o(i.UART_DMAAbortOnError)
    UART_DMAAbortOnError                     0x08002b25   Thumb Code    20  stm32f1xx_hal_uart.o(i.UART_DMAAbortOnError)
    i.UART_Driver_EnsureMutex                0x08002b38   Section        0  driver_uart.o(i.UART_Driver_EnsureMutex)
    UART_Driver_EnsureMutex                  0x08002b39   Thumb Code    40  driver_uart.o(i.UART_Driver_EnsureMutex)
    i.UART_Driver_Init                       0x08002b64   Section        0  driver_uart.o(i.UART_Driver_Init)
    i.UART_Driver_Receive                    0x08002b6e   Section        0  driver_uart.o(i.UART_Driver_Receive)
    i.UART_Driver_Send                       0x08002bc4   Section        0  driver_uart.o(i.UART_Driver_Send)
    i.UART_EndRxTransfer                     0x08002c1c   Section        0  stm32f1xx_hal_uart.o(i.UART_EndRxTransfer)
    UART_EndRxTransfer                       0x08002c1d   Thumb Code   108  stm32f1xx_hal_uart.o(i.UART_EndRxTransfer)
    i.UART_EndTransmit_IT                    0x08002c88   Section        0  stm32f1xx_hal_uart.o(i.UART_EndTransmit_IT)
    UART_EndTransmit_IT                      0x08002c89   Thumb Code    32  stm32f1xx_hal_uart.o(i.UART_EndTransmit_IT)
    i.UART_Receive_IT                        0x08002ca8   Section        0  stm32f1xx_hal_uart.o(i.UART_Receive_IT)
    UART_Receive_IT                          0x08002ca9   Thumb Code   252  stm32f1xx_hal_uart.o(i.UART_Receive_IT)
    i.UART_SetConfig                         0x08002da4   Section        0  stm32f1xx_hal_uart.o(i.UART_SetConfig)
    UART_SetConfig                           0x08002da5   Thumb Code   248  stm32f1xx_hal_uart.o(i.UART_SetConfig)
    i.UART_Start_Receive_IT                  0x08002ea0   Section        0  stm32f1xx_hal_uart.o(i.UART_Start_Receive_IT)
    i.UART_Task_RequestStop                  0x08002ee0   Section        0  uart_task.o(i.UART_Task_RequestStop)
    i.UART_Transmit_IT                       0x08002eec   Section        0  stm32f1xx_hal_uart.o(i.UART_Transmit_IT)
    UART_Transmit_IT                         0x08002eed   Thumb Code    96  stm32f1xx_hal_uart.o(i.UART_Transmit_IT)
    i.UART_WaitOnFlagUntilTimeout            0x08002f4c   Section        0  stm32f1xx_hal_uart.o(i.UART_WaitOnFlagUntilTimeout)
    UART_WaitOnFlagUntilTimeout              0x08002f4d   Thumb Code   140  stm32f1xx_hal_uart.o(i.UART_WaitOnFlagUntilTimeout)
    i.USART1_IRQHandler                      0x08002fd8   Section        0  stm32f1xx_it.o(i.USART1_IRQHandler)
    i.UsageFault_Handler                     0x08002fe0   Section        0  stm32f1xx_it.o(i.UsageFault_Handler)
    i.__NVIC_GetPriorityGrouping             0x08003010   Section        0  stm32f1xx_hal_cortex.o(i.__NVIC_GetPriorityGrouping)
    __NVIC_GetPriorityGrouping               0x08003011   Thumb Code    10  stm32f1xx_hal_cortex.o(i.__NVIC_GetPriorityGrouping)
    i.__NVIC_SetPriority                     0x08003020   Section        0  stm32f1xx_hal_cortex.o(i.__NVIC_SetPriority)
    __NVIC_SetPriority                       0x08003021   Thumb Code    32  stm32f1xx_hal_cortex.o(i.__NVIC_SetPriority)
    i.inHandlerMode                          0x08003048   Section        0  cmsis_os.o(i.inHandlerMode)
    inHandlerMode                            0x08003049   Thumb Code    16  cmsis_os.o(i.inHandlerMode)
    i.main                                   0x08003058   Section        0  main.o(i.main)
    i.makeFreeRtosPriority                   0x080030a0   Section        0  cmsis_os.o(i.makeFreeRtosPriority)
    makeFreeRtosPriority                     0x080030a1   Thumb Code    14  cmsis_os.o(i.makeFreeRtosPriority)
    i.osDelay                                0x080030ae   Section        0  cmsis_os.o(i.osDelay)
    i.osKernelStart                          0x080030c6   Section        0  cmsis_os.o(i.osKernelStart)
    i.osMutexCreate                          0x080030d0   Section        0  cmsis_os.o(i.osMutexCreate)
    i.osMutexRelease                         0x080030ec   Section        0  cmsis_os.o(i.osMutexRelease)
    i.osMutexWait                            0x0800313c   Section        0  cmsis_os.o(i.osMutexWait)
    i.osThreadCreate                         0x080031a4   Section        0  cmsis_os.o(i.osThreadCreate)
    i.osThreadTerminate                      0x08003202   Section        0  cmsis_os.o(i.osThreadTerminate)
    i.prvAddCurrentTaskToDelayedList         0x08003210   Section        0  tasks.o(i.prvAddCurrentTaskToDelayedList)
    prvAddCurrentTaskToDelayedList           0x08003211   Thumb Code   124  tasks.o(i.prvAddCurrentTaskToDelayedList)
    i.prvAddNewTaskToReadyList               0x080032a8   Section        0  tasks.o(i.prvAddNewTaskToReadyList)
    prvAddNewTaskToReadyList                 0x080032a9   Thumb Code   156  tasks.o(i.prvAddNewTaskToReadyList)
    i.prvCheckTasksWaitingTermination        0x08003360   Section        0  tasks.o(i.prvCheckTasksWaitingTermination)
    prvCheckTasksWaitingTermination          0x08003361   Thumb Code    60  tasks.o(i.prvCheckTasksWaitingTermination)
    i.prvCopyDataFromQueue                   0x080033a8   Section        0  queue.o(i.prvCopyDataFromQueue)
    prvCopyDataFromQueue                     0x080033a9   Thumb Code    42  queue.o(i.prvCopyDataFromQueue)
    i.prvCopyDataToQueue                     0x080033d2   Section        0  queue.o(i.prvCopyDataToQueue)
    prvCopyDataToQueue                       0x080033d3   Thumb Code   126  queue.o(i.prvCopyDataToQueue)
    i.prvDeleteTCB                           0x08003450   Section        0  tasks.o(i.prvDeleteTCB)
    prvDeleteTCB                             0x08003451   Thumb Code    80  tasks.o(i.prvDeleteTCB)
    i.prvGetDisinheritPriorityAfterTimeout   0x080034a0   Section        0  queue.o(i.prvGetDisinheritPriorityAfterTimeout)
    prvGetDisinheritPriorityAfterTimeout     0x080034a1   Thumb Code    20  queue.o(i.prvGetDisinheritPriorityAfterTimeout)
    i.prvHeapInit                            0x080034b4   Section        0  heap_4.o(i.prvHeapInit)
    prvHeapInit                              0x080034b5   Thumb Code    98  heap_4.o(i.prvHeapInit)
    i.prvIdleTask                            0x08003530   Section        0  tasks.o(i.prvIdleTask)
    prvIdleTask                              0x08003531   Thumb Code    32  tasks.o(i.prvIdleTask)
    i.prvInitialiseMutex                     0x08003558   Section        0  queue.o(i.prvInitialiseMutex)
    prvInitialiseMutex                       0x08003559   Thumb Code    30  queue.o(i.prvInitialiseMutex)
    i.prvInitialiseNewQueue                  0x08003576   Section        0  queue.o(i.prvInitialiseNewQueue)
    prvInitialiseNewQueue                    0x08003577   Thumb Code    42  queue.o(i.prvInitialiseNewQueue)
    i.prvInitialiseNewTask                   0x080035a0   Section        0  tasks.o(i.prvInitialiseNewTask)
    prvInitialiseNewTask                     0x080035a1   Thumb Code   190  tasks.o(i.prvInitialiseNewTask)
    i.prvInitialiseTaskLists                 0x08003660   Section        0  tasks.o(i.prvInitialiseTaskLists)
    prvInitialiseTaskLists                   0x08003661   Thumb Code    70  tasks.o(i.prvInitialiseTaskLists)
    i.prvInsertBlockIntoFreeList             0x080036c8   Section        0  heap_4.o(i.prvInsertBlockIntoFreeList)
    prvInsertBlockIntoFreeList               0x080036c9   Thumb Code    96  heap_4.o(i.prvInsertBlockIntoFreeList)
    i.prvIsQueueEmpty                        0x08003730   Section        0  queue.o(i.prvIsQueueEmpty)
    prvIsQueueEmpty                          0x08003731   Thumb Code    26  queue.o(i.prvIsQueueEmpty)
    i.prvIsQueueFull                         0x0800374a   Section        0  queue.o(i.prvIsQueueFull)
    prvIsQueueFull                           0x0800374b   Thumb Code    30  queue.o(i.prvIsQueueFull)
    i.prvResetNextTaskUnblockTime            0x08003768   Section        0  tasks.o(i.prvResetNextTaskUnblockTime)
    prvResetNextTaskUnblockTime              0x08003769   Thumb Code    42  tasks.o(i.prvResetNextTaskUnblockTime)
    i.prvTaskCheckFreeStackSpace             0x0800379c   Section        0  tasks.o(i.prvTaskCheckFreeStackSpace)
    prvTaskCheckFreeStackSpace               0x0800379d   Thumb Code    22  tasks.o(i.prvTaskCheckFreeStackSpace)
    i.prvTaskExitError                       0x080037b4   Section        0  port.o(i.prvTaskExitError)
    prvTaskExitError                         0x080037b5   Thumb Code    60  port.o(i.prvTaskExitError)
    i.prvUnlockQueue                         0x080037f4   Section        0  queue.o(i.prvUnlockQueue)
    prvUnlockQueue                           0x080037f5   Thumb Code   126  queue.o(i.prvUnlockQueue)
    i.pvPortMalloc                           0x08003874   Section        0  heap_4.o(i.pvPortMalloc)
    i.pvTaskIncrementMutexHeldCount          0x080039c0   Section        0  tasks.o(i.pvTaskIncrementMutexHeldCount)
    i.pxPortInitialiseStack                  0x080039e0   Section        0  port.o(i.pxPortInitialiseStack)
    i.uxListRemove                           0x08003a04   Section        0  list.o(i.uxListRemove)
    i.uxTaskGetStackHighWaterMark            0x08003a2c   Section        0  tasks.o(i.uxTaskGetStackHighWaterMark)
    i.vApplicationGetIdleTaskMemory          0x08003a54   Section        0  freertos.o(i.vApplicationGetIdleTaskMemory)
    i.vApplicationStackOverflowHook          0x08003a6c   Section        0  error_handler.o(i.vApplicationStackOverflowHook)
    i.vListInitialise                        0x08003aa0   Section        0  list.o(i.vListInitialise)
    i.vListInitialiseItem                    0x08003aba   Section        0  list.o(i.vListInitialiseItem)
    i.vListInsert                            0x08003ac0   Section        0  list.o(i.vListInsert)
    i.vListInsertEnd                         0x08003af4   Section        0  list.o(i.vListInsertEnd)
    i.vPortEnterCritical                     0x08003b0c   Section        0  port.o(i.vPortEnterCritical)
    i.vPortExitCritical                      0x08003b60   Section        0  port.o(i.vPortExitCritical)
    i.vPortFree                              0x08003b9c   Section        0  heap_4.o(i.vPortFree)
    i.vPortSetupTimerInterrupt               0x08003c40   Section        0  port.o(i.vPortSetupTimerInterrupt)
    i.vPortValidateInterruptPriority         0x08003c68   Section        0  port.o(i.vPortValidateInterruptPriority)
    i.vTaskDelay                             0x08003ce0   Section        0  tasks.o(i.vTaskDelay)
    i.vTaskDelete                            0x08003d3c   Section        0  tasks.o(i.vTaskDelete)
    i.vTaskInternalSetTimeOutState           0x08003e30   Section        0  tasks.o(i.vTaskInternalSetTimeOutState)
    i.vTaskMissedYield                       0x08003e48   Section        0  tasks.o(i.vTaskMissedYield)
    i.vTaskPlaceOnEventList                  0x08003e54   Section        0  tasks.o(i.vTaskPlaceOnEventList)
    i.vTaskPriorityDisinheritAfterTimeout    0x08003e8c   Section        0  tasks.o(i.vTaskPriorityDisinheritAfterTimeout)
    i.vTaskStartScheduler                    0x08003f70   Section        0  tasks.o(i.vTaskStartScheduler)
    i.vTaskSuspendAll                        0x08004020   Section        0  tasks.o(i.vTaskSuspendAll)
    i.vTaskSwitchContext                     0x08004030   Section        0  tasks.o(i.vTaskSwitchContext)
    i.xPortStartScheduler                    0x080040f4   Section        0  port.o(i.xPortStartScheduler)
    i.xPortSysTickHandler                    0x080041ec   Section        0  port.o(i.xPortSysTickHandler)
    i.xQueueCreateMutex                      0x08004220   Section        0  queue.o(i.xQueueCreateMutex)
    i.xQueueCreateMutexStatic                0x08004242   Section        0  queue.o(i.xQueueCreateMutexStatic)
    i.xQueueGenericCreate                    0x0800426c   Section        0  queue.o(i.xQueueGenericCreate)
    i.xQueueGenericCreateStatic              0x080042c6   Section        0  queue.o(i.xQueueGenericCreateStatic)
    i.xQueueGenericReset                     0x080043a8   Section        0  queue.o(i.xQueueGenericReset)
    i.xQueueGenericSend                      0x08004440   Section        0  queue.o(i.xQueueGenericSend)
    i.xQueueGiveFromISR                      0x080045e8   Section        0  queue.o(i.xQueueGiveFromISR)
    i.xQueueReceiveFromISR                   0x080046c8   Section        0  queue.o(i.xQueueReceiveFromISR)
    i.xQueueSemaphoreTake                    0x08004794   Section        0  queue.o(i.xQueueSemaphoreTake)
    i.xTaskCheckForTimeOut                   0x0800494c   Section        0  tasks.o(i.xTaskCheckForTimeOut)
    i.xTaskCreate                            0x080049d8   Section        0  tasks.o(i.xTaskCreate)
    i.xTaskCreateStatic                      0x08004a3c   Section        0  tasks.o(i.xTaskCreateStatic)
    i.xTaskGetSchedulerState                 0x08004af8   Section        0  tasks.o(i.xTaskGetSchedulerState)
    i.xTaskIncrementTick                     0x08004b18   Section        0  tasks.o(i.xTaskIncrementTick)
    i.xTaskPriorityDisinherit                0x08004c60   Section        0  tasks.o(i.xTaskPriorityDisinherit)
    i.xTaskPriorityInherit                   0x08004d28   Section        0  tasks.o(i.xTaskPriorityInherit)
    i.xTaskRemoveFromEventList               0x08004de0   Section        0  tasks.o(i.xTaskRemoveFromEventList)
    i.xTaskResumeAll                         0x08004e78   Section        0  tasks.o(i.xTaskResumeAll)
    .constdata                               0x08004f7c   Section       18  stm32f1xx_hal_rcc.o(.constdata)
    aPLLMULFactorTable                       0x08004f7c   Data          16  stm32f1xx_hal_rcc.o(.constdata)
    aPredivFactorTable                       0x08004f8c   Data           2  stm32f1xx_hal_rcc.o(.constdata)
    .constdata                               0x08004f8e   Section       24  system_stm32f1xx.o(.constdata)
    .constdata                               0x08004fa6   Section       10  modbus.o(.constdata)
    s_default_regs                           0x08004fa6   Data          10  modbus.o(.constdata)
    .constdata                               0x08004fb0   Section       28  system_ctrl.o(.constdata)
    .data                                    0x20000000   Section        9  stm32f1xx_hal.o(.data)
    .data                                    0x2000000c   Section        4  system_stm32f1xx.o(.data)
    .data                                    0x20000010   Section       60  tasks.o(.data)
    pxDelayedTaskList                        0x20000014   Data           4  tasks.o(.data)
    pxOverflowDelayedTaskList                0x20000018   Data           4  tasks.o(.data)
    uxDeletedTasksWaitingCleanUp             0x2000001c   Data           4  tasks.o(.data)
    uxCurrentNumberOfTasks                   0x20000020   Data           4  tasks.o(.data)
    xTickCount                               0x20000024   Data           4  tasks.o(.data)
    uxTopReadyPriority                       0x20000028   Data           4  tasks.o(.data)
    xSchedulerRunning                        0x2000002c   Data           4  tasks.o(.data)
    xPendedTicks                             0x20000030   Data           4  tasks.o(.data)
    xYieldPending                            0x20000034   Data           4  tasks.o(.data)
    xNumOfOverflows                          0x20000038   Data           4  tasks.o(.data)
    uxTaskNumber                             0x2000003c   Data           4  tasks.o(.data)
    xNextTaskUnblockTime                     0x20000040   Data           4  tasks.o(.data)
    xIdleTaskHandle                          0x20000044   Data           4  tasks.o(.data)
    uxSchedulerSuspended                     0x20000048   Data           4  tasks.o(.data)
    .data                                    0x2000004c   Section       32  heap_4.o(.data)
    xStart                                   0x2000004c   Data           8  heap_4.o(.data)
    pxEnd                                    0x20000054   Data           4  heap_4.o(.data)
    xFreeBytesRemaining                      0x20000058   Data           4  heap_4.o(.data)
    xMinimumEverFreeBytesRemaining           0x2000005c   Data           4  heap_4.o(.data)
    xNumberOfSuccessfulAllocations           0x20000060   Data           4  heap_4.o(.data)
    xNumberOfSuccessfulFrees                 0x20000064   Data           4  heap_4.o(.data)
    xBlockAllocatedBit                       0x20000068   Data           4  heap_4.o(.data)
    .data                                    0x2000006c   Section       12  port.o(.data)
    uxCriticalNesting                        0x2000006c   Data           4  port.o(.data)
    ucMaxSysCallPriority                     0x20000070   Data           1  port.o(.data)
    ulMaxPRIGROUPValue                       0x20000074   Data           4  port.o(.data)
    .data                                    0x20000078   Section       64  uart.o(.data)
    s_active_rx_buffer                       0x20000078   Data           4  uart.o(.data)
    s_ready_rx_buffer                        0x2000007c   Data           4  uart.o(.data)
    rx_count                                 0x20000080   Data           2  uart.o(.data)
    frame_ready                              0x20000082   Data           1  uart.o(.data)
    s_rx_need_recovery                       0x20000083   Data           1  uart.o(.data)
    s_uart_error_count                       0x20000084   Data           4  uart.o(.data)
    s_uart_rx_overflow_count                 0x20000088   Data           4  uart.o(.data)
    s_uart_ore_count                         0x2000008c   Data           4  uart.o(.data)
    s_uart_fe_count                          0x20000090   Data           4  uart.o(.data)
    s_uart_ne_count                          0x20000094   Data           4  uart.o(.data)
    s_uart_pe_count                          0x20000098   Data           4  uart.o(.data)
    s_uart_error_streak                      0x2000009c   Data           4  uart.o(.data)
    s_uart_irq_reentry_count                 0x200000a0   Data           4  uart.o(.data)
    s_uart_irq_busy                          0x200000a4   Data           1  uart.o(.data)
    s_uart_tx_in_progress                    0x200000a5   Data           1  uart.o(.data)
    s_last_error_log_tick                    0x200000a8   Data           4  uart.o(.data)
    s_last_recover_try_tick                  0x200000ac   Data           4  uart.o(.data)
    s_last_recover_fail_log_tick             0x200000b0   Data           4  uart.o(.data)
    s_last_post_frame_restart_log_tick       0x200000b4   Data           4  uart.o(.data)
    .data                                    0x200000b8   Section        1  error_handler.o(.data)
    s_last_error                             0x200000b8   Data           1  error_handler.o(.data)
    .data                                    0x200000bc   Section       13  system_ctrl.o(.data)
    s_led_task_handle                        0x200000bc   Data           4  system_ctrl.o(.data)
    s_uart_task_handle                       0x200000c0   Data           4  system_ctrl.o(.data)
    s_monitor_task_handle                    0x200000c4   Data           4  system_ctrl.o(.data)
    s_last_error                             0x200000c8   Data           1  system_ctrl.o(.data)
    .data                                    0x200000c9   Section        1  led_task.o(.data)
    s_led_task_stop                          0x200000c9   Data           1  led_task.o(.data)
    .data                                    0x200000ca   Section        1  monitor_task.o(.data)
    s_monitor_task_stop                      0x200000ca   Data           1  monitor_task.o(.data)
    .data                                    0x200000cb   Section        1  uart_task.o(.data)
    s_uart_task_stop                         0x200000cb   Data           1  uart_task.o(.data)
    .data                                    0x200000cc   Section        4  driver_uart.o(.data)
    s_uart_mutex                             0x200000cc   Data           4  driver_uart.o(.data)
    .bss                                     0x200000d0   Section      604  freertos.o(.bss)
    xIdleTaskTCBBuffer                       0x200000d0   Data          92  freertos.o(.bss)
    xIdleStack                               0x2000012c   Data         512  freertos.o(.bss)
    .bss                                     0x2000032c   Section      240  tasks.o(.bss)
    pxReadyTasksLists                        0x2000032c   Data         140  tasks.o(.bss)
    xDelayedTaskList1                        0x200003b8   Data          20  tasks.o(.bss)
    xDelayedTaskList2                        0x200003cc   Data          20  tasks.o(.bss)
    xPendingReadyList                        0x200003e0   Data          20  tasks.o(.bss)
    xTasksWaitingTermination                 0x200003f4   Data          20  tasks.o(.bss)
    xSuspendedTaskList                       0x20000408   Data          20  tasks.o(.bss)
    .bss                                     0x2000041c   Section    10240  heap_4.o(.bss)
    ucHeap                                   0x2000041c   Data       10240  heap_4.o(.bss)
    .bss                                     0x20002c1c   Section      584  uart.o(.bss)
    huart1                                   0x20002c1c   Data          72  uart.o(.bss)
    s_rx_buffer_a                            0x20002c64   Data         256  uart.o(.bss)
    s_rx_buffer_b                            0x20002d64   Data         256  uart.o(.bss)
    .bss                                     0x20002e64   Section      632  modbus.o(.bss)
    modbus_rx_buffer                         0x20002e64   Data         256  modbus.o(.bss)
    modbus_tx_buffer                         0x20002f64   Data         256  modbus.o(.bss)
    holding_regs                             0x20003064   Data         120  modbus.o(.bss)
    .bss                                     0x200030dc   Section       40  error_handler.o(.bss)
    s_error_counter                          0x200030dc   Data          40  error_handler.o(.bss)
    .bss                                     0x20003104   Section       80  system_ctrl.o(.bss)
    s_stack_log_line                         0x20003104   Data          80  system_ctrl.o(.bss)
    .bss                                     0x20003154   Section       96  libspace.o(.bss)
    HEAP                                     0x200031b8   Section     1024  startup_stm32f103xb.o(HEAP)
    Heap_Mem                                 0x200031b8   Data        1024  startup_stm32f103xb.o(HEAP)
    STACK                                    0x200035b8   Section     1024  startup_stm32f103xb.o(STACK)
    Stack_Mem                                0x200035b8   Data        1024  startup_stm32f103xb.o(STACK)
    __initial_sp                             0x200039b8   Data           0  startup_stm32f103xb.o(STACK)

    Global Symbols

    Symbol Name                              Value     Ov Type        Size  Object(Section)

    BuildAttributes$$THM_ISAv4$P$D$K$B$S$PE$A:L22UL41UL21$X:L11$S22US41US21$IEEE1$IW$USESV6$~STKCKD$USESV7$~SHL$OSPACE$ROPI$EBA8$UX$STANDARDLIB$REQ8$PRES8$EABIv2 0x00000000   Number         0  anon$$obj.o ABSOLUTE
    __ARM_use_no_argv                        0x00000000   Number         0  main.o ABSOLUTE
    _printf_flags                            0x00000000   Number         0  printf_stubs.o ABSOLUTE
    _printf_return_value                     0x00000000   Number         0  printf_stubs.o ABSOLUTE
    _printf_sizespec                         0x00000000   Number         0  printf_stubs.o ABSOLUTE
    _printf_widthprec                        0x00000000   Number         0  printf_stubs.o ABSOLUTE
    __ARM_exceptions_init                     - Undefined Weak Reference
    __alloca_initialize                       - Undefined Weak Reference
    __arm_preinit_                            - Undefined Weak Reference
    __cpp_initialize__aeabi_                  - Undefined Weak Reference
    __cxa_finalize                            - Undefined Weak Reference
    __rt_locale                               - Undefined Weak Reference
    __sigvec_lookup                           - Undefined Weak Reference
    _atexit_init                              - Undefined Weak Reference
    _call_atexit_fns                          - Undefined Weak Reference
    _clock_init                               - Undefined Weak Reference
    _fp_trap_init                             - Undefined Weak Reference
    _fp_trap_shutdown                         - Undefined Weak Reference
    _get_lc_collate                           - Undefined Weak Reference
    _get_lc_ctype                             - Undefined Weak Reference
    _get_lc_monetary                          - Undefined Weak Reference
    _get_lc_numeric                           - Undefined Weak Reference
    _get_lc_time                              - Undefined Weak Reference
    _getenv_init                              - Undefined Weak Reference
    _handle_redirection                       - Undefined Weak Reference
    _init_alloc                               - Undefined Weak Reference
    _init_user_alloc                          - Undefined Weak Reference
    _initio                                   - Undefined Weak Reference
    _printf_mbtowc                            - Undefined Weak Reference
    _printf_post_padding                      - Undefined Weak Reference
    _printf_pre_padding                       - Undefined Weak Reference
    _printf_truncate_signed                   - Undefined Weak Reference
    _printf_truncate_unsigned                 - Undefined Weak Reference
    _rand_init                                - Undefined Weak Reference
    _signal_finish                            - Undefined Weak Reference
    _signal_init                              - Undefined Weak Reference
    _terminate_alloc                          - Undefined Weak Reference
    _terminate_user_alloc                     - Undefined Weak Reference
    _terminateio                              - Undefined Weak Reference
    __Vectors_Size                           0x000000ec   Number         0  startup_stm32f103xb.o ABSOLUTE
    __Vectors                                0x08000000   Data           4  startup_stm32f103xb.o(RESET)
    __Vectors_End                            0x080000ec   Data           0  startup_stm32f103xb.o(RESET)
    __main                                   0x080000ed   Thumb Code     8  __main.o(!!!main)
    __scatterload                            0x080000f5   Thumb Code     0  __scatter.o(!!!scatter)
    __scatterload_rt2                        0x080000f5   Thumb Code    44  __scatter.o(!!!scatter)
    __scatterload_rt2_thumb_only             0x080000f5   Thumb Code     0  __scatter.o(!!!scatter)
    __scatterload_null                       0x08000103   Thumb Code     0  __scatter.o(!!!scatter)
    __scatterload_copy                       0x08000129   Thumb Code    26  __scatter_copy.o(!!handler_copy)
    __scatterload_zeroinit                   0x08000145   Thumb Code    28  __scatter_zi.o(!!handler_zi)
    _printf_d                                0x08000161   Thumb Code     0  _printf_d.o(.ARM.Collect$$_printf_percent$$00000009)
    _printf_percent                          0x08000161   Thumb Code     0  _printf_percent.o(.ARM.Collect$$_printf_percent$$00000000)
    _printf_u                                0x08000167   Thumb Code     0  _printf_u.o(.ARM.Collect$$_printf_percent$$0000000A)
    _printf_s                                0x0800016d   Thumb Code     0  _printf_s.o(.ARM.Collect$$_printf_percent$$00000014)
    _printf_percent_end                      0x08000173   Thumb Code     0  _printf_percent_end.o(.ARM.Collect$$_printf_percent$$00000017)
    __rt_lib_init                            0x08000177   Thumb Code     0  libinit.o(.ARM.Collect$$libinit$$00000000)
    __rt_lib_init_alloca_1                   0x08000179   Thumb Code     0  libinit2.o(.ARM.Collect$$libinit$$0000002E)
    __rt_lib_init_argv_1                     0x08000179   Thumb Code     0  libinit2.o(.ARM.Collect$$libinit$$0000002C)
    __rt_lib_init_atexit_1                   0x08000179   Thumb Code     0  libinit2.o(.ARM.Collect$$libinit$$0000001B)
    __rt_lib_init_clock_1                    0x08000179   Thumb Code     0  libinit2.o(.ARM.Collect$$libinit$$00000021)
    __rt_lib_init_cpp_1                      0x08000179   Thumb Code     0  libinit2.o(.ARM.Collect$$libinit$$00000032)
    __rt_lib_init_exceptions_1               0x08000179   Thumb Code     0  libinit2.o(.ARM.Collect$$libinit$$00000030)
    __rt_lib_init_fp_1                       0x08000179   Thumb Code     0  libinit2.o(.ARM.Collect$$libinit$$00000002)
    __rt_lib_init_fp_trap_1                  0x08000179   Thumb Code     0  libinit2.o(.ARM.Collect$$libinit$$0000001F)
    __rt_lib_init_getenv_1                   0x08000179   Thumb Code     0  libinit2.o(.ARM.Collect$$libinit$$00000023)
    __rt_lib_init_heap_1                     0x08000179   Thumb Code     0  libinit2.o(.ARM.Collect$$libinit$$0000000A)
    __rt_lib_init_lc_collate_1               0x08000179   Thumb Code     0  libinit2.o(.ARM.Collect$$libinit$$00000011)
    __rt_lib_init_lc_ctype_1                 0x08000179   Thumb Code     0  libinit2.o(.ARM.Collect$$libinit$$00000013)
    __rt_lib_init_lc_monetary_1              0x08000179   Thumb Code     0  libinit2.o(.ARM.Collect$$libinit$$00000015)
    __rt_lib_init_lc_numeric_1               0x08000179   Thumb Code     0  libinit2.o(.ARM.Collect$$libinit$$00000017)
    __rt_lib_init_lc_time_1                  0x08000179   Thumb Code     0  libinit2.o(.ARM.Collect$$libinit$$00000019)
    __rt_lib_init_preinit_1                  0x08000179   Thumb Code     0  libinit2.o(.ARM.Collect$$libinit$$00000004)
    __rt_lib_init_rand_1                     0x08000179   Thumb Code     0  libinit2.o(.ARM.Collect$$libinit$$0000000E)
    __rt_lib_init_return                     0x08000179   Thumb Code     0  libinit2.o(.ARM.Collect$$libinit$$00000033)
    __rt_lib_init_signal_1                   0x08000179   Thumb Code     0  libinit2.o(.ARM.Collect$$libinit$$0000001D)
    __rt_lib_init_stdio_1                    0x08000179   Thumb Code     0  libinit2.o(.ARM.Collect$$libinit$$00000025)
    __rt_lib_init_user_alloc_1               0x08000179   Thumb Code     0  libinit2.o(.ARM.Collect$$libinit$$0000000C)
    __rt_lib_shutdown                        0x0800017b   Thumb Code     0  libshutdown.o(.ARM.Collect$$libshutdown$$00000000)
    __rt_lib_shutdown_fp_trap_1              0x0800017d   Thumb Code     0  libshutdown2.o(.ARM.Collect$$libshutdown$$00000006)
    __rt_lib_shutdown_heap_1                 0x0800017d   Thumb Code     0  libshutdown2.o(.ARM.Collect$$libshutdown$$0000000E)
    __rt_lib_shutdown_return                 0x0800017d   Thumb Code     0  libshutdown2.o(.ARM.Collect$$libshutdown$$0000000F)
    __rt_lib_shutdown_signal_1               0x0800017d   Thumb Code     0  libshutdown2.o(.ARM.Collect$$libshutdown$$00000009)
    __rt_lib_shutdown_stdio_1                0x0800017d   Thumb Code     0  libshutdown2.o(.ARM.Collect$$libshutdown$$00000003)
    __rt_lib_shutdown_user_alloc_1           0x0800017d   Thumb Code     0  libshutdown2.o(.ARM.Collect$$libshutdown$$0000000B)
    __rt_entry                               0x0800017f   Thumb Code     0  __rtentry.o(.ARM.Collect$$rtentry$$00000000)
    __rt_entry_presh_1                       0x0800017f   Thumb Code     0  __rtentry2.o(.ARM.Collect$$rtentry$$00000002)
    __rt_entry_sh                            0x0800017f   Thumb Code     0  __rtentry4.o(.ARM.Collect$$rtentry$$00000004)
    __rt_entry_li                            0x08000185   Thumb Code     0  __rtentry2.o(.ARM.Collect$$rtentry$$0000000A)
    __rt_entry_postsh_1                      0x08000185   Thumb Code     0  __rtentry2.o(.ARM.Collect$$rtentry$$00000009)
    __rt_entry_main                          0x08000189   Thumb Code     0  __rtentry2.o(.ARM.Collect$$rtentry$$0000000D)
    __rt_entry_postli_1                      0x08000189   Thumb Code     0  __rtentry2.o(.ARM.Collect$$rtentry$$0000000C)
    __rt_exit                                0x08000191   Thumb Code     0  rtexit.o(.ARM.Collect$$rtexit$$00000000)
    __rt_exit_ls                             0x08000193   Thumb Code     0  rtexit2.o(.ARM.Collect$$rtexit$$00000003)
    __rt_exit_prels_1                        0x08000193   Thumb Code     0  rtexit2.o(.ARM.Collect$$rtexit$$00000002)
    __rt_exit_exit                           0x08000197   Thumb Code     0  rtexit2.o(.ARM.Collect$$rtexit$$00000004)
    SVC_Handler                              0x0800019d   Thumb Code    32  port.o(.emb_text)
    __asm___6_port_c_39a90d8d__prvStartFirstTask 0x080001c1   Thumb Code    28  port.o(.emb_text)
    PendSV_Handler                           0x080001e1   Thumb Code    72  port.o(.emb_text)
    vPortGetIPSR                             0x0800022d   Thumb Code     6  port.o(.emb_text)
    Reset_Handler                            0x08000235   Thumb Code     8  startup_stm32f103xb.o(.text)
    ADC1_2_IRQHandler                        0x0800024f   Thumb Code     0  startup_stm32f103xb.o(.text)
    CAN1_RX1_IRQHandler                      0x0800024f   Thumb Code     0  startup_stm32f103xb.o(.text)
    CAN1_SCE_IRQHandler                      0x0800024f   Thumb Code     0  startup_stm32f103xb.o(.text)
    DMA1_Channel1_IRQHandler                 0x0800024f   Thumb Code     0  startup_stm32f103xb.o(.text)
    DMA1_Channel2_IRQHandler                 0x0800024f   Thumb Code     0  startup_stm32f103xb.o(.text)
    DMA1_Channel3_IRQHandler                 0x0800024f   Thumb Code     0  startup_stm32f103xb.o(.text)
    DMA1_Channel4_IRQHandler                 0x0800024f   Thumb Code     0  startup_stm32f103xb.o(.text)
    DMA1_Channel5_IRQHandler                 0x0800024f   Thumb Code     0  startup_stm32f103xb.o(.text)
    DMA1_Channel6_IRQHandler                 0x0800024f   Thumb Code     0  startup_stm32f103xb.o(.text)
    DMA1_Channel7_IRQHandler                 0x0800024f   Thumb Code     0  startup_stm32f103xb.o(.text)
    EXTI0_IRQHandler                         0x0800024f   Thumb Code     0  startup_stm32f103xb.o(.text)
    EXTI15_10_IRQHandler                     0x0800024f   Thumb Code     0  startup_stm32f103xb.o(.text)
    EXTI1_IRQHandler                         0x0800024f   Thumb Code     0  startup_stm32f103xb.o(.text)
    EXTI2_IRQHandler                         0x0800024f   Thumb Code     0  startup_stm32f103xb.o(.text)
    EXTI3_IRQHandler                         0x0800024f   Thumb Code     0  startup_stm32f103xb.o(.text)
    EXTI4_IRQHandler                         0x0800024f   Thumb Code     0  startup_stm32f103xb.o(.text)
    EXTI9_5_IRQHandler                       0x0800024f   Thumb Code     0  startup_stm32f103xb.o(.text)
    FLASH_IRQHandler                         0x0800024f   Thumb Code     0  startup_stm32f103xb.o(.text)
    I2C1_ER_IRQHandler                       0x0800024f   Thumb Code     0  startup_stm32f103xb.o(.text)
    I2C1_EV_IRQHandler                       0x0800024f   Thumb Code     0  startup_stm32f103xb.o(.text)
    I2C2_ER_IRQHandler                       0x0800024f   Thumb Code     0  startup_stm32f103xb.o(.text)
    I2C2_EV_IRQHandler                       0x0800024f   Thumb Code     0  startup_stm32f103xb.o(.text)
    PVD_IRQHandler                           0x0800024f   Thumb Code     0  startup_stm32f103xb.o(.text)
    RCC_IRQHandler                           0x0800024f   Thumb Code     0  startup_stm32f103xb.o(.text)
    RTC_Alarm_IRQHandler                     0x0800024f   Thumb Code     0  startup_stm32f103xb.o(.text)
    RTC_IRQHandler                           0x0800024f   Thumb Code     0  startup_stm32f103xb.o(.text)
    SPI1_IRQHandler                          0x0800024f   Thumb Code     0  startup_stm32f103xb.o(.text)
    SPI2_IRQHandler                          0x0800024f   Thumb Code     0  startup_stm32f103xb.o(.text)
    TAMPER_IRQHandler                        0x0800024f   Thumb Code     0  startup_stm32f103xb.o(.text)
    TIM1_BRK_IRQHandler                      0x0800024f   Thumb Code     0  startup_stm32f103xb.o(.text)
    TIM1_CC_IRQHandler                       0x0800024f   Thumb Code     0  startup_stm32f103xb.o(.text)
    TIM1_TRG_COM_IRQHandler                  0x0800024f   Thumb Code     0  startup_stm32f103xb.o(.text)
    TIM1_UP_IRQHandler                       0x0800024f   Thumb Code     0  startup_stm32f103xb.o(.text)
    TIM2_IRQHandler                          0x0800024f   Thumb Code     0  startup_stm32f103xb.o(.text)
    TIM3_IRQHandler                          0x0800024f   Thumb Code     0  startup_stm32f103xb.o(.text)
    TIM4_IRQHandler                          0x0800024f   Thumb Code     0  startup_stm32f103xb.o(.text)
    USART2_IRQHandler                        0x0800024f   Thumb Code     0  startup_stm32f103xb.o(.text)
    USART3_IRQHandler                        0x0800024f   Thumb Code     0  startup_stm32f103xb.o(.text)
    USBWakeUp_IRQHandler                     0x0800024f   Thumb Code     0  startup_stm32f103xb.o(.text)
    USB_HP_CAN1_TX_IRQHandler                0x0800024f   Thumb Code     0  startup_stm32f103xb.o(.text)
    USB_LP_CAN1_RX0_IRQHandler               0x0800024f   Thumb Code     0  startup_stm32f103xb.o(.text)
    WWDG_IRQHandler                          0x0800024f   Thumb Code     0  startup_stm32f103xb.o(.text)
    __user_initial_stackheap                 0x08000251   Thumb Code     0  startup_stm32f103xb.o(.text)
    __2snprintf                              0x08000275   Thumb Code    50  __2snprintf.o(.text)
    __printf                                 0x080002ad   Thumb Code   104  __printf.o(.text)
    _printf_str                              0x08000315   Thumb Code    82  _printf_str.o(.text)
    _printf_int_dec                          0x08000369   Thumb Code   104  _printf_dec.o(.text)
    strlen                                   0x080003e1   Thumb Code    62  strlen.o(.text)
    __aeabi_memcpy                           0x0800041f   Thumb Code     0  rt_memcpy_v6.o(.text)
    __rt_memcpy                              0x0800041f   Thumb Code   138  rt_memcpy_v6.o(.text)
    _memcpy_lastbytes                        0x08000485   Thumb Code     0  rt_memcpy_v6.o(.text)
    __aeabi_memcpy4                          0x080004a9   Thumb Code     0  rt_memcpy_w.o(.text)
    __aeabi_memcpy8                          0x080004a9   Thumb Code     0  rt_memcpy_w.o(.text)
    __rt_memcpy_w                            0x080004a9   Thumb Code   100  rt_memcpy_w.o(.text)
    _memcpy_lastbytes_aligned                0x080004f1   Thumb Code     0  rt_memcpy_w.o(.text)
    __aeabi_memset                           0x0800050d   Thumb Code    16  aeabi_memset.o(.text)
    __aeabi_memclr4                          0x0800051d   Thumb Code     0  rt_memclr_w.o(.text)
    __aeabi_memclr8                          0x0800051d   Thumb Code     0  rt_memclr_w.o(.text)
    __rt_memclr_w                            0x0800051d   Thumb Code    78  rt_memclr_w.o(.text)
    _memset_w                                0x08000521   Thumb Code     0  rt_memclr_w.o(.text)
    strcmp                                   0x0800056d   Thumb Code   128  strcmpv7m.o(.text)
    __use_two_region_memory                  0x080005ed   Thumb Code     2  heapauxi.o(.text)
    __rt_heap_escrow$2region                 0x080005ef   Thumb Code     2  heapauxi.o(.text)
    __rt_heap_expand$2region                 0x080005f1   Thumb Code     2  heapauxi.o(.text)
    _printf_int_common                       0x080005f3   Thumb Code   178  _printf_intcommon.o(.text)
    _printf_char_common                      0x080006af   Thumb Code    32  _printf_char_common.o(.text)
    _sputc                                   0x080006d5   Thumb Code    10  _sputc.o(.text)
    _snputc                                  0x080006df   Thumb Code    16  _snputc.o(.text)
    _printf_cs_common                        0x080006ef   Thumb Code    20  _printf_char.o(.text)
    _printf_char                             0x08000703   Thumb Code    16  _printf_char.o(.text)
    _printf_string                           0x08000713   Thumb Code     8  _printf_char.o(.text)
    __aeabi_memclr                           0x0800071b   Thumb Code     0  rt_memclr.o(.text)
    __rt_memclr                              0x0800071b   Thumb Code    68  rt_memclr.o(.text)
    _memset                                  0x0800071f   Thumb Code     0  rt_memclr.o(.text)
    __user_setup_stackheap                   0x0800075f   Thumb Code    74  sys_stackheap_outer.o(.text)
    exit                                     0x080007a9   Thumb Code    12  exit.o(.text)
    __user_libspace                          0x080007b5   Thumb Code     8  libspace.o(.text)
    __user_perproc_libspace                  0x080007b5   Thumb Code     0  libspace.o(.text)
    __user_perthread_libspace                0x080007b5   Thumb Code     0  libspace.o(.text)
    _sys_exit                                0x080007bd   Thumb Code     8  sys_exit.o(.text)
    __I$use$semihosting                      0x080007c9   Thumb Code     0  use_no_semi.o(.text)
    __use_no_semihosting_swi                 0x080007c9   Thumb Code     2  use_no_semi.o(.text)
    __semihosting_library_function           0x080007cb   Thumb Code     0  indicate_semi.o(.text)
    BSP_LED_Init                             0x080007cd   Thumb Code    82  led.o(i.BSP_LED_Init)
    BSP_LED_Off                              0x08000829   Thumb Code    14  led.o(i.BSP_LED_Off)
    BSP_LED_On                               0x0800083d   Thumb Code    16  led.o(i.BSP_LED_On)
    BSP_LED_Toggle                           0x08000851   Thumb Code    14  led.o(i.BSP_LED_Toggle)
    BSP_UART_IRQHandler                      0x08000949   Thumb Code   154  uart.o(i.BSP_UART_IRQHandler)
    BSP_UART_Init                            0x080009fd   Thumb Code   240  uart.o(i.BSP_UART_Init)
    BSP_UART_IsFrameReady                    0x08000b21   Thumb Code    12  uart.o(i.BSP_UART_IsFrameReady)
    BSP_UART_ReadFrame                       0x08000b31   Thumb Code   176  uart.o(i.BSP_UART_ReadFrame)
    BSP_UART_Send                            0x08000d01   Thumb Code    56  uart.o(i.BSP_UART_Send)
    BusFault_Handler                         0x08000dc5   Thumb Code    20  stm32f1xx_it.o(i.BusFault_Handler)
    DebugMon_Handler                         0x08000e41   Thumb Code     2  stm32f1xx_it.o(i.DebugMon_Handler)
    ErrorLogRecord                           0x08000e45   Thumb Code    88  error_handler.o(i.ErrorLogRecord)
    Error_Handler                            0x08000ebd   Thumb Code    20  error_handler.o(i.Error_Handler)
    HAL_DMA_Abort                            0x08000f13   Thumb Code    86  stm32f1xx_hal_dma.o(i.HAL_DMA_Abort)
    HAL_DMA_Abort_IT                         0x08000f69   Thumb Code   172  stm32f1xx_hal_dma.o(i.HAL_DMA_Abort_IT)
    HAL_DMA_GetError                         0x08001019   Thumb Code     6  stm32f1xx_hal_dma.o(i.HAL_DMA_GetError)
    HAL_GPIO_Init                            0x08001021   Thumb Code   766  stm32f1xx_hal_gpio.o(i.HAL_GPIO_Init)
    HAL_GPIO_TogglePin                       0x08001341   Thumb Code    20  stm32f1xx_hal_gpio.o(i.HAL_GPIO_TogglePin)
    HAL_GPIO_WritePin                        0x08001355   Thumb Code    12  stm32f1xx_hal_gpio.o(i.HAL_GPIO_WritePin)
    HAL_GetTick                              0x08001361   Thumb Code     6  stm32f1xx_hal.o(i.HAL_GetTick)
    HAL_IncTick                              0x0800136d   Thumb Code    16  stm32f1xx_hal.o(i.HAL_IncTick)
    HAL_Init                                 0x08001385   Thumb Code    34  stm32f1xx_hal.o(i.HAL_Init)
    HAL_InitTick                             0x080013ad   Thumb Code    64  stm32f1xx_hal.o(i.HAL_InitTick)
    HAL_MspInit                              0x080013f9   Thumb Code    68  stm32f1xx_hal_msp.o(i.HAL_MspInit)
    HAL_NVIC_EnableIRQ                       0x08001441   Thumb Code    32  stm32f1xx_hal_cortex.o(i.HAL_NVIC_EnableIRQ)
    HAL_NVIC_SetPriority                     0x08001461   Thumb Code   124  stm32f1xx_hal_cortex.o(i.HAL_NVIC_SetPriority)
    HAL_NVIC_SetPriorityGrouping             0x080014dd   Thumb Code    32  stm32f1xx_hal_cortex.o(i.HAL_NVIC_SetPriorityGrouping)
    HAL_RCC_ClockConfig                      0x08001505   Thumb Code   376  stm32f1xx_hal_rcc.o(i.HAL_RCC_ClockConfig)
    HAL_RCC_GetHCLKFreq                      0x08001691   Thumb Code     6  stm32f1xx_hal_rcc.o(i.HAL_RCC_GetHCLKFreq)
    HAL_RCC_GetPCLK1Freq                     0x0800169d   Thumb Code    22  stm32f1xx_hal_rcc.o(i.HAL_RCC_GetPCLK1Freq)
    HAL_RCC_GetPCLK2Freq                     0x080016bd   Thumb Code    22  stm32f1xx_hal_rcc.o(i.HAL_RCC_GetPCLK2Freq)
    HAL_RCC_GetSysClockFreq                  0x080016dd   Thumb Code    92  stm32f1xx_hal_rcc.o(i.HAL_RCC_GetSysClockFreq)
    HAL_RCC_OscConfig                        0x0800174d   Thumb Code  1114  stm32f1xx_hal_rcc.o(i.HAL_RCC_OscConfig)
    HAL_SYSTICK_Config                       0x08001bb1   Thumb Code    52  stm32f1xx_hal_cortex.o(i.HAL_SYSTICK_Config)
    HAL_UARTEx_RxEventCallback               0x08001be5   Thumb Code     2  stm32f1xx_hal_uart.o(i.HAL_UARTEx_RxEventCallback)
    HAL_UART_AbortReceive                    0x08001be7   Thumb Code   194  stm32f1xx_hal_uart.o(i.HAL_UART_AbortReceive)
    HAL_UART_ErrorCallback                   0x08001ca9   Thumb Code    26  uart.o(i.HAL_UART_ErrorCallback)
    HAL_UART_IRQHandler                      0x08001cc9   Thumb Code   736  stm32f1xx_hal_uart.o(i.HAL_UART_IRQHandler)
    HAL_UART_Init                            0x08001fad   Thumb Code   118  stm32f1xx_hal_uart.o(i.HAL_UART_Init)
    HAL_UART_MspInit                         0x08002023   Thumb Code     2  stm32f1xx_hal_uart.o(i.HAL_UART_MspInit)
    HAL_UART_Receive_IT                      0x08002025   Thumb Code    44  stm32f1xx_hal_uart.o(i.HAL_UART_Receive_IT)
    HAL_UART_RxCpltCallback                  0x08002051   Thumb Code   186  uart.o(i.HAL_UART_RxCpltCallback)
    HAL_UART_Transmit                        0x08002129   Thumb Code   190  stm32f1xx_hal_uart.o(i.HAL_UART_Transmit)
    HAL_UART_TxCpltCallback                  0x080021e7   Thumb Code     2  stm32f1xx_hal_uart.o(i.HAL_UART_TxCpltCallback)
    HardFault_Handler                        0x080021e9   Thumb Code    20  stm32f1xx_it.o(i.HardFault_Handler)
    LED_Task_RequestStop                     0x08002219   Thumb Code     8  led_task.o(i.LED_Task_RequestStop)
    MemManage_Handler                        0x08002225   Thumb Code    20  stm32f1xx_it.o(i.MemManage_Handler)
    Modbus_Init                              0x08002325   Thumb Code   106  modbus.o(i.Modbus_Init)
    Modbus_Process                           0x080023a1   Thumb Code    74  modbus.o(i.Modbus_Process)
    Modbus_ReadHoldingRegister               0x080023f1   Thumb Code    28  modbus.o(i.Modbus_ReadHoldingRegister)
    Monitor_Task_RequestStop                 0x08002499   Thumb Code     8  monitor_task.o(i.Monitor_Task_RequestStop)
    NMI_Handler                              0x080024a5   Thumb Code     4  stm32f1xx_it.o(i.NMI_Handler)
    Start_LED_Task                           0x080024d1   Thumb Code    44  led_task.o(i.Start_LED_Task)
    Start_Monitor_Task                       0x08002501   Thumb Code    50  monitor_task.o(i.Start_Monitor_Task)
    Start_UART_Task                          0x08002539   Thumb Code    38  uart_task.o(i.Start_UART_Task)
    SysTick_Handler                          0x08002565   Thumb Code    20  stm32f1xx_it.o(i.SysTick_Handler)
    SystemClock_Config                       0x08002579   Thumb Code   102  main.o(i.SystemClock_Config)
    SystemInit                               0x080025df   Thumb Code     2  system_stm32f1xx.o(i.SystemInit)
    System_CheckStackWatermark               0x080025e1   Thumb Code    34  system_ctrl.o(i.System_CheckStackWatermark)
    System_Check_Stack_Watermark             0x08002625   Thumb Code     8  system_ctrl.o(i.System_Check_Stack_Watermark)
    System_CreateTask                        0x0800262d   Thumb Code    58  system_ctrl.o(i.System_CreateTask)
    System_Ctrl_Init                         0x0800266d   Thumb Code    44  system_ctrl.o(i.System_Ctrl_Init)
    System_DestroyTask                       0x080026dd   Thumb Code    14  system_ctrl.o(i.System_DestroyTask)
    System_EnterSafeMode                     0x080026eb   Thumb Code    10  error_handler.o(i.System_EnterSafeMode)
    System_HandleFault                       0x08002741   Thumb Code   100  error_handler.o(i.System_HandleFault)
    System_Init                              0x080027b1   Thumb Code     8  system_ctrl.o(i.System_Init)
    System_NotifyError                       0x080028b9   Thumb Code    38  error_handler.o(i.System_NotifyError)
    System_StartTasks                        0x080028f1   Thumb Code   164  system_ctrl.o(i.System_StartTasks)
    System_StopTasks                         0x08002aed   Thumb Code    22  system_ctrl.o(i.System_StopTasks)
    UART_Driver_Init                         0x08002b65   Thumb Code    10  driver_uart.o(i.UART_Driver_Init)
    UART_Driver_Receive                      0x08002b6f   Thumb Code    86  driver_uart.o(i.UART_Driver_Receive)
    UART_Driver_Send                         0x08002bc5   Thumb Code    82  driver_uart.o(i.UART_Driver_Send)
    UART_Start_Receive_IT                    0x08002ea1   Thumb Code    64  stm32f1xx_hal_uart.o(i.UART_Start_Receive_IT)
    UART_Task_RequestStop                    0x08002ee1   Thumb Code     8  uart_task.o(i.UART_Task_RequestStop)
    USART1_IRQHandler                        0x08002fd9   Thumb Code     8  stm32f1xx_it.o(i.USART1_IRQHandler)
    UsageFault_Handler                       0x08002fe1   Thumb Code    20  stm32f1xx_it.o(i.UsageFault_Handler)
    main                                     0x08003059   Thumb Code    52  main.o(i.main)
    osDelay                                  0x080030af   Thumb Code    24  cmsis_os.o(i.osDelay)
    osKernelStart                            0x080030c7   Thumb Code    10  cmsis_os.o(i.osKernelStart)
    osMutexCreate                            0x080030d1   Thumb Code    26  cmsis_os.o(i.osMutexCreate)
    osMutexRelease                           0x080030ed   Thumb Code    76  cmsis_os.o(i.osMutexRelease)
    osMutexWait                              0x0800313d   Thumb Code   100  cmsis_os.o(i.osMutexWait)
    osThreadCreate                           0x080031a5   Thumb Code    94  cmsis_os.o(i.osThreadCreate)
    osThreadTerminate                        0x08003203   Thumb Code    14  cmsis_os.o(i.osThreadTerminate)
    pvPortMalloc                             0x08003875   Thumb Code   306  heap_4.o(i.pvPortMalloc)
    pvTaskIncrementMutexHeldCount            0x080039c1   Thumb Code    26  tasks.o(i.pvTaskIncrementMutexHeldCount)
    pxPortInitialiseStack                    0x080039e1   Thumb Code    30  port.o(i.pxPortInitialiseStack)
    uxListRemove                             0x08003a05   Thumb Code    40  list.o(i.uxListRemove)
    uxTaskGetStackHighWaterMark              0x08003a2d   Thumb Code    34  tasks.o(i.uxTaskGetStackHighWaterMark)
    vApplicationGetIdleTaskMemory            0x08003a55   Thumb Code    14  freertos.o(i.vApplicationGetIdleTaskMemory)
    vApplicationStackOverflowHook            0x08003a6d   Thumb Code    16  error_handler.o(i.vApplicationStackOverflowHook)
    vListInitialise                          0x08003aa1   Thumb Code    26  list.o(i.vListInitialise)
    vListInitialiseItem                      0x08003abb   Thumb Code     6  list.o(i.vListInitialiseItem)
    vListInsert                              0x08003ac1   Thumb Code    52  list.o(i.vListInsert)
    vListInsertEnd                           0x08003af5   Thumb Code    24  list.o(i.vListInsertEnd)
    vPortEnterCritical                       0x08003b0d   Thumb Code    76  port.o(i.vPortEnterCritical)
    vPortExitCritical                        0x08003b61   Thumb Code    56  port.o(i.vPortExitCritical)
    vPortFree                                0x08003b9d   Thumb Code   150  heap_4.o(i.vPortFree)
    vPortSetupTimerInterrupt                 0x08003c41   Thumb Code    36  port.o(i.vPortSetupTimerInterrupt)
    vPortValidateInterruptPriority           0x08003c69   Thumb Code   106  port.o(i.vPortValidateInterruptPriority)
    vTaskDelay                               0x08003ce1   Thumb Code    82  tasks.o(i.vTaskDelay)
    vTaskDelete                              0x08003d3d   Thumb Code   202  tasks.o(i.vTaskDelete)
    vTaskInternalSetTimeOutState             0x08003e31   Thumb Code    14  tasks.o(i.vTaskInternalSetTimeOutState)
    vTaskMissedYield                         0x08003e49   Thumb Code     8  tasks.o(i.vTaskMissedYield)
    vTaskPlaceOnEventList                    0x08003e55   Thumb Code    52  tasks.o(i.vTaskPlaceOnEventList)
    vTaskPriorityDisinheritAfterTimeout      0x08003e8d   Thumb Code   216  tasks.o(i.vTaskPriorityDisinheritAfterTimeout)
    vTaskStartScheduler                      0x08003f71   Thumb Code   146  tasks.o(i.vTaskStartScheduler)
    vTaskSuspendAll                          0x08004021   Thumb Code    12  tasks.o(i.vTaskSuspendAll)
    vTaskSwitchContext                       0x08004031   Thumb Code   174  tasks.o(i.vTaskSwitchContext)
    xPortStartScheduler                      0x080040f5   Thumb Code   228  port.o(i.xPortStartScheduler)
    xPortSysTickHandler                      0x080041ed   Thumb Code    46  port.o(i.xPortSysTickHandler)
    xQueueCreateMutex                        0x08004221   Thumb Code    34  queue.o(i.xQueueCreateMutex)
    xQueueCreateMutexStatic                  0x08004243   Thumb Code    42  queue.o(i.xQueueCreateMutexStatic)
    xQueueGenericCreate                      0x0800426d   Thumb Code    90  queue.o(i.xQueueGenericCreate)
    xQueueGenericCreateStatic                0x080042c7   Thumb Code   224  queue.o(i.xQueueGenericCreateStatic)
    xQueueGenericReset                       0x080043a9   Thumb Code   146  queue.o(i.xQueueGenericReset)
    xQueueGenericSend                        0x08004441   Thumb Code   420  queue.o(i.xQueueGenericSend)
    xQueueGiveFromISR                        0x080045e9   Thumb Code   224  queue.o(i.xQueueGiveFromISR)
    xQueueReceiveFromISR                     0x080046c9   Thumb Code   202  queue.o(i.xQueueReceiveFromISR)
    xQueueSemaphoreTake                      0x08004795   Thumb Code   434  queue.o(i.xQueueSemaphoreTake)
    xTaskCheckForTimeOut                     0x0800494d   Thumb Code   132  tasks.o(i.xTaskCheckForTimeOut)
    xTaskCreate                              0x080049d9   Thumb Code   100  tasks.o(i.xTaskCreate)
    xTaskCreateStatic                        0x08004a3d   Thumb Code   186  tasks.o(i.xTaskCreateStatic)
    xTaskGetSchedulerState                   0x08004af9   Thumb Code    24  tasks.o(i.xTaskGetSchedulerState)
    xTaskIncrementTick                       0x08004b19   Thumb Code   282  tasks.o(i.xTaskIncrementTick)
    xTaskPriorityDisinherit                  0x08004c61   Thumb Code   188  tasks.o(i.xTaskPriorityDisinherit)
    xTaskPriorityInherit                     0x08004d29   Thumb Code   172  tasks.o(i.xTaskPriorityInherit)
    xTaskRemoveFromEventList                 0x08004de1   Thumb Code   128  tasks.o(i.xTaskRemoveFromEventList)
    xTaskResumeAll                           0x08004e79   Thumb Code   224  tasks.o(i.xTaskResumeAll)
    AHBPrescTable                            0x08004f8e   Data          16  system_stm32f1xx.o(.constdata)
    APBPrescTable                            0x08004f9e   Data           8  system_stm32f1xx.o(.constdata)
    Region$$Table$$Base                      0x08004fcc   Number         0  anon$$obj.o(Region$$Table)
    Region$$Table$$Limit                     0x08004fec   Number         0  anon$$obj.o(Region$$Table)
    uwTick                                   0x20000000   Data           4  stm32f1xx_hal.o(.data)
    uwTickPrio                               0x20000004   Data           4  stm32f1xx_hal.o(.data)
    uwTickFreq                               0x20000008   Data           1  stm32f1xx_hal.o(.data)
    SystemCoreClock                          0x2000000c   Data           4  system_stm32f1xx.o(.data)
    pxCurrentTCB                             0x20000010   Data           4  tasks.o(.data)
    __libspace_start                         0x20003154   Data          96  libspace.o(.bss)
    __temporary_stack_top$libspace           0x200031b4   Data           0  libspace.o(.bss)



==============================================================================

Memory Map of the image

  Image Entry point : 0x080000ed

  Load Region LR_IROM1 (Base: 0x08000000, Size: 0x000050bc, Max: 0x00010000, ABSOLUTE)

    Execution Region ER_IROM1 (Base: 0x08000000, Size: 0x00004fec, Max: 0x00010000, ABSOLUTE)

    Base Addr    Size         Type   Attr      Idx    E Section Name        Object

    0x08000000   0x000000ec   Data   RO            3    RESET               startup_stm32f103xb.o
    0x080000ec   0x00000008   Code   RO         3869  * !!!main             c_w.l(__main.o)
    0x080000f4   0x00000034   Code   RO         4040    !!!scatter          c_w.l(__scatter.o)
    0x08000128   0x0000001a   Code   RO         4042    !!handler_copy      c_w.l(__scatter_copy.o)
    0x08000142   0x00000002   PAD
    0x08000144   0x0000001c   Code   RO         4044    !!handler_zi        c_w.l(__scatter_zi.o)
    0x08000160   0x00000000   Code   RO         3852    .ARM.Collect$$_printf_percent$$00000000  c_w.l(_printf_percent.o)
    0x08000160   0x00000006   Code   RO         3850    .ARM.Collect$$_printf_percent$$00000009  c_w.l(_printf_d.o)
    0x08000166   0x00000006   Code   RO         3851    .ARM.Collect$$_printf_percent$$0000000A  c_w.l(_printf_u.o)
    0x0800016c   0x00000006   Code   RO         3849    .ARM.Collect$$_printf_percent$$00000014  c_w.l(_printf_s.o)
    0x08000172   0x00000004   Code   RO         3882    .ARM.Collect$$_printf_percent$$00000017  c_w.l(_printf_percent_end.o)
    0x08000176   0x00000002   Code   RO         3911    .ARM.Collect$$libinit$$00000000  c_w.l(libinit.o)
    0x08000178   0x00000000   Code   RO         3918    .ARM.Collect$$libinit$$00000002  c_w.l(libinit2.o)
    0x08000178   0x00000000   Code   RO         3920    .ARM.Collect$$libinit$$00000004  c_w.l(libinit2.o)
    0x08000178   0x00000000   Code   RO         3923    .ARM.Collect$$libinit$$0000000A  c_w.l(libinit2.o)
    0x08000178   0x00000000   Code   RO         3925    .ARM.Collect$$libinit$$0000000C  c_w.l(libinit2.o)
    0x08000178   0x00000000   Code   RO         3927    .ARM.Collect$$libinit$$0000000E  c_w.l(libinit2.o)
    0x08000178   0x00000000   Code   RO         3930    .ARM.Collect$$libinit$$00000011  c_w.l(libinit2.o)
    0x08000178   0x00000000   Code   RO         3932    .ARM.Collect$$libinit$$00000013  c_w.l(libinit2.o)
    0x08000178   0x00000000   Code   RO         3934    .ARM.Collect$$libinit$$00000015  c_w.l(libinit2.o)
    0x08000178   0x00000000   Code   RO         3936    .ARM.Collect$$libinit$$00000017  c_w.l(libinit2.o)
    0x08000178   0x00000000   Code   RO         3938    .ARM.Collect$$libinit$$00000019  c_w.l(libinit2.o)
    0x08000178   0x00000000   Code   RO         3940    .ARM.Collect$$libinit$$0000001B  c_w.l(libinit2.o)
    0x08000178   0x00000000   Code   RO         3942    .ARM.Collect$$libinit$$0000001D  c_w.l(libinit2.o)
    0x08000178   0x00000000   Code   RO         3944    .ARM.Collect$$libinit$$0000001F  c_w.l(libinit2.o)
    0x08000178   0x00000000   Code   RO         3946    .ARM.Collect$$libinit$$00000021  c_w.l(libinit2.o)
    0x08000178   0x00000000   Code   RO         3948    .ARM.Collect$$libinit$$00000023  c_w.l(libinit2.o)
    0x08000178   0x00000000   Code   RO         3950    .ARM.Collect$$libinit$$00000025  c_w.l(libinit2.o)
    0x08000178   0x00000000   Code   RO         3954    .ARM.Collect$$libinit$$0000002C  c_w.l(libinit2.o)
    0x08000178   0x00000000   Code   RO         3956    .ARM.Collect$$libinit$$0000002E  c_w.l(libinit2.o)
    0x08000178   0x00000000   Code   RO         3958    .ARM.Collect$$libinit$$00000030  c_w.l(libinit2.o)
    0x08000178   0x00000000   Code   RO         3960    .ARM.Collect$$libinit$$00000032  c_w.l(libinit2.o)
    0x08000178   0x00000002   Code   RO         3961    .ARM.Collect$$libinit$$00000033  c_w.l(libinit2.o)
    0x0800017a   0x00000002   Code   RO         3981    .ARM.Collect$$libshutdown$$00000000  c_w.l(libshutdown.o)
    0x0800017c   0x00000000   Code   RO         3995    .ARM.Collect$$libshutdown$$00000003  c_w.l(libshutdown2.o)
    0x0800017c   0x00000000   Code   RO         3998    .ARM.Collect$$libshutdown$$00000006  c_w.l(libshutdown2.o)
    0x0800017c   0x00000000   Code   RO         4001    .ARM.Collect$$libshutdown$$00000009  c_w.l(libshutdown2.o)
    0x0800017c   0x00000000   Code   RO         4003    .ARM.Collect$$libshutdown$$0000000B  c_w.l(libshutdown2.o)
    0x0800017c   0x00000000   Code   RO         4006    .ARM.Collect$$libshutdown$$0000000E  c_w.l(libshutdown2.o)
    0x0800017c   0x00000002   Code   RO         4007    .ARM.Collect$$libshutdown$$0000000F  c_w.l(libshutdown2.o)
    0x0800017e   0x00000000   Code   RO         3871    .ARM.Collect$$rtentry$$00000000  c_w.l(__rtentry.o)
    0x0800017e   0x00000000   Code   RO         3886    .ARM.Collect$$rtentry$$00000002  c_w.l(__rtentry2.o)
    0x0800017e   0x00000006   Code   RO         3898    .ARM.Collect$$rtentry$$00000004  c_w.l(__rtentry4.o)
    0x08000184   0x00000000   Code   RO         3888    .ARM.Collect$$rtentry$$00000009  c_w.l(__rtentry2.o)
    0x08000184   0x00000004   Code   RO         3889    .ARM.Collect$$rtentry$$0000000A  c_w.l(__rtentry2.o)
    0x08000188   0x00000000   Code   RO         3891    .ARM.Collect$$rtentry$$0000000C  c_w.l(__rtentry2.o)
    0x08000188   0x00000008   Code   RO         3892    .ARM.Collect$$rtentry$$0000000D  c_w.l(__rtentry2.o)
    0x08000190   0x00000002   Code   RO         3915    .ARM.Collect$$rtexit$$00000000  c_w.l(rtexit.o)
    0x08000192   0x00000000   Code   RO         3963    .ARM.Collect$$rtexit$$00000002  c_w.l(rtexit2.o)
    0x08000192   0x00000004   Code   RO         3964    .ARM.Collect$$rtexit$$00000003  c_w.l(rtexit2.o)
    0x08000196   0x00000006   Code   RO         3965    .ARM.Collect$$rtexit$$00000004  c_w.l(rtexit2.o)
    0x0800019c   0x00000096   Code   RO         3111    .emb_text           port.o
    0x08000232   0x00000002   PAD
    0x08000234   0x00000040   Code   RO            4    .text               startup_stm32f103xb.o
    0x08000274   0x00000038   Code   RO         3819    .text               c_w.l(__2snprintf.o)
    0x080002ac   0x00000068   Code   RO         3823    .text               c_w.l(__printf.o)
    0x08000314   0x00000052   Code   RO         3825    .text               c_w.l(_printf_str.o)
    0x08000366   0x00000002   PAD
    0x08000368   0x00000078   Code   RO         3827    .text               c_w.l(_printf_dec.o)
    0x080003e0   0x0000003e   Code   RO         3853    .text               c_w.l(strlen.o)
    0x0800041e   0x0000008a   Code   RO         3855    .text               c_w.l(rt_memcpy_v6.o)
    0x080004a8   0x00000064   Code   RO         3857    .text               c_w.l(rt_memcpy_w.o)
    0x0800050c   0x00000010   Code   RO         3861    .text               c_w.l(aeabi_memset.o)
    0x0800051c   0x0000004e   Code   RO         3863    .text               c_w.l(rt_memclr_w.o)
    0x0800056a   0x00000002   PAD
    0x0800056c   0x00000080   Code   RO         3865    .text               c_w.l(strcmpv7m.o)
    0x080005ec   0x00000006   Code   RO         3867    .text               c_w.l(heapauxi.o)
    0x080005f2   0x000000b2   Code   RO         3872    .text               c_w.l(_printf_intcommon.o)
    0x080006a4   0x00000030   Code   RO         3874    .text               c_w.l(_printf_char_common.o)
    0x080006d4   0x0000000a   Code   RO         3876    .text               c_w.l(_sputc.o)
    0x080006de   0x00000010   Code   RO         3878    .text               c_w.l(_snputc.o)
    0x080006ee   0x0000002c   Code   RO         3880    .text               c_w.l(_printf_char.o)
    0x0800071a   0x00000044   Code   RO         3883    .text               c_w.l(rt_memclr.o)
    0x0800075e   0x0000004a   Code   RO         3902    .text               c_w.l(sys_stackheap_outer.o)
    0x080007a8   0x0000000c   Code   RO         3904    .text               c_w.l(exit.o)
    0x080007b4   0x00000008   Code   RO         3912    .text               c_w.l(libspace.o)
    0x080007bc   0x0000000c   Code   RO         3973    .text               c_w.l(sys_exit.o)
    0x080007c8   0x00000002   Code   RO         3984    .text               c_w.l(use_no_semi.o)
    0x080007ca   0x00000000   Code   RO         3986    .text               c_w.l(indicate_semi.o)
    0x080007ca   0x00000002   PAD
    0x080007cc   0x0000005c   Code   RO         3215    i.BSP_LED_Init      led.o
    0x08000828   0x00000014   Code   RO         3216    i.BSP_LED_Off       led.o
    0x0800083c   0x00000014   Code   RO         3217    i.BSP_LED_On        led.o
    0x08000850   0x00000014   Code   RO         3218    i.BSP_LED_Toggle    led.o
    0x08000864   0x000000e4   Code   RO         3257    i.BSP_UART_ClassifyAndHandleErrorsFromISR  uart.o
    0x08000948   0x000000b4   Code   RO         3258    i.BSP_UART_IRQHandler  uart.o
    0x080009fc   0x00000124   Code   RO         3259    i.BSP_UART_Init     uart.o
    0x08000b20   0x00000010   Code   RO         3260    i.BSP_UART_IsFrameReady  uart.o
    0x08000b30   0x000000dc   Code   RO         3262    i.BSP_UART_ReadFrame  uart.o
    0x08000c0c   0x000000b8   Code   RO         3263    i.BSP_UART_RecoveryIfNeeded  uart.o
    0x08000cc4   0x0000000c   Code   RO         3264    i.BSP_UART_RequestRecoveryFromISR  uart.o
    0x08000cd0   0x00000030   Code   RO         3265    i.BSP_UART_RestartReceiveFromBufferHead  uart.o
    0x08000d00   0x00000040   Code   RO         3266    i.BSP_UART_Send     uart.o
    0x08000d40   0x00000024   Code   RO         3267    i.BSP_UART_ShouldThrottleLog  uart.o
    0x08000d64   0x0000002c   Code   RO         3268    i.BSP_UART_StartReceiveByte  uart.o
    0x08000d90   0x00000034   Code   RO         3443    i.BlinkPattern      error_handler.o
    0x08000dc4   0x00000030   Code   RO          226    i.BusFault_Handler  stm32f1xx_it.o
    0x08000df4   0x00000012   Code   RO         3444    i.BusyDelay         error_handler.o
    0x08000e06   0x0000003a   Code   RO         3356    i.CalcCRC16         modbus.o
    0x08000e40   0x00000002   Code   RO          227    i.DebugMon_Handler  stm32f1xx_it.o
    0x08000e42   0x00000002   PAD
    0x08000e44   0x00000078   Code   RO         3445    i.ErrorLogRecord    error_handler.o
    0x08000ebc   0x00000038   Code   RO         3448    i.Error_Handler     error_handler.o
    0x08000ef4   0x0000001e   Code   RO         3449    i.Error_SendText    error_handler.o
    0x08000f12   0x00000056   Code   RO          747    i.HAL_DMA_Abort     stm32f1xx_hal_dma.o
    0x08000f68   0x000000b0   Code   RO          748    i.HAL_DMA_Abort_IT  stm32f1xx_hal_dma.o
    0x08001018   0x00000006   Code   RO          750    i.HAL_DMA_GetError  stm32f1xx_hal_dma.o
    0x0800101e   0x00000002   PAD
    0x08001020   0x00000320   Code   RO          683    i.HAL_GPIO_Init     stm32f1xx_hal_gpio.o
    0x08001340   0x00000014   Code   RO          686    i.HAL_GPIO_TogglePin  stm32f1xx_hal_gpio.o
    0x08001354   0x0000000c   Code   RO          687    i.HAL_GPIO_WritePin  stm32f1xx_hal_gpio.o
    0x08001360   0x0000000c   Code   RO          372    i.HAL_GetTick       stm32f1xx_hal.o
    0x0800136c   0x00000018   Code   RO          378    i.HAL_IncTick       stm32f1xx_hal.o
    0x08001384   0x00000028   Code   RO          379    i.HAL_Init          stm32f1xx_hal.o
    0x080013ac   0x0000004c   Code   RO          380    i.HAL_InitTick      stm32f1xx_hal.o
    0x080013f8   0x00000048   Code   RO          295    i.HAL_MspInit       stm32f1xx_hal_msp.o
    0x08001440   0x00000020   Code   RO          843    i.HAL_NVIC_EnableIRQ  stm32f1xx_hal_cortex.o
    0x08001460   0x0000007c   Code   RO          849    i.HAL_NVIC_SetPriority  stm32f1xx_hal_cortex.o
    0x080014dc   0x00000028   Code   RO          850    i.HAL_NVIC_SetPriorityGrouping  stm32f1xx_hal_cortex.o
    0x08001504   0x0000018c   Code   RO          536    i.HAL_RCC_ClockConfig  stm32f1xx_hal_rcc.o
    0x08001690   0x0000000c   Code   RO          541    i.HAL_RCC_GetHCLKFreq  stm32f1xx_hal_rcc.o
    0x0800169c   0x00000020   Code   RO          543    i.HAL_RCC_GetPCLK1Freq  stm32f1xx_hal_rcc.o
    0x080016bc   0x00000020   Code   RO          544    i.HAL_RCC_GetPCLK2Freq  stm32f1xx_hal_rcc.o
    0x080016dc   0x00000070   Code   RO          545    i.HAL_RCC_GetSysClockFreq  stm32f1xx_hal_rcc.o
    0x0800174c   0x00000464   Code   RO          548    i.HAL_RCC_OscConfig  stm32f1xx_hal_rcc.o
    0x08001bb0   0x00000034   Code   RO          854    i.HAL_SYSTICK_Config  stm32f1xx_hal_cortex.o
    0x08001be4   0x00000002   Code   RO         1381    i.HAL_UARTEx_RxEventCallback  stm32f1xx_hal_uart.o
    0x08001be6   0x000000c2   Code   RO         1384    i.HAL_UART_AbortReceive  stm32f1xx_hal_uart.o
    0x08001ca8   0x00000020   Code   RO         3269    i.HAL_UART_ErrorCallback  uart.o
    0x08001cc8   0x000002e4   Code   RO         1398    i.HAL_UART_IRQHandler  stm32f1xx_hal_uart.o
    0x08001fac   0x00000076   Code   RO         1399    i.HAL_UART_Init     stm32f1xx_hal_uart.o
    0x08002022   0x00000002   Code   RO         1401    i.HAL_UART_MspInit  stm32f1xx_hal_uart.o
    0x08002024   0x0000002c   Code   RO         1404    i.HAL_UART_Receive_IT  stm32f1xx_hal_uart.o
    0x08002050   0x000000d8   Code   RO         3270    i.HAL_UART_RxCpltCallback  uart.o
    0x08002128   0x000000be   Code   RO         1407    i.HAL_UART_Transmit  stm32f1xx_hal_uart.o
    0x080021e6   0x00000002   Code   RO         1410    i.HAL_UART_TxCpltCallback  stm32f1xx_hal_uart.o
    0x080021e8   0x00000030   Code   RO          228    i.HardFault_Handler  stm32f1xx_it.o
    0x08002218   0x0000000c   Code   RO         3688    i.LED_Task_RequestStop  led_task.o
    0x08002224   0x00000030   Code   RO          229    i.MemManage_Handler  stm32f1xx_it.o
    0x08002254   0x00000084   Code   RO         3357    i.Modbus_BuildReadResponse  modbus.o
    0x080022d8   0x0000004c   Code   RO         3358    i.Modbus_HandleReadHoldingRegs  modbus.o
    0x08002324   0x00000078   Code   RO         3359    i.Modbus_Init       modbus.o
    0x0800239c   0x00000002   Code   RO         3360    i.Modbus_OnRegisterChanged  modbus.o
    0x0800239e   0x00000002   PAD
    0x080023a0   0x00000050   Code   RO         3361    i.Modbus_Process    modbus.o
    0x080023f0   0x00000020   Code   RO         3362    i.Modbus_ReadHoldingRegister  modbus.o
    0x08002410   0x0000003a   Code   RO         3364    i.Modbus_SendException  modbus.o
    0x0800244a   0x0000004e   Code   RO         3365    i.Modbus_ValidateFrame  modbus.o
    0x08002498   0x0000000c   Code   RO         3717    i.Monitor_Task_RequestStop  monitor_task.o
    0x080024a4   0x00000004   Code   RO          230    i.NMI_Handler       stm32f1xx_it.o
    0x080024a8   0x00000028   Code   RO          549    i.RCC_Delay         stm32f1xx_hal_rcc.o
    0x080024d0   0x00000030   Code   RO         3689    i.Start_LED_Task    led_task.o
    0x08002500   0x00000038   Code   RO         3718    i.Start_Monitor_Task  monitor_task.o
    0x08002538   0x0000002c   Code   RO         3743    i.Start_UART_Task   uart_task.o
    0x08002564   0x00000014   Code   RO          231    i.SysTick_Handler   stm32f1xx_it.o
    0x08002578   0x00000066   Code   RO           13    i.SystemClock_Config  main.o
    0x080025de   0x00000002   Code   RO         1743    i.SystemInit        system_stm32f1xx.o
    0x080025e0   0x00000044   Code   RO         3530    i.System_CheckStackWatermark  system_ctrl.o
    0x08002624   0x00000008   Code   RO         3531    i.System_Check_Stack_Watermark  system_ctrl.o
    0x0800262c   0x00000040   Code   RO         3532    i.System_CreateTask  system_ctrl.o
    0x0800266c   0x00000070   Code   RO         3533    i.System_Ctrl_Init  system_ctrl.o
    0x080026dc   0x0000000e   Code   RO         3534    i.System_DestroyTask  system_ctrl.o
    0x080026ea   0x0000000a   Code   RO         3450    i.System_EnterSafeMode  error_handler.o
    0x080026f4   0x0000004c   Code   RO         3540    i.System_GetTaskStackWarnThreshold  system_ctrl.o
    0x08002740   0x00000070   Code   RO         3451    i.System_HandleFault  error_handler.o
    0x080027b0   0x00000008   Code   RO         3541    i.System_Init       system_ctrl.o
    0x080027b8   0x000000e0   Code   RO         3542    i.System_LogTaskStackWatermark  system_ctrl.o
    0x08002898   0x0000001e   Code   RO         3543    i.System_Monitor_Log  system_ctrl.o
    0x080028b6   0x00000002   PAD
    0x080028b8   0x00000038   Code   RO         3452    i.System_NotifyError  error_handler.o
    0x080028f0   0x00000160   Code   RO         3546    i.System_StartTasks  system_ctrl.o
    0x08002a50   0x0000009c   Code   RO         3547    i.System_StopTaskIfRunning  system_ctrl.o
    0x08002aec   0x00000024   Code   RO         3548    i.System_StopTasks  system_ctrl.o
    0x08002b10   0x00000004   Code   RO         3549    i.System_ValidateConfig  system_ctrl.o
    0x08002b14   0x00000010   Code   RO         3550    i.System_WaitTaskDeleted  system_ctrl.o
    0x08002b24   0x00000014   Code   RO         1412    i.UART_DMAAbortOnError  stm32f1xx_hal_uart.o
    0x08002b38   0x0000002c   Code   RO         3775    i.UART_Driver_EnsureMutex  driver_uart.o
    0x08002b64   0x0000000a   Code   RO         3776    i.UART_Driver_Init  driver_uart.o
    0x08002b6e   0x00000056   Code   RO         3777    i.UART_Driver_Receive  driver_uart.o
    0x08002bc4   0x00000058   Code   RO         3778    i.UART_Driver_Send  driver_uart.o
    0x08002c1c   0x0000006c   Code   RO         1422    i.UART_EndRxTransfer  stm32f1xx_hal_uart.o
    0x08002c88   0x00000020   Code   RO         1423    i.UART_EndTransmit_IT  stm32f1xx_hal_uart.o
    0x08002ca8   0x000000fc   Code   RO         1425    i.UART_Receive_IT   stm32f1xx_hal_uart.o
    0x08002da4   0x000000fc   Code   RO         1426    i.UART_SetConfig    stm32f1xx_hal_uart.o
    0x08002ea0   0x00000040   Code   RO         1428    i.UART_Start_Receive_IT  stm32f1xx_hal_uart.o
    0x08002ee0   0x0000000c   Code   RO         3744    i.UART_Task_RequestStop  uart_task.o
    0x08002eec   0x00000060   Code   RO         1429    i.UART_Transmit_IT  stm32f1xx_hal_uart.o
    0x08002f4c   0x0000008c   Code   RO         1430    i.UART_WaitOnFlagUntilTimeout  stm32f1xx_hal_uart.o
    0x08002fd8   0x00000008   Code   RO          232    i.USART1_IRQHandler  stm32f1xx_it.o
    0x08002fe0   0x00000030   Code   RO          233    i.UsageFault_Handler  stm32f1xx_it.o
    0x08003010   0x00000010   Code   RO          856    i.__NVIC_GetPriorityGrouping  stm32f1xx_hal_cortex.o
    0x08003020   0x00000028   Code   RO          857    i.__NVIC_SetPriority  stm32f1xx_hal_cortex.o
    0x08003048   0x00000010   Code   RO         2675    i.inHandlerMode     cmsis_os.o
    0x08003058   0x00000048   Code   RO           14    i.main              main.o
    0x080030a0   0x0000000e   Code   RO         2677    i.makeFreeRtosPriority  cmsis_os.o
    0x080030ae   0x00000018   Code   RO         2679    i.osDelay           cmsis_os.o
    0x080030c6   0x0000000a   Code   RO         2682    i.osKernelStart     cmsis_os.o
    0x080030d0   0x0000001a   Code   RO         2697    i.osMutexCreate     cmsis_os.o
    0x080030ea   0x00000002   PAD
    0x080030ec   0x00000050   Code   RO         2699    i.osMutexRelease    cmsis_os.o
    0x0800313c   0x00000068   Code   RO         2700    i.osMutexWait       cmsis_os.o
    0x080031a4   0x0000005e   Code   RO         2716    i.osThreadCreate    cmsis_os.o
    0x08003202   0x0000000e   Code   RO         2725    i.osThreadTerminate  cmsis_os.o
    0x08003210   0x00000098   Code   RO         2303    i.prvAddCurrentTaskToDelayedList  tasks.o
    0x080032a8   0x000000b8   Code   RO         2304    i.prvAddNewTaskToReadyList  tasks.o
    0x08003360   0x00000048   Code   RO         2305    i.prvCheckTasksWaitingTermination  tasks.o
    0x080033a8   0x0000002a   Code   RO         1932    i.prvCopyDataFromQueue  queue.o
    0x080033d2   0x0000007e   Code   RO         1933    i.prvCopyDataToQueue  queue.o
    0x08003450   0x00000050   Code   RO         2306    i.prvDeleteTCB      tasks.o
    0x080034a0   0x00000014   Code   RO         1934    i.prvGetDisinheritPriorityAfterTimeout  queue.o
    0x080034b4   0x0000007c   Code   RO         3044    i.prvHeapInit       heap_4.o
    0x08003530   0x00000028   Code   RO         2307    i.prvIdleTask       tasks.o
    0x08003558   0x0000001e   Code   RO         1935    i.prvInitialiseMutex  queue.o
    0x08003576   0x0000002a   Code   RO         1936    i.prvInitialiseNewQueue  queue.o
    0x080035a0   0x000000be   Code   RO         2308    i.prvInitialiseNewTask  tasks.o
    0x0800365e   0x00000002   PAD
    0x08003660   0x00000068   Code   RO         2309    i.prvInitialiseTaskLists  tasks.o
    0x080036c8   0x00000068   Code   RO         3045    i.prvInsertBlockIntoFreeList  heap_4.o
    0x08003730   0x0000001a   Code   RO         1937    i.prvIsQueueEmpty   queue.o
    0x0800374a   0x0000001e   Code   RO         1938    i.prvIsQueueFull    queue.o
    0x08003768   0x00000034   Code   RO         2311    i.prvResetNextTaskUnblockTime  tasks.o
    0x0800379c   0x00000016   Code   RO         2312    i.prvTaskCheckFreeStackSpace  tasks.o
    0x080037b2   0x00000002   PAD
    0x080037b4   0x00000040   Code   RO         3112    i.prvTaskExitError  port.o
    0x080037f4   0x0000007e   Code   RO         1939    i.prvUnlockQueue    queue.o
    0x08003872   0x00000002   PAD
    0x08003874   0x0000014c   Code   RO         3046    i.pvPortMalloc      heap_4.o
    0x080039c0   0x00000020   Code   RO         2314    i.pvTaskIncrementMutexHeldCount  tasks.o
    0x080039e0   0x00000024   Code   RO         3113    i.pxPortInitialiseStack  port.o
    0x08003a04   0x00000028   Code   RO         1892    i.uxListRemove      list.o
    0x08003a2c   0x00000028   Code   RO         2318    i.uxTaskGetStackHighWaterMark  tasks.o
    0x08003a54   0x00000018   Code   RO          192    i.vApplicationGetIdleTaskMemory  freertos.o
    0x08003a6c   0x00000034   Code   RO         3453    i.vApplicationStackOverflowHook  error_handler.o
    0x08003aa0   0x0000001a   Code   RO         1893    i.vListInitialise   list.o
    0x08003aba   0x00000006   Code   RO         1894    i.vListInitialiseItem  list.o
    0x08003ac0   0x00000034   Code   RO         1895    i.vListInsert       list.o
    0x08003af4   0x00000018   Code   RO         1896    i.vListInsertEnd    list.o
    0x08003b0c   0x00000054   Code   RO         3115    i.vPortEnterCritical  port.o
    0x08003b60   0x0000003c   Code   RO         3116    i.vPortExitCritical  port.o
    0x08003b9c   0x000000a4   Code   RO         3047    i.vPortFree         heap_4.o
    0x08003c40   0x00000028   Code   RO         3117    i.vPortSetupTimerInterrupt  port.o
    0x08003c68   0x00000078   Code   RO         3118    i.vPortValidateInterruptPriority  port.o
    0x08003ce0   0x0000005c   Code   RO         2324    i.vTaskDelay        tasks.o
    0x08003d3c   0x000000f4   Code   RO         2325    i.vTaskDelete       tasks.o
    0x08003e30   0x00000018   Code   RO         2328    i.vTaskInternalSetTimeOutState  tasks.o
    0x08003e48   0x0000000c   Code   RO         2329    i.vTaskMissedYield  tasks.o
    0x08003e54   0x00000038   Code   RO         2331    i.vTaskPlaceOnEventList  tasks.o
    0x08003e8c   0x000000e4   Code   RO         2333    i.vTaskPriorityDisinheritAfterTimeout  tasks.o
    0x08003f70   0x000000b0   Code   RO         2339    i.vTaskStartScheduler  tasks.o
    0x08004020   0x00000010   Code   RO         2341    i.vTaskSuspendAll   tasks.o
    0x08004030   0x000000c4   Code   RO         2342    i.vTaskSwitchContext  tasks.o
    0x080040f4   0x000000f8   Code   RO         3119    i.xPortStartScheduler  port.o
    0x080041ec   0x00000034   Code   RO         3120    i.xPortSysTickHandler  port.o
    0x08004220   0x00000022   Code   RO         1949    i.xQueueCreateMutex  queue.o
    0x08004242   0x0000002a   Code   RO         1950    i.xQueueCreateMutexStatic  queue.o
    0x0800426c   0x0000005a   Code   RO         1951    i.xQueueGenericCreate  queue.o
    0x080042c6   0x000000e0   Code   RO         1952    i.xQueueGenericCreateStatic  queue.o
    0x080043a6   0x00000002   PAD
    0x080043a8   0x00000098   Code   RO         1953    i.xQueueGenericReset  queue.o
    0x08004440   0x000001a8   Code   RO         1954    i.xQueueGenericSend  queue.o
    0x080045e8   0x000000e0   Code   RO         1956    i.xQueueGiveFromISR  queue.o
    0x080046c8   0x000000ca   Code   RO         1962    i.xQueueReceiveFromISR  queue.o
    0x08004792   0x00000002   PAD
    0x08004794   0x000001b8   Code   RO         1963    i.xQueueSemaphoreTake  queue.o
    0x0800494c   0x0000008c   Code   RO         2344    i.xTaskCheckForTimeOut  tasks.o
    0x080049d8   0x00000064   Code   RO         2345    i.xTaskCreate       tasks.o
    0x08004a3c   0x000000ba   Code   RO         2346    i.xTaskCreateStatic  tasks.o
    0x08004af6   0x00000002   PAD
    0x08004af8   0x00000020   Code   RO         2350    i.xTaskGetSchedulerState  tasks.o
    0x08004b18   0x00000148   Code   RO         2353    i.xTaskIncrementTick  tasks.o
    0x08004c60   0x000000c8   Code   RO         2356    i.xTaskPriorityDisinherit  tasks.o
    0x08004d28   0x000000b8   Code   RO         2357    i.xTaskPriorityInherit  tasks.o
    0x08004de0   0x00000098   Code   RO         2358    i.xTaskRemoveFromEventList  tasks.o
    0x08004e78   0x00000104   Code   RO         2359    i.xTaskResumeAll    tasks.o
    0x08004f7c   0x00000012   Data   RO          550    .constdata          stm32f1xx_hal_rcc.o
    0x08004f8e   0x00000018   Data   RO         1744    .constdata          system_stm32f1xx.o
    0x08004fa6   0x0000000a   Data   RO         3368    .constdata          modbus.o
    0x08004fb0   0x0000001c   Data   RO         3552    .constdata          system_ctrl.o
    0x08004fcc   0x00000020   Data   RO         4038    Region$$Table       anon$$obj.o


    Execution Region RW_IRAM1 (Base: 0x20000000, Size: 0x000039b8, Max: 0x00005000, ABSOLUTE)

    Base Addr    Size         Type   Attr      Idx    E Section Name        Object

    0x20000000   0x00000009   Data   RW          386    .data               stm32f1xx_hal.o
    0x20000009   0x00000003   PAD
    0x2000000c   0x00000004   Data   RW         1745    .data               system_stm32f1xx.o
    0x20000010   0x0000003c   Data   RW         2362    .data               tasks.o
    0x2000004c   0x00000020   Data   RW         3053    .data               heap_4.o
    0x2000006c   0x0000000c   Data   RW         3121    .data               port.o
    0x20000078   0x00000040   Data   RW         3272    .data               uart.o
    0x200000b8   0x00000001   Data   RW         3455    .data               error_handler.o
    0x200000b9   0x00000003   PAD
    0x200000bc   0x0000000d   Data   RW         3553    .data               system_ctrl.o
    0x200000c9   0x00000001   Data   RW         3690    .data               led_task.o
    0x200000ca   0x00000001   Data   RW         3719    .data               monitor_task.o
    0x200000cb   0x00000001   Data   RW         3745    .data               uart_task.o
    0x200000cc   0x00000004   Data   RW         3779    .data               driver_uart.o
    0x200000d0   0x0000025c   Zero   RW          193    .bss                freertos.o
    0x2000032c   0x000000f0   Zero   RW         2361    .bss                tasks.o
    0x2000041c   0x00002800   Zero   RW         3052    .bss                heap_4.o
    0x20002c1c   0x00000248   Zero   RW         3271    .bss                uart.o
    0x20002e64   0x00000278   Zero   RW         3367    .bss                modbus.o
    0x200030dc   0x00000028   Zero   RW         3454    .bss                error_handler.o
    0x20003104   0x00000050   Zero   RW         3551    .bss                system_ctrl.o
    0x20003154   0x00000060   Zero   RW         3913    .bss                c_w.l(libspace.o)
    0x200031b4   0x00000004   PAD
    0x200031b8   0x00000400   Zero   RW            2    HEAP                startup_stm32f103xb.o
    0x200035b8   0x00000400   Zero   RW            1    STACK               startup_stm32f103xb.o


==============================================================================

Image component sizes


      Code (inc. data)   RO Data    RW Data    ZI Data      Debug   Object Name

       382          8          0          0          0      29218   cmsis_os.o
       228         10          0          4          0       3088   driver_uart.o
       506        150          0          1         40       8818   error_handler.o
         0          0          0          0          0      19992   event_groups.o
        24         10          0          0        604       1192   freertos.o
       724         74          0         32      10240       7187   heap_4.o
       152         26          0          0          0       2023   led.o
        60          8          0          1          0       1532   led_task.o
       148          0          0          0          0       3298   list.o
       174         20          0          0          0     428568   main.o
       636         30         10          0        632       6376   modbus.o
        68         10          0          1          0       1668   monitor_task.o
       854         78          0         12          0      11077   port.o
      2274         16          0          0          0      19686   queue.o
        64         26        236          0       2048        796   startup_stm32f103xb.o
       152         32          0          9          0       5161   stm32f1xx_hal.o
       304         22          0          0          0      29247   stm32f1xx_hal_cortex.o
       268          4          0          0          0       2230   stm32f1xx_hal_dma.o
       832         34          0          0          0       3217   stm32f1xx_hal_gpio.o
        72          4          0          0          0        810   stm32f1xx_hal_msp.o
      1748         98         18          0          0       5816   stm32f1xx_hal_rcc.o
      2256          8          0          0          0      12386   stm32f1xx_hal_uart.o
       226        112          0          0          0       3471   stm32f1xx_it.o
         0          0          0          0          0        392   stream_buffer.o
      1168        514         28         13         80      13261   system_ctrl.o
         2          0         24          4          0       1071   system_stm32f1xx.o
      3594        416          0         60        240      29181   tasks.o
      1572        300          0         64        584       8722   uart.o
        56         10          0          1          0       1578   uart_task.o

    ----------------------------------------------------------------------
     18568       2020        348        208      14468     661062   Object Totals
         0          0         32          0          0          0   (incl. Generated)
        24          0          0          6          0          0   (incl. Padding)

    ----------------------------------------------------------------------

      Code (inc. data)   RO Data    RW Data    ZI Data      Debug   Library Member Name

        56          6          0          0          0         88   __2snprintf.o
         8          0          0          0          0         68   __main.o
       104          0          0          0          0         84   __printf.o
         0          0          0          0          0          0   __rtentry.o
        12          0          0          0          0          0   __rtentry2.o
         6          0          0          0          0          0   __rtentry4.o
        52          8          0          0          0          0   __scatter.o
        26          0          0          0          0          0   __scatter_copy.o
        28          0          0          0          0          0   __scatter_zi.o
        44          0          0          0          0        108   _printf_char.o
        48          6          0          0          0         96   _printf_char_common.o
         6          0          0          0          0          0   _printf_d.o
       120         16          0          0          0         92   _printf_dec.o
       178          0          0          0          0         88   _printf_intcommon.o
         0          0          0          0          0          0   _printf_percent.o
         4          0          0          0          0          0   _printf_percent_end.o
         6          0          0          0          0          0   _printf_s.o
        82          0          0          0          0         80   _printf_str.o
         6          0          0          0          0          0   _printf_u.o
        16          0          0          0          0         68   _snputc.o
        10          0          0          0          0         68   _sputc.o
        16          0          0          0          0         68   aeabi_memset.o
        12          0          0          0          0         72   exit.o
         6          0          0          0          0        152   heapauxi.o
         0          0          0          0          0          0   indicate_semi.o
         2          0          0          0          0          0   libinit.o
         2          0          0          0          0          0   libinit2.o
         2          0          0          0          0          0   libshutdown.o
         2          0          0          0          0          0   libshutdown2.o
         8          4          0          0         96         68   libspace.o
        68          0          0          0          0         68   rt_memclr.o
        78          0          0          0          0         80   rt_memclr_w.o
       138          0          0          0          0         68   rt_memcpy_v6.o
       100          0          0          0          0         80   rt_memcpy_w.o
         2          0          0          0          0          0   rtexit.o
        10          0          0          0          0          0   rtexit2.o
       128          0          0          0          0         68   strcmpv7m.o
        62          0          0          0          0         76   strlen.o
        12          4          0          0          0         68   sys_exit.o
        74          0          0          0          0         80   sys_stackheap_outer.o
         2          0          0          0          0         68   use_no_semi.o

    ----------------------------------------------------------------------
      1544         44          0          0        100       1856   Library Totals
         8          0          0          0          4          0   (incl. Padding)

    ----------------------------------------------------------------------

      Code (inc. data)   RO Data    RW Data    ZI Data      Debug   Library Name

      1536         44          0          0         96       1856   c_w.l

    ----------------------------------------------------------------------
      1544         44          0          0        100       1856   Library Totals

    ----------------------------------------------------------------------

==============================================================================


      Code (inc. data)   RO Data    RW Data    ZI Data      Debug   

     20112       2064        348        208      14568     652618   Grand Totals
     20112       2064        348        208      14568     652618   ELF Image Totals
     20112       2064        348        208          0          0   ROM Totals

==============================================================================

    Total RO  Size (Code + RO Data)                20460 (  19.98kB)
    Total RW  Size (RW Data + ZI Data)             14776 (  14.43kB)
    Total ROM Size (Code + RO Data + RW Data)      20668 (  20.18kB)

==============================================================================

