Component: ARM Compiler 5.05 update 1 (build 106) Tool: armlink [4d0efa]

==============================================================================

Section Cross References

    startup_stm32f103xb.o(STACK) refers (Special) to heapauxi.o(.text) for __use_two_region_memory
    startup_stm32f103xb.o(HEAP) refers (Special) to heapauxi.o(.text) for __use_two_region_memory
    startup_stm32f103xb.o(RESET) refers (Special) to heapauxi.o(.text) for __use_two_region_memory
    startup_stm32f103xb.o(RESET) refers to startup_stm32f103xb.o(STACK) for __initial_sp
    startup_stm32f103xb.o(RESET) refers to startup_stm32f103xb.o(.text) for Reset_Handler
    startup_stm32f103xb.o(RESET) refers to stm32f1xx_it.o(i.NMI_Handler) for NMI_Handler
    startup_stm32f103xb.o(RESET) refers to stm32f1xx_it.o(i.HardFault_Handler) for HardFault_Handler
    startup_stm32f103xb.o(RESET) refers to stm32f1xx_it.o(i.MemManage_Handler) for MemManage_Handler
    startup_stm32f103xb.o(RESET) refers to stm32f1xx_it.o(i.BusFault_Handler) for BusFault_Handler
    startup_stm32f103xb.o(RESET) refers to stm32f1xx_it.o(i.UsageFault_Handler) for UsageFault_Handler
    startup_stm32f103xb.o(RESET) refers to port.o(.emb_text) for SVC_Handler
    startup_stm32f103xb.o(RESET) refers to stm32f1xx_it.o(i.DebugMon_Handler) for DebugMon_Handler
    startup_stm32f103xb.o(RESET) refers to stm32f1xx_it.o(i.SysTick_Handler) for SysTick_Handler
    startup_stm32f103xb.o(.text) refers (Special) to heapauxi.o(.text) for __use_two_region_memory
    startup_stm32f103xb.o(.text) refers to system_stm32f1xx.o(i.SystemInit) for SystemInit
    startup_stm32f103xb.o(.text) refers to __main.o(!!!main) for __main
    startup_stm32f103xb.o(.text) refers to startup_stm32f103xb.o(HEAP) for Heap_Mem
    startup_stm32f103xb.o(.text) refers to startup_stm32f103xb.o(STACK) for Stack_Mem
    main.o(i.Start_LED_Task) refers to led_task.o(i.App_LED_Task) for App_LED_Task
    main.o(i.Start_UART_Task) refers to uart_task.o(i.App_UART_Task) for App_UART_Task
    main.o(i.SystemClock_Config) refers to rt_memclr_w.o(.text) for __aeabi_memclr4
    main.o(i.SystemClock_Config) refers to stm32f1xx_hal_rcc.o(i.HAL_RCC_OscConfig) for HAL_RCC_OscConfig
    main.o(i.SystemClock_Config) refers to stm32f1xx_hal_rcc.o(i.HAL_RCC_ClockConfig) for HAL_RCC_ClockConfig
    main.o(i.main) refers to stm32f1xx_hal.o(i.HAL_Init) for HAL_Init
    main.o(i.main) refers to main.o(i.SystemClock_Config) for SystemClock_Config
    main.o(i.main) refers to led.o(i.BSP_LED_Init) for BSP_LED_Init
    main.o(i.main) refers to uart.o(i.BSP_UART_Init) for BSP_UART_Init
    main.o(i.main) refers to rt_memcpy_w.o(.text) for __aeabi_memcpy4
    main.o(i.main) refers to cmsis_os.o(i.osThreadCreate) for osThreadCreate
    main.o(i.main) refers to cmsis_os.o(i.osKernelStart) for osKernelStart
    main.o(i.main) refers to main.o(.constdata) for .constdata
    main.o(i.main) refers to main.o(.data) for .data
    main.o(.constdata) refers to main.o(.conststring) for .conststring
    main.o(.constdata) refers to main.o(i.Start_LED_Task) for Start_LED_Task
    main.o(.constdata) refers to main.o(i.Start_UART_Task) for Start_UART_Task
    freertos.o(i.vApplicationGetIdleTaskMemory) refers to freertos.o(.bss) for .bss
    stm32f1xx_it.o(i.SysTick_Handler) refers to stm32f1xx_hal.o(i.HAL_IncTick) for HAL_IncTick
    stm32f1xx_it.o(i.SysTick_Handler) refers to tasks.o(i.xTaskGetSchedulerState) for xTaskGetSchedulerState
    stm32f1xx_it.o(i.SysTick_Handler) refers to port.o(i.xPortSysTickHandler) for xPortSysTickHandler
    stm32f1xx_hal_msp.o(i.HAL_MspInit) refers to stm32f1xx_hal_cortex.o(i.HAL_NVIC_SetPriority) for HAL_NVIC_SetPriority
    stm32f1xx_hal_msp.o(i.HAL_UART_MspDeInit) refers to stm32f1xx_hal_gpio.o(i.HAL_GPIO_DeInit) for HAL_GPIO_DeInit
    stm32f1xx_hal.o(i.HAL_DeInit) refers to stm32f1xx_hal.o(i.HAL_MspDeInit) for HAL_MspDeInit
    stm32f1xx_hal.o(i.HAL_Delay) refers to stm32f1xx_hal.o(i.HAL_GetTick) for HAL_GetTick
    stm32f1xx_hal.o(i.HAL_Delay) refers to stm32f1xx_hal.o(.data) for .data
    stm32f1xx_hal.o(i.HAL_GetTick) refers to stm32f1xx_hal.o(.data) for .data
    stm32f1xx_hal.o(i.HAL_GetTickFreq) refers to stm32f1xx_hal.o(.data) for .data
    stm32f1xx_hal.o(i.HAL_GetTickPrio) refers to stm32f1xx_hal.o(.data) for .data
    stm32f1xx_hal.o(i.HAL_IncTick) refers to stm32f1xx_hal.o(.data) for .data
    stm32f1xx_hal.o(i.HAL_Init) refers to stm32f1xx_hal_cortex.o(i.HAL_NVIC_SetPriorityGrouping) for HAL_NVIC_SetPriorityGrouping
    stm32f1xx_hal.o(i.HAL_Init) refers to stm32f1xx_hal.o(i.HAL_InitTick) for HAL_InitTick
    stm32f1xx_hal.o(i.HAL_Init) refers to stm32f1xx_hal_msp.o(i.HAL_MspInit) for HAL_MspInit
    stm32f1xx_hal.o(i.HAL_InitTick) refers to stm32f1xx_hal_cortex.o(i.HAL_SYSTICK_Config) for HAL_SYSTICK_Config
    stm32f1xx_hal.o(i.HAL_InitTick) refers to stm32f1xx_hal_cortex.o(i.HAL_NVIC_SetPriority) for HAL_NVIC_SetPriority
[...]
    ../clib/heap1.c                          0x00000000   Number         0  h1_free_mt.o ABSOLUTE
    ../clib/heap1.c                          0x00000000   Number         0  h1_free.o ABSOLUTE
    ../clib/heap1.c                          0x00000000   Number         0  h1_final_mt.o ABSOLUTE
    ../clib/heap1.c                          0x00000000   Number         0  h1_extend_mt.o ABSOLUTE
    ../clib/heap1.c                          0x00000000   Number         0  h1_final.o ABSOLUTE
    ../clib/heap1.c                          0x00000000   Number         0  h1_alloc.o ABSOLUTE
    ../clib/heap1.c                          0x00000000   Number         0  h1_init_mt.o ABSOLUTE
    ../clib/heap1.c                          0x00000000   Number         0  h1_extend.o ABSOLUTE
    ../clib/heap2.c                          0x00000000   Number         0  fdtree.o ABSOLUTE
    ../clib/heap2.c                          0x00000000   Number         0  heap2.o ABSOLUTE
    ../clib/heap2.c                          0x00000000   Number         0  heap2mt.o ABSOLUTE
    ../clib/heapalloc.c                      0x00000000   Number         0  maybetermalloc1.o ABSOLUTE
    ../clib/heapalloc.c                      0x00000000   Number         0  hrguard.o ABSOLUTE
    ../clib/heapalloc.c                      0x00000000   Number         0  maybetermalloc1.o ABSOLUTE
    ../clib/heapalloc.c                      0x00000000   Number         0  maybetermalloc2.o ABSOLUTE
    ../clib/heapalloc.c                      0x00000000   Number         0  maybetermalloc2.o ABSOLUTE
    ../clib/heapalloc.c                      0x00000000   Number         0  free.o ABSOLUTE
    ../clib/heapalloc.c                      0x00000000   Number         0  heapstubs.o ABSOLUTE
    ../clib/heapalloc.c                      0x00000000   Number         0  init_alloc.o ABSOLUTE
    ../clib/heapalloc.c                      0x00000000   Number         0  hguard.o ABSOLUTE
    ../clib/heapalloc.c                      0x00000000   Number         0  term_alloc.o ABSOLUTE
    ../clib/heapalloc.c                      0x00000000   Number         0  malloc.o ABSOLUTE
    ../clib/heapaux.c                        0x00000000   Number         0  heapauxa.o ABSOLUTE
    ../clib/heapaux.c                        0x00000000   Number         0  heapauxi.o ABSOLUTE
    ../clib/libinit.s                        0x00000000   Number         0  libshutdown.o ABSOLUTE
    ../clib/libinit.s                        0x00000000   Number         0  libinit2.o ABSOLUTE
    ../clib/libinit.s                        0x00000000   Number         0  libinit.o ABSOLUTE
    ../clib/libinit.s                        0x00000000   Number         0  libshutdown2.o ABSOLUTE
    ../clib/longlong.s                       0x00000000   Number         0  llushr.o ABSOLUTE
    ../clib/memcpset.s                       0x00000000   Number         0  rt_memcpy_v6.o ABSOLUTE
    ../clib/memcpset.s                       0x00000000   Number         0  rt_memcpy_w.o ABSOLUTE
    ../clib/memcpset.s                       0x00000000   Number         0  memset.o ABSOLUTE
    ../clib/memcpset.s                       0x00000000   Number         0  rt_memclr_w.o ABSOLUTE
    ../clib/memcpset.s                       0x00000000   Number         0  rt_memclr.o ABSOLUTE
    ../clib/printf.c                         0x00000000   Number         0  __2printf.o ABSOLUTE
    ../clib/printf.c                         0x00000000   Number         0  noretval__2printf.o ABSOLUTE
    ../clib/printf.c                         0x00000000   Number         0  _printf_char_common.o ABSOLUTE
    ../clib/printf.c                         0x00000000   Number         0  __printf_nopercent.o ABSOLUTE
    ../clib/printf.c                         0x00000000   Number         0  _printf_char_file.o ABSOLUTE
    ../clib/signal.c                         0x00000000   Number         0  defsig_exit.o ABSOLUTE
    ../clib/signal.c                         0x00000000   Number         0  defsig_segv_inner.o ABSOLUTE
    ../clib/signal.c                         0x00000000   Number         0  defsig_cppl_inner.o ABSOLUTE
    ../clib/signal.c                         0x00000000   Number         0  defsig_pvfn_inner.o ABSOLUTE
    ../clib/signal.c                         0x00000000   Number         0  defsig_stak_inner.o ABSOLUTE
    ../clib/signal.c                         0x00000000   Number         0  defsig_fpe_inner.o ABSOLUTE
    ../clib/signal.c                         0x00000000   Number         0  defsig_abrt_inner.o ABSOLUTE
    ../clib/signal.c                         0x00000000   Number         0  defsig_rtmem_formal.o ABSOLUTE
    ../clib/signal.c                         0x00000000   Number         0  defsig_rtred_formal.o ABSOLUTE
    ../clib/signal.c                         0x00000000   Number         0  defsig_rtmem_outer.o ABSOLUTE
    ../clib/signal.c                         0x00000000   Number         0  defsig_rtred_outer.o ABSOLUTE
    ../clib/signal.c                         0x00000000   Number         0  defsig_general.o ABSOLUTE
    ../clib/signal.c                         0x00000000   Number         0  defsig_rtmem_inner.o ABSOLUTE
    ../clib/signal.c                         0x00000000   Number         0  __raise.o ABSOLUTE
    ../clib/signal.c                         0x00000000   Number         0  defsig_other.o ABSOLUTE
    ../clib/signal.c                         0x00000000   Number         0  defsig_rtred_inner.o ABSOLUTE
    ../clib/signal.s                         0x00000000   Number         0  defsig.o ABSOLUTE
    ../clib/stdio.c                          0x00000000   Number         0  streamlock.o ABSOLUTE
    ../clib/stdio.c                          0x00000000   Number         0  ftell.o ABSOLUTE
    ../clib/stdio.c                          0x00000000   Number         0  initio_locked.o ABSOLUTE
    ../clib/stdio.c                          0x00000000   Number         0  ferror_locked.o ABSOLUTE
    ../clib/stdio.c                          0x00000000   Number         0  initio.o ABSOLUTE
    ../clib/stdio.c                          0x00000000   Number         0  fopen_locked.o ABSOLUTE
    ../clib/stdio.c                          0x00000000   Number         0  setvbuf_locked.o ABSOLUTE
    ../clib/stdio.c                          0x00000000   Number         0  stdio.o ABSOLUTE
    ../clib/stdio.c                          0x00000000   Number         0  fclose.o ABSOLUTE
    ../clib/stdio.c                          0x00000000   Number         0  ferror.o ABSOLUTE
    ../clib/stdio.c                          0x00000000   Number         0  setvbuf.o ABSOLUTE
    ../clib/stdio.c                          0x00000000   Number         0  fopen.o ABSOLUTE
    ../clib/stdio.c                          0x00000000   Number         0  fseek.o ABSOLUTE
    ../clib/stdio.c                          0x00000000   Number         0  stdio_streams.o ABSOLUTE
    ../clib/stdlib.c                         0x00000000   Number         0  exit.o ABSOLUTE
    ../clib/string.c                         0x00000000   Number         0  strlen.o ABSOLUTE
    ../fplib/fpinit.s                        0x00000000   Number         0  fpinit.o ABSOLUTE
    ..\App\Src\key_task.c                    0x00000000   Number         0  key_task.o ABSOLUTE
    ..\App\Src\led_task.c                    0x00000000   Number         0  led_task.o ABSOLUTE
    ..\App\Src\sysctrl.c                     0x00000000   Number         0  sysctrl.o ABSOLUTE
    ..\App\Src\uart_task.c                   0x00000000   Number         0  uart_task.o ABSOLUTE
    ..\Bsp\Src\exti.c                        0x00000000   Number         0  exti.o ABSOLUTE
    ..\Bsp\Src\key.c                         0x00000000   Number         0  key.o ABSOLUTE
    ..\Bsp\Src\led.c                         0x00000000   Number         0  led.o ABSOLUTE
    ..\Bsp\Src\uart.c                        0x00000000   Number         0  uart.o ABSOLUTE
    ..\Core\Src\freertos.c                   0x00000000   Number         0  freertos.o ABSOLUTE
    ..\Core\Src\main.c                       0x00000000   Number         0  main.o ABSOLUTE
    ..\Core\Src\stm32f1xx_hal_msp.c          0x00000000   Number         0  stm32f1xx_hal_msp.o ABSOLUTE
    ..\Core\Src\stm32f1xx_it.c               0x00000000   Number         0  stm32f1xx_it.o ABSOLUTE
    ..\Core\Src\system_stm32f1xx.c           0x00000000   Number         0  system_stm32f1xx.o ABSOLUTE
    ..\Drivers\STM32F1xx_HAL_Driver\Src\stm32f1xx_hal.c 0x00000000   Number         0  stm32f1xx_hal.o ABSOLUTE
    ..\Drivers\STM32F1xx_HAL_Driver\Src\stm32f1xx_hal_cortex.c 0x00000000   Number         0  stm32f1xx_hal_cortex.o ABSOLUTE
    ..\Drivers\STM32F1xx_HAL_Driver\Src\stm32f1xx_hal_dma.c 0x00000000   Number         0  stm32f1xx_hal_dma.o ABSOLUTE
    ..\Drivers\STM32F1xx_HAL_Driver\Src\stm32f1xx_hal_exti.c 0x00000000   Number         0  stm32f1xx_hal_exti.o ABSOLUTE
    ..\Drivers\STM32F1xx_HAL_Driver\Src\stm32f1xx_hal_flash.c 0x00000000   Number         0  stm32f1xx_hal_flash.o ABSOLUTE
    ..\Drivers\STM32F1xx_HAL_Driver\Src\stm32f1xx_hal_flash_ex.c 0x00000000   Number         0  stm32f1xx_hal_flash_ex.o ABSOLUTE
    ..\Drivers\STM32F1xx_HAL_Driver\Src\stm32f1xx_hal_gpio.c 0x00000000   Number         0  stm32f1xx_hal_gpio.o ABSOLUTE
    ..\Drivers\STM32F1xx_HAL_Driver\Src\stm32f1xx_hal_gpio_ex.c 0x00000000   Number         0  stm32f1xx_hal_gpio_ex.o ABSOLUTE
    ..\Drivers\STM32F1xx_HAL_Driver\Src\stm32f1xx_hal_pwr.c 0x00000000   Number         0  stm32f1xx_hal_pwr.o ABSOLUTE
    ..\Drivers\STM32F1xx_HAL_Driver\Src\stm32f1xx_hal_rcc.c 0x00000000   Number         0  stm32f1xx_hal_rcc.o ABSOLUTE
    ..\Drivers\STM32F1xx_HAL_Driver\Src\stm32f1xx_hal_rcc_ex.c 0x00000000   Number         0  stm32f1xx_hal_rcc_ex.o ABSOLUTE
    ..\Drivers\STM32F1xx_HAL_Driver\Src\stm32f1xx_hal_uart.c 0x00000000   Number         0  stm32f1xx_hal_uart.o ABSOLUTE
    ..\Middlewares\Third_Party\FreeRTOS\Source\CMSIS_RTOS\cmsis_os.c 0x00000000   Number         0  cmsis_os.o ABSOLUTE
    ..\Middlewares\Third_Party\FreeRTOS\Source\portable\RVDS\ARM_CM3\port.c 0x00000000   Number         0  port.o ABSOLUTE
    ..\\App\\Src\\led_task.c                 0x00000000   Number         0  led_task.o ABSOLUTE
    ..\\App\\Src\\uart_task.c                0x00000000   Number         0  uart_task.o ABSOLUTE
    ..\\Bsp\\Src\\exti.c                     0x00000000   Number         0  exti.o ABSOLUTE
    ..\\Bsp\\Src\\led.c                      0x00000000   Number         0  led.o ABSOLUTE
    ..\\Bsp\\Src\\uart.c                     0x00000000   Number         0  uart.o ABSOLUTE
    dc.s                                     0x00000000   Number         0  dc.o ABSOLUTE
    startup_stm32f103xb.s                    0x00000000   Number         0  startup_stm32f103xb.o ABSOLUTE
    RESET                                    0x08000000   Section      236  startup_stm32f103xb.o(RESET)
    !!!main                                  0x080000ec   Section        8  __main.o(!!!main)
    !!!scatter                               0x080000f4   Section       52  __scatter.o(!!!scatter)
    !!handler_copy                           0x08000128   Section       26  __scatter_copy.o(!!handler_copy)
    !!handler_zi                             0x08000144   Section       28  __scatter_zi.o(!!handler_zi)
    .ARM.Collect$$libinit$$00000000          0x08000160   Section        2  libinit.o(.ARM.Collect$$libinit$$00000000)
    .ARM.Collect$$libinit$$00000002          0x08000162   Section        0  libinit2.o(.ARM.Collect$$libinit$$00000002)
    .ARM.Collect$$libinit$$00000004          0x08000162   Section        0  libinit2.o(.ARM.Collect$$libinit$$00000004)
    .ARM.Collect$$libinit$$00000005          0x08000162   Section        8  libinit2.o(.ARM.Collect$$libinit$$00000005)
    .ARM.Collect$$libinit$$0000000A          0x0800016a   Section        0  libinit2.o(.ARM.Collect$$libinit$$0000000A)
    .ARM.Collect$$libinit$$0000000C          0x0800016a   Section        0  libinit2.o(.ARM.Collect$$libinit$$0000000C)
    .ARM.Collect$$libinit$$0000000E          0x0800016a   Section        0  libinit2.o(.ARM.Collect$$libinit$$0000000E)
    .ARM.Collect$$libinit$$00000011          0x0800016a   Section        0  libinit2.o(.ARM.Collect$$libinit$$00000011)
    .ARM.Collect$$libinit$$00000013          0x0800016a   Section        0  libinit2.o(.ARM.Collect$$libinit$$00000013)
    .ARM.Collect$$libinit$$00000015          0x0800016a   Section        0  libinit2.o(.ARM.Collect$$libinit$$00000015)
    .ARM.Collect$$libinit$$00000017          0x0800016a   Section        0  libinit2.o(.ARM.Collect$$libinit$$00000017)
    .ARM.Collect$$libinit$$00000019          0x0800016a   Section        0  libinit2.o(.ARM.Collect$$libinit$$00000019)
    .ARM.Collect$$libinit$$0000001B          0x0800016a   Section        0  libinit2.o(.ARM.Collect$$libinit$$0000001B)
    .ARM.Collect$$libinit$$0000001D          0x0800016a   Section        0  libinit2.o(.ARM.Collect$$libinit$$0000001D)
    .ARM.Collect$$libinit$$0000001F          0x0800016a   Section        0  libinit2.o(.ARM.Collect$$libinit$$0000001F)
    .ARM.Collect$$libinit$$00000021          0x0800016a   Section        0  libinit2.o(.ARM.Collect$$libinit$$00000021)
    .ARM.Collect$$libinit$$00000023          0x0800016a   Section        0  libinit2.o(.ARM.Collect$$libinit$$00000023)
    .ARM.Collect$$libinit$$00000024          0x0800016a   Section        4  libinit2.o(.ARM.Collect$$libinit$$00000024)
    .ARM.Collect$$libinit$$00000025          0x0800016e   Section        0  libinit2.o(.ARM.Collect$$libinit$$00000025)
    .ARM.Collect$$libinit$$0000002C          0x0800016e   Section        0  libinit2.o(.ARM.Collect$$libinit$$0000002C)
    .ARM.Collect$$libinit$$0000002E          0x0800016e   Section        0  libinit2.o(.ARM.Collect$$libinit$$0000002E)
    .ARM.Collect$$libinit$$00000030          0x0800016e   Section        0  libinit2.o(.ARM.Collect$$libinit$$00000030)
    .ARM.Collect$$libinit$$00000032          0x0800016e   Section        0  libinit2.o(.ARM.Collect$$libinit$$00000032)
    .ARM.Collect$$libinit$$00000033          0x0800016e   Section        2  libinit2.o(.ARM.Collect$$libinit$$00000033)
    .ARM.Collect$$libshutdown$$00000000      0x08000170   Section        2  libshutdown.o(.ARM.Collect$$libshutdown$$00000000)
    .ARM.Collect$$libshutdown$$00000002      0x08000172   Section        4  libshutdown2.o(.ARM.Collect$$libshutdown$$00000002)
    .ARM.Collect$$libshutdown$$00000003      0x08000176   Section        0  libshutdown2.o(.ARM.Collect$$libshutdown$$00000003)
    .ARM.Collect$$libshutdown$$00000006      0x08000176   Section        0  libshutdown2.o(.ARM.Collect$$libshutdown$$00000006)
    .ARM.Collect$$libshutdown$$00000009      0x08000176   Section        0  libshutdown2.o(.ARM.Collect$$libshutdown$$00000009)
    .ARM.Collect$$libshutdown$$0000000B      0x08000176   Section        0  libshutdown2.o(.ARM.Collect$$libshutdown$$0000000B)
    .ARM.Collect$$libshutdown$$0000000E      0x08000176   Section        0  libshutdown2.o(.ARM.Collect$$libshutdown$$0000000E)
    .ARM.Collect$$libshutdown$$0000000F      0x08000176   Section        2  libshutdown2.o(.ARM.Collect$$libshutdown$$0000000F)
    .ARM.Collect$$rtentry$$00000000          0x08000178   Section        0  __rtentry.o(.ARM.Collect$$rtentry$$00000000)
    .ARM.Collect$$rtentry$$00000002          0x08000178   Section        0  __rtentry2.o(.ARM.Collect$$rtentry$$00000002)
    .ARM.Collect$$rtentry$$00000004          0x08000178   Section        6  __rtentry4.o(.ARM.Collect$$rtentry$$00000004)
    .ARM.Collect$$rtentry$$00000009          0x0800017e   Section        0  __rtentry2.o(.ARM.Collect$$rtentry$$00000009)
    .ARM.Collect$$rtentry$$0000000A          0x0800017e   Section        4  __rtentry2.o(.ARM.Collect$$rtentry$$0000000A)
    .ARM.Collect$$rtentry$$0000000C          0x08000182   Section        0  __rtentry2.o(.ARM.Collect$$rtentry$$0000000C)
    .ARM.Collect$$rtentry$$0000000D          0x08000182   Section        8  __rtentry2.o(.ARM.Collect$$rtentry$$0000000D)
    .ARM.Collect$$rtexit$$00000000           0x0800018a   Section        2  rtexit.o(.ARM.Collect$$rtexit$$00000000)
    .ARM.Collect$$rtexit$$00000002           0x0800018c   Section        0  rtexit2.o(.ARM.Collect$$rtexit$$00000002)
    .ARM.Collect$$rtexit$$00000003           0x0800018c   Section        4  rtexit2.o(.ARM.Collect$$rtexit$$00000003)
    .ARM.Collect$$rtexit$$00000004           0x08000190   Section        6  rtexit2.o(.ARM.Collect$$rtexit$$00000004)
    .emb_text                                0x08000198   Section      150  port.o(.emb_text)
    .emb_text                                0x08000230   Section        0  maybetermalloc1.o(.emb_text)
    .text                                    0x08000230   Section       64  startup_stm32f103xb.o(.text)
    .text                                    0x08000270   Section        0  noretval__2printf.o(.text)
    .text                                    0x08000288   Section      100  rt_memcpy_w.o(.text)
    .text                                    0x080002ec   Section       78  rt_memclr_w.o(.text)
    .text                                    0x0800033a   Section        0  heapauxi.o(.text)
    .text                                    0x08000340   Section        0  _printf_char_file.o(.text)
    .text                                    0x08000364   Section        0  _printf_char_common.o(.text)
    _printf_input_char                       0x08000365   Thumb Code    10  _printf_char_common.o(.text)
    .text                                    0x08000394   Section        0  ferror.o(.text)
    .text                                    0x0800039c   Section        0  initio.o(.text)
    .text                                    0x080004d4   Section        0  sys_io.o(.text)
    .text                                    0x0800053a   Section       74  sys_stackheap_outer.o(.text)
    .text                                    0x08000584   Section        0  h1_free.o(.text)
    .text                                    0x080005d2   Section        0  __printf_nopercent.o(.text)
    .text                                    0x080005fa   Section        0  setvbuf.o(.text)
    .text                                    0x08000640   Section        0  fopen.o(.text)
    _freopen_locked                          0x08000641   Thumb Code     0  fopen.o(.text)
    .text                                    0x0800072c   Section        0  fclose.o(.text)
    .text                                    0x08000778   Section        0  exit.o(.text)
    .text                                    0x08000784   Section        0  defsig_rtred_outer.o(.text)
    .text                                    0x08000794   Section        8  libspace.o(.text)
    .text                                    0x0800079c   Section        2  use_no_semi.o(.text)
    .text                                    0x0800079e   Section        0  indicate_semi.o(.text)
    .text                                    0x080007a0   Section        8  rt_heap_descriptor_intlibspace.o(.text)
    .text                                    0x080007a8   Section        0  hguard.o(.text)
    .text                                    0x080007ac   Section        0  init_alloc.o(.text)
    .text                                    0x08000836   Section        0  h1_alloc.o(.text)
    .text                                    0x08000894   Section        0  fseek.o(.text)
    .text                                    0x0800098c   Section        0  stdio.o(.text)
    .text                                    0x08000a7c   Section        0  defsig_exit.o(.text)
    .text                                    0x08000a88   Section        0  defsig_rtred_inner.o(.text)
    .text                                    0x08000abc   Section        0  strlen.o(.text)
    .text                                    0x08000afc   Section        0  sys_exit.o(.text)
    .text                                    0x08000b08   Section        0  h1_init.o(.text)
    .text                                    0x08000b16   Section        0  h1_extend.o(.text)
    .text                                    0x08000b4a   Section        0  ftell.o(.text)
    .text                                    0x08000b8c   Section        0  defsig_general.o(.text)
    .text                                    0x08000bbe   Section        0  defsig_rtmem_outer.o(.text)
    .text                                    0x08000bcc   Section        0  sys_wrch.o(.text)
    .text                                    0x08000bdc   Section        8  rt_errno_addr_intlibspace.o(.text)
    .text                                    0x08000be4   Section        0  defsig_rtmem_inner.o(.text)
    i.App_LED_Task                           0x08000c34   Section        0  led_task.o(i.App_LED_Task)
    i.App_UART_Task                          0x08000c44   Section        0  uart_task.o(i.App_UART_Task)
    i.BSP_LED_Init                           0x08000c70   Section        0  led.o(i.BSP_LED_Init)
    i.BSP_LED_Toggle                         0x08000cb8   Section        0  led.o(i.BSP_LED_Toggle)
    i.BSP_UART_Init                          0x08000cc8   Section        0  uart.o(i.BSP_UART_Init)
    i.BusFault_Handler                       0x08000d00   Section        0  stm32f1xx_it.o(i.BusFault_Handler)
    i.DebugMon_Handler                       0x08000d02   Section        0  stm32f1xx_it.o(i.DebugMon_Handler)
    i.Error_Handler                          0x08000d04   Section        0  main.o(i.Error_Handler)
    i.HAL_GPIO_Init                          0x08000d08   Section        0  stm32f1xx_hal_gpio.o(i.HAL_GPIO_Init)
    i.HAL_GPIO_TogglePin                     0x08000ee8   Section        0  stm32f1xx_hal_gpio.o(i.HAL_GPIO_TogglePin)
    i.HAL_GPIO_WritePin                      0x08000ef8   Section        0  stm32f1xx_hal_gpio.o(i.HAL_GPIO_WritePin)
    i.HAL_GetTick                            0x08000f04   Section        0  stm32f1xx_hal.o(i.HAL_GetTick)
    i.HAL_IncTick                            0x08000f10   Section        0  stm32f1xx_hal.o(i.HAL_IncTick)
    i.HAL_Init                               0x08000f20   Section        0  stm32f1xx_hal.o(i.HAL_Init)
    i.HAL_InitTick                           0x08000f44   Section        0  stm32f1xx_hal.o(i.HAL_InitTick)
    i.HAL_MspInit                            0x08000f84   Section        0  stm32f1xx_hal_msp.o(i.HAL_MspInit)
    i.HAL_NVIC_SetPriority                   0x08000fb8   Section        0  stm32f1xx_hal_cortex.o(i.HAL_NVIC_SetPriority)
    i.HAL_NVIC_SetPriorityGrouping           0x08000ff8   Section        0  stm32f1xx_hal_cortex.o(i.HAL_NVIC_SetPriorityGrouping)
    i.HAL_RCC_ClockConfig                    0x0800101c   Section        0  stm32f1xx_hal_rcc.o(i.HAL_RCC_ClockConfig)
    i.HAL_RCC_GetPCLK1Freq                   0x08001148   Section        0  stm32f1xx_hal_rcc.o(i.HAL_RCC_GetPCLK1Freq)
    i.HAL_RCC_GetPCLK2Freq                   0x08001168   Section        0  stm32f1xx_hal_rcc.o(i.HAL_RCC_GetPCLK2Freq)
    i.HAL_RCC_GetSysClockFreq                0x08001188   Section        0  stm32f1xx_hal_rcc.o(i.HAL_RCC_GetSysClockFreq)
    i.HAL_RCC_OscConfig                      0x080011d4   Section        0  stm32f1xx_hal_rcc.o(i.HAL_RCC_OscConfig)
    i.HAL_SYSTICK_Config                     0x080014f4   Section        0  stm32f1xx_hal_cortex.o(i.HAL_SYSTICK_Config)
    i.HAL_UART_Init                          0x0800151c   Section        0  stm32f1xx_hal_uart.o(i.HAL_UART_Init)
    i.HAL_UART_MspInit                       0x08001580   Section        0  stm32f1xx_hal_uart.o(i.HAL_UART_MspInit)
    i.HAL_UART_Transmit                      0x08001582   Section        0  stm32f1xx_hal_uart.o(i.HAL_UART_Transmit)
    i.HardFault_Handler                      0x08001622   Section        0  stm32f1xx_it.o(i.HardFault_Handler)
    i.MemManage_Handler                      0x08001624   Section        0  stm32f1xx_it.o(i.MemManage_Handler)
    i.NMI_Handler                            0x08001626   Section        0  stm32f1xx_it.o(i.NMI_Handler)
    i.Start_LED_Task                         0x08001628   Section        0  main.o(i.Start_LED_Task)
    i.Start_UART_Task                        0x08001632   Section        0  main.o(i.Start_UART_Task)
    i.SysTick_Handler                        0x0800163c   Section        0  stm32f1xx_it.o(i.SysTick_Handler)
    i.SystemClock_Config                     0x08001654   Section        0  main.o(i.SystemClock_Config)
    i.SystemInit                             0x080016b2   Section        0  system_stm32f1xx.o(i.SystemInit)
    i.UART_EndRxTransfer                     0x080016b4   Section        0  stm32f1xx_hal_uart.o(i.UART_EndRxTransfer)
    UART_EndRxTransfer                       0x080016b5   Thumb Code    78  stm32f1xx_hal_uart.o(i.UART_EndRxTransfer)
    i.UART_SetConfig                         0x08001704   Section        0  stm32f1xx_hal_uart.o(i.UART_SetConfig)
    UART_SetConfig                           0x08001705   Thumb Code   178  stm32f1xx_hal_uart.o(i.UART_SetConfig)
    i.UART_WaitOnFlagUntilTimeout            0x080017bc   Section        0  stm32f1xx_hal_uart.o(i.UART_WaitOnFlagUntilTimeout)
    UART_WaitOnFlagUntilTimeout              0x080017bd   Thumb Code   114  stm32f1xx_hal_uart.o(i.UART_WaitOnFlagUntilTimeout)
    i.UsageFault_Handler                     0x0800182e   Section        0  stm32f1xx_it.o(i.UsageFault_Handler)
    i.__NVIC_SetPriority                     0x08001830   Section        0  stm32f1xx_hal_cortex.o(i.__NVIC_SetPriority)
    __NVIC_SetPriority                       0x08001831   Thumb Code    32  stm32f1xx_hal_cortex.o(i.__NVIC_SetPriority)
    i.fputc                                  0x08001850   Section        0  uart.o(i.fputc)
    i.main                                   0x08001868   Section        0  main.o(i.main)
    i.makeFreeRtosPriority                   0x080018b4   Section        0  cmsis_os.o(i.makeFreeRtosPriority)
    makeFreeRtosPriority                     0x080018b5   Thumb Code    12  cmsis_os.o(i.makeFreeRtosPriority)
    i.osDelay                                0x080018c0   Section        0  cmsis_os.o(i.osDelay)
    i.osKernelStart                          0x080018ce   Section        0  cmsis_os.o(i.osKernelStart)
    i.osThreadCreate                         0x080018d8   Section        0  cmsis_os.o(i.osThreadCreate)
    i.prvAddCurrentTaskToDelayedList         0x0800192c   Section        0  tasks.o(i.prvAddCurrentTaskToDelayedList)
    prvAddCurrentTaskToDelayedList           0x0800192d   Thumb Code   102  tasks.o(i.prvAddCurrentTaskToDelayedList)
    i.prvAddNewTaskToReadyList               0x0800199c   Section        0  tasks.o(i.prvAddNewTaskToReadyList)
    prvAddNewTaskToReadyList                 0x0800199d   Thumb Code   194  tasks.o(i.prvAddNewTaskToReadyList)
    i.prvDeleteTCB                           0x08001a6c   Section        0  tasks.o(i.prvDeleteTCB)
    prvDeleteTCB                             0x08001a6d   Thumb Code    52  tasks.o(i.prvDeleteTCB)
    i.prvHeapInit                            0x08001aa0   Section        0  heap_4.o(i.prvHeapInit)
    prvHeapInit                              0x08001aa1   Thumb Code    66  heap_4.o(i.prvHeapInit)
    i.prvIdleTask                            0x08001aec   Section        0  tasks.o(i.prvIdleTask)
    prvIdleTask                              0x08001aed   Thumb Code    82  tasks.o(i.prvIdleTask)
    i.prvInitialiseNewTask                   0x08001b4c   Section        0  tasks.o(i.prvInitialiseNewTask)
    prvInitialiseNewTask                     0x08001b4d   Thumb Code   152  tasks.o(i.prvInitialiseNewTask)
    i.prvInsertBlockIntoFreeList             0x08001be4   Section        0  heap_4.o(i.prvInsertBlockIntoFreeList)
    prvInsertBlockIntoFreeList               0x08001be5   Thumb Code    72  heap_4.o(i.prvInsertBlockIntoFreeList)
    i.prvResetNextTaskUnblockTime            0x08001c30   Section        0  tasks.o(i.prvResetNextTaskUnblockTime)
    prvResetNextTaskUnblockTime              0x08001c31   Thumb Code    26  tasks.o(i.prvResetNextTaskUnblockTime)
    i.prvTaskExitError                       0x08001c50   Section        0  port.o(i.prvTaskExitError)
    prvTaskExitError                         0x08001c51   Thumb Code    36  port.o(i.prvTaskExitError)
    i.pvPortMalloc                           0x08001c78   Section        0  heap_4.o(i.pvPortMalloc)
    i.pxPortInitialiseStack                  0x08001d54   Section        0  port.o(i.pxPortInitialiseStack)
    i.uxListRemove                           0x08001d78   Section        0  list.o(i.uxListRemove)
    i.vApplicationGetIdleTaskMemory          0x08001da0   Section        0  freertos.o(i.vApplicationGetIdleTaskMemory)
    i.vListInitialise                        0x08001db4   Section        0  list.o(i.vListInitialise)
    i.vListInitialiseItem                    0x08001dca   Section        0  list.o(i.vListInitialiseItem)
    i.vListInsert                            0x08001dd0   Section        0  list.o(i.vListInsert)
    i.vListInsertEnd                         0x08001e00   Section        0  list.o(i.vListInsertEnd)
    i.vPortEnterCritical                     0x08001e18   Section        0  port.o(i.vPortEnterCritical)
    i.vPortExitCritical                      0x08001e58   Section        0  port.o(i.vPortExitCritical)
    i.vPortFree                              0x08001e80   Section        0  heap_4.o(i.vPortFree)
    i.vPortSetupTimerInterrupt               0x08001ee4   Section        0  port.o(i.vPortSetupTimerInterrupt)
    i.vTaskDelay                             0x08001f08   Section        0  tasks.o(i.vTaskDelay)
    i.vTaskStartScheduler                    0x08001f54   Section        0  tasks.o(i.vTaskStartScheduler)
    i.vTaskSuspendAll                        0x08001fc0   Section        0  tasks.o(i.vTaskSuspendAll)
    i.vTaskSwitchContext                     0x08001fd0   Section        0  tasks.o(i.vTaskSwitchContext)
    i.xPortStartScheduler                    0x0800202c   Section        0  port.o(i.xPortStartScheduler)
    i.xPortSysTickHandler                    0x080020d4   Section        0  port.o(i.xPortSysTickHandler)
    i.xTaskCreate                            0x08002100   Section        0  tasks.o(i.xTaskCreate)
    i.xTaskCreateStatic                      0x0800215a   Section        0  tasks.o(i.xTaskCreateStatic)
    i.xTaskGetSchedulerState                 0x080021b0   Section        0  tasks.o(i.xTaskGetSchedulerState)
    i.xTaskIncrementTick                     0x080021cc   Section        0  tasks.o(i.xTaskIncrementTick)
    i.xTaskResumeAll                         0x08002298   Section        0  tasks.o(i.xTaskResumeAll)
    .constdata                               0x0800235c   Section       56  main.o(.constdata)
    .constdata                               0x08002394   Section       18  stm32f1xx_hal_rcc.o(.constdata)
    aPredivFactorTable                       0x08002394   Data           2  stm32f1xx_hal_rcc.o(.constdata)
    aPLLMULFactorTable                       0x08002396   Data          16  stm32f1xx_hal_rcc.o(.constdata)
    .constdata                               0x080023a6   Section       16  system_stm32f1xx.o(.constdata)
    .constdata                               0x080023b6   Section        8  system_stm32f1xx.o(.constdata)
    .constdata                               0x080023be   Section        4  sys_io.o(.constdata)
    .constdata                               0x080023c2   Section        4  sys_io.o(.constdata)
    .constdata                               0x080023c6   Section        4  sys_io.o(.constdata)
    .conststring                             0x080023cc   Section       22  main.o(.conststring)
    .data                                    0x20000000   Section        8  main.o(.data)
    .data                                    0x20000008   Section       12  stm32f1xx_hal.o(.data)
    .data                                    0x20000014   Section        4  system_stm32f1xx.o(.data)
    .data                                    0x20000018   Section       60  tasks.o(.data)
    uxDeletedTasksWaitingCleanUp             0x2000001c   Data           4  tasks.o(.data)
    uxCurrentNumberOfTasks                   0x20000020   Data           4  tasks.o(.data)
    xTickCount                               0x20000024   Data           4  tasks.o(.data)
    uxTopReadyPriority                       0x20000028   Data           4  tasks.o(.data)
    xSchedulerRunning                        0x2000002c   Data           4  tasks.o(.data)
    xPendedTicks                             0x20000030   Data           4  tasks.o(.data)
    xYieldPending                            0x20000034   Data           4  tasks.o(.data)
    xNumOfOverflows                          0x20000038   Data           4  tasks.o(.data)
    uxTaskNumber                             0x2000003c   Data           4  tasks.o(.data)
    xNextTaskUnblockTime                     0x20000040   Data           4  tasks.o(.data)
    xIdleTaskHandle                          0x20000044   Data           4  tasks.o(.data)
    uxSchedulerSuspended                     0x20000048   Data           4  tasks.o(.data)
    pxDelayedTaskList                        0x2000004c   Data           4  tasks.o(.data)
    pxOverflowDelayedTaskList                0x20000050   Data           4  tasks.o(.data)
    .data                                    0x20000054   Section       32  heap_4.o(.data)
    pxEnd                                    0x20000054   Data           4  heap_4.o(.data)
    xFreeBytesRemaining                      0x20000058   Data           4  heap_4.o(.data)
    xMinimumEverFreeBytesRemaining           0x2000005c   Data           4  heap_4.o(.data)
    xNumberOfSuccessfulAllocations           0x20000060   Data           4  heap_4.o(.data)
    xNumberOfSuccessfulFrees                 0x20000064   Data           4  heap_4.o(.data)
    xBlockAllocatedBit                       0x20000068   Data           4  heap_4.o(.data)
    xStart                                   0x2000006c   Data           8  heap_4.o(.data)
    .data                                    0x20000074   Section       12  port.o(.data)
    ucMaxSysCallPriority                     0x20000074   Data           1  port.o(.data)
    uxCriticalNesting                        0x20000078   Data           4  port.o(.data)
    ulMaxPRIGROUPValue                       0x2000007c   Data           4  port.o(.data)
    .data                                    0x20000080   Section        4  stdio_streams.o(.data)
    .data                                    0x20000084   Section        4  stdio_streams.o(.data)
    .data                                    0x20000088   Section        4  stdio_streams.o(.data)
    .bss                                     0x2000008c   Section       72  main.o(.bss)
    .bss                                     0x200000d4   Section      596  freertos.o(.bss)
    xIdleTaskTCBBuffer                       0x200000d4   Data          84  freertos.o(.bss)
    xIdleStack                               0x20000128   Data         512  freertos.o(.bss)
    .bss                                     0x20000328   Section      240  tasks.o(.bss)
    pxReadyTasksLists                        0x20000328   Data         140  tasks.o(.bss)
    xDelayedTaskList1                        0x200003b4   Data          20  tasks.o(.bss)
    xDelayedTaskList2                        0x200003c8   Data          20  tasks.o(.bss)
    xPendingReadyList                        0x200003dc   Data          20  tasks.o(.bss)
    xTasksWaitingTermination                 0x200003f0   Data          20  tasks.o(.bss)
    xSuspendedTaskList                       0x20000404   Data          20  tasks.o(.bss)
    .bss                                     0x20000418   Section    10240  heap_4.o(.bss)
    ucHeap                                   0x20000418   Data       10240  heap_4.o(.bss)
    .bss                                     0x20002c18   Section       84  stdio_streams.o(.bss)
    .bss                                     0x20002c6c   Section       84  stdio_streams.o(.bss)
    .bss                                     0x20002cc0   Section       84  stdio_streams.o(.bss)
    .bss                                     0x20002d14   Section       96  libspace.o(.bss)
    HEAP                                     0x20002d78   Section     1024  startup_stm32f103xb.o(HEAP)
    Heap_Mem                                 0x20002d78   Data        1024  startup_stm32f103xb.o(HEAP)
    STACK                                    0x20003178   Section     1024  startup_stm32f103xb.o(STACK)
    Stack_Mem                                0x20003178   Data        1024  startup_stm32f103xb.o(STACK)
    __initial_sp                             0x20003578   Data           0  startup_stm32f103xb.o(STACK)

    Global Symbols

    Symbol Name                              Value     Ov Type        Size  Object(Section)

    BuildAttributes$$THM_ISAv4$P$D$K$B$S$PE$A:L22UL41UL21$X:L11$S22US41US21$IEEE1$IW$USESV6$~STKCKD$USESV7$~SHL$OTIME$ROPI$EBA8$UX$STANDARDLIB$REQ8$PRES8$EABIv2 0x00000000   Number         0  anon$$obj.o ABSOLUTE
    __ARM_use_no_argv                        0x00000000   Number         0  main.o ABSOLUTE
    __ARM_exceptions_init                     - Undefined Weak Reference
    __alloca_initialize                       - Undefined Weak Reference
    __arm_preinit_                            - Undefined Weak Reference
    __cpp_initialize__aeabi_                  - Undefined Weak Reference
    __cxa_finalize                            - Undefined Weak Reference
    __rt_locale                               - Undefined Weak Reference
    __sigvec_lookup                           - Undefined Weak Reference
    __user_heap_extent                        - Undefined Weak Reference
    _atexit_init                              - Undefined Weak Reference
    _call_atexit_fns                          - Undefined Weak Reference
    _clock_init                               - Undefined Weak Reference
    _fp_trap_init                             - Undefined Weak Reference
    _fp_trap_shutdown                         - Undefined Weak Reference
    _get_lc_collate                           - Undefined Weak Reference
    _get_lc_ctype                             - Undefined Weak Reference
    _get_lc_monetary                          - Undefined Weak Reference
    _get_lc_numeric                           - Undefined Weak Reference
    _get_lc_time                              - Undefined Weak Reference
    _getenv_init                              - Undefined Weak Reference
    _handle_redirection                       - Undefined Weak Reference
    _mutex_acquire                            - Undefined Weak Reference
    _mutex_free                               - Undefined Weak Reference
    _mutex_release                            - Undefined Weak Reference
    _rand_init                                - Undefined Weak Reference
    _signal_finish                            - Undefined Weak Reference
    _signal_init                              - Undefined Weak Reference
    __Vectors_Size                           0x000000ec   Number         0  startup_stm32f103xb.o ABSOLUTE
    __Vectors                                0x08000000   Data           4  startup_stm32f103xb.o(RESET)
    __Vectors_End                            0x080000ec   Data           0  startup_stm32f103xb.o(RESET)
    __main                                   0x080000ed   Thumb Code     8  __main.o(!!!main)
    __scatterload                            0x080000f5   Thumb Code     0  __scatter.o(!!!scatter)
    __scatterload_rt2                        0x080000f5   Thumb Code    44  __scatter.o(!!!scatter)
    __scatterload_rt2_thumb_only             0x080000f5   Thumb Code     0  __scatter.o(!!!scatter)
    __scatterload_null                       0x08000103   Thumb Code     0  __scatter.o(!!!scatter)
    __scatterload_copy                       0x08000129   Thumb Code    26  __scatter_copy.o(!!handler_copy)
    __scatterload_zeroinit                   0x08000145   Thumb Code    28  __scatter_zi.o(!!handler_zi)
    __rt_lib_init                            0x08000161   Thumb Code     0  libinit.o(.ARM.Collect$$libinit$$00000000)
    __rt_lib_init_fp_1                       0x08000163   Thumb Code     0  libinit2.o(.ARM.Collect$$libinit$$00000002)
    __rt_lib_init_heap_2                     0x08000163   Thumb Code     0  libinit2.o(.ARM.Collect$$libinit$$00000005)
    __rt_lib_init_preinit_1                  0x08000163   Thumb Code     0  libinit2.o(.ARM.Collect$$libinit$$00000004)
    __rt_lib_init_atexit_1                   0x0800016b   Thumb Code     0  libinit2.o(.ARM.Collect$$libinit$$0000001B)
    __rt_lib_init_clock_1                    0x0800016b   Thumb Code     0  libinit2.o(.ARM.Collect$$libinit$$00000021)
    __rt_lib_init_fp_trap_1                  0x0800016b   Thumb Code     0  libinit2.o(.ARM.Collect$$libinit$$0000001F)
    __rt_lib_init_getenv_1                   0x0800016b   Thumb Code     0  libinit2.o(.ARM.Collect$$libinit$$00000023)
    __rt_lib_init_heap_1                     0x0800016b   Thumb Code     0  libinit2.o(.ARM.Collect$$libinit$$0000000A)
    __rt_lib_init_lc_collate_1               0x0800016b   Thumb Code     0  libinit2.o(.ARM.Collect$$libinit$$00000011)
    __rt_lib_init_lc_ctype_1                 0x0800016b   Thumb Code     0  libinit2.o(.ARM.Collect$$libinit$$00000013)
    __rt_lib_init_lc_monetary_1              0x0800016b   Thumb Code     0  libinit2.o(.ARM.Collect$$libinit$$00000015)
    __rt_lib_init_lc_numeric_1               0x0800016b   Thumb Code     0  libinit2.o(.ARM.Collect$$libinit$$00000017)
    __rt_lib_init_lc_time_1                  0x0800016b   Thumb Code     0  libinit2.o(.ARM.Collect$$libinit$$00000019)
    __rt_lib_init_rand_1                     0x0800016b   Thumb Code     0  libinit2.o(.ARM.Collect$$libinit$$0000000E)
    __rt_lib_init_signal_1                   0x0800016b   Thumb Code     0  libinit2.o(.ARM.Collect$$libinit$$0000001D)
    __rt_lib_init_stdio_2                    0x0800016b   Thumb Code     0  libinit2.o(.ARM.Collect$$libinit$$00000024)
    __rt_lib_init_user_alloc_1               0x0800016b   Thumb Code     0  libinit2.o(.ARM.Collect$$libinit$$0000000C)
    __rt_lib_init_alloca_1                   0x0800016f   Thumb Code     0  libinit2.o(.ARM.Collect$$libinit$$0000002E)
    __rt_lib_init_argv_1                     0x0800016f   Thumb Code     0  libinit2.o(.ARM.Collect$$libinit$$0000002C)
    __rt_lib_init_cpp_1                      0x0800016f   Thumb Code     0  libinit2.o(.ARM.Collect$$libinit$$00000032)
    __rt_lib_init_exceptions_1               0x0800016f   Thumb Code     0  libinit2.o(.ARM.Collect$$libinit$$00000030)
    __rt_lib_init_return                     0x0800016f   Thumb Code     0  libinit2.o(.ARM.Collect$$libinit$$00000033)
    __rt_lib_init_stdio_1                    0x0800016f   Thumb Code     0  libinit2.o(.ARM.Collect$$libinit$$00000025)
    __rt_lib_shutdown                        0x08000171   Thumb Code     0  libshutdown.o(.ARM.Collect$$libshutdown$$00000000)
    __rt_lib_shutdown_stdio_2                0x08000173   Thumb Code     0  libshutdown2.o(.ARM.Collect$$libshutdown$$00000002)
    __rt_lib_shutdown_fp_trap_1              0x08000177   Thumb Code     0  libshutdown2.o(.ARM.Collect$$libshutdown$$00000006)
    __rt_lib_shutdown_heap_1                 0x08000177   Thumb Code     0  libshutdown2.o(.ARM.Collect$$libshutdown$$0000000E)
    __rt_lib_shutdown_return                 0x08000177   Thumb Code     0  libshutdown2.o(.ARM.Collect$$libshutdown$$0000000F)
    __rt_lib_shutdown_signal_1               0x08000177   Thumb Code     0  libshutdown2.o(.ARM.Collect$$libshutdown$$00000009)
    __rt_lib_shutdown_stdio_1                0x08000177   Thumb Code     0  libshutdown2.o(.ARM.Collect$$libshutdown$$00000003)
    __rt_lib_shutdown_user_alloc_1           0x08000177   Thumb Code     0  libshutdown2.o(.ARM.Collect$$libshutdown$$0000000B)
    __rt_entry                               0x08000179   Thumb Code     0  __rtentry.o(.ARM.Collect$$rtentry$$00000000)
    __rt_entry_presh_1                       0x08000179   Thumb Code     0  __rtentry2.o(.ARM.Collect$$rtentry$$00000002)
    __rt_entry_sh                            0x08000179   Thumb Code     0  __rtentry4.o(.ARM.Collect$$rtentry$$00000004)
    __rt_entry_li                            0x0800017f   Thumb Code     0  __rtentry2.o(.ARM.Collect$$rtentry$$0000000A)
    __rt_entry_postsh_1                      0x0800017f   Thumb Code     0  __rtentry2.o(.ARM.Collect$$rtentry$$00000009)
    __rt_entry_main                          0x08000183   Thumb Code     0  __rtentry2.o(.ARM.Collect$$rtentry$$0000000D)
    __rt_entry_postli_1                      0x08000183   Thumb Code     0  __rtentry2.o(.ARM.Collect$$rtentry$$0000000C)
    __rt_exit                                0x0800018b   Thumb Code     0  rtexit.o(.ARM.Collect$$rtexit$$00000000)
    __rt_exit_ls                             0x0800018d   Thumb Code     0  rtexit2.o(.ARM.Collect$$rtexit$$00000003)
    __rt_exit_prels_1                        0x0800018d   Thumb Code     0  rtexit2.o(.ARM.Collect$$rtexit$$00000002)
    __rt_exit_exit                           0x08000191   Thumb Code     0  rtexit2.o(.ARM.Collect$$rtexit$$00000004)
    SVC_Handler                              0x08000199   Thumb Code    32  port.o(.emb_text)
    __asm___6_port_c_39a90d8d__prvStartFirstTask 0x080001bd   Thumb Code    28  port.o(.emb_text)
    PendSV_Handler                           0x080001dd   Thumb Code    72  port.o(.emb_text)
    vPortGetIPSR                             0x08000229   Thumb Code     6  port.o(.emb_text)
    Reset_Handler                            0x08000231   Thumb Code     8  startup_stm32f103xb.o(.text)
    _maybe_terminate_alloc                   0x08000231   Thumb Code     0  maybetermalloc1.o(.emb_text)
    ADC1_2_IRQHandler                        0x0800024b   Thumb Code     0  startup_stm32f103xb.o(.text)
    CAN1_RX1_IRQHandler                      0x0800024b   Thumb Code     0  startup_stm32f103xb.o(.text)
    CAN1_SCE_IRQHandler                      0x0800024b   Thumb Code     0  startup_stm32f103xb.o(.text)
    DMA1_Channel1_IRQHandler                 0x0800024b   Thumb Code     0  startup_stm32f103xb.o(.text)
    DMA1_Channel2_IRQHandler                 0x0800024b   Thumb Code     0  startup_stm32f103xb.o(.text)
    DMA1_Channel3_IRQHandler                 0x0800024b   Thumb Code     0  startup_stm32f103xb.o(.text)
    DMA1_Channel4_IRQHandler                 0x0800024b   Thumb Code     0  startup_stm32f103xb.o(.text)
    DMA1_Channel5_IRQHandler                 0x0800024b   Thumb Code     0  startup_stm32f103xb.o(.text)
    DMA1_Channel6_IRQHandler                 0x0800024b   Thumb Code     0  startup_stm32f103xb.o(.text)
    DMA1_Channel7_IRQHandler                 0x0800024b   Thumb Code     0  startup_stm32f103xb.o(.text)
    EXTI0_IRQHandler                         0x0800024b   Thumb Code     0  startup_stm32f103xb.o(.text)
    EXTI15_10_IRQHandler                     0x0800024b   Thumb Code     0  startup_stm32f103xb.o(.text)
    EXTI1_IRQHandler                         0x0800024b   Thumb Code     0  startup_stm32f103xb.o(.text)
    EXTI2_IRQHandler                         0x0800024b   Thumb Code     0  startup_stm32f103xb.o(.text)
    EXTI3_IRQHandler                         0x0800024b   Thumb Code     0  startup_stm32f103xb.o(.text)
    EXTI4_IRQHandler                         0x0800024b   Thumb Code     0  startup_stm32f103xb.o(.text)
    EXTI9_5_IRQHandler                       0x0800024b   Thumb Code     0  startup_stm32f103xb.o(.text)
    FLASH_IRQHandler                         0x0800024b   Thumb Code     0  startup_stm32f103xb.o(.text)
    I2C1_ER_IRQHandler                       0x0800024b   Thumb Code     0  startup_stm32f103xb.o(.text)
    I2C1_EV_IRQHandler                       0x0800024b   Thumb Code     0  startup_stm32f103xb.o(.text)
    I2C2_ER_IRQHandler                       0x0800024b   Thumb Code     0  startup_stm32f103xb.o(.text)
    I2C2_EV_IRQHandler                       0x0800024b   Thumb Code     0  startup_stm32f103xb.o(.text)
    PVD_IRQHandler                           0x0800024b   Thumb Code     0  startup_stm32f103xb.o(.text)
    RCC_IRQHandler                           0x0800024b   Thumb Code     0  startup_stm32f103xb.o(.text)
    RTC_Alarm_IRQHandler                     0x0800024b   Thumb Code     0  startup_stm32f103xb.o(.text)
    RTC_IRQHandler                           0x0800024b   Thumb Code     0  startup_stm32f103xb.o(.text)
    SPI1_IRQHandler                          0x0800024b   Thumb Code     0  startup_stm32f103xb.o(.text)
    SPI2_IRQHandler                          0x0800024b   Thumb Code     0  startup_stm32f103xb.o(.text)
    TAMPER_IRQHandler                        0x0800024b   Thumb Code     0  startup_stm32f103xb.o(.text)
    TIM1_BRK_IRQHandler                      0x0800024b   Thumb Code     0  startup_stm32f103xb.o(.text)
    TIM1_CC_IRQHandler                       0x0800024b   Thumb Code     0  startup_stm32f103xb.o(.text)
    TIM1_TRG_COM_IRQHandler                  0x0800024b   Thumb Code     0  startup_stm32f103xb.o(.text)
    TIM1_UP_IRQHandler                       0x0800024b   Thumb Code     0  startup_stm32f103xb.o(.text)
    TIM2_IRQHandler                          0x0800024b   Thumb Code     0  startup_stm32f103xb.o(.text)
    TIM3_IRQHandler                          0x0800024b   Thumb Code     0  startup_stm32f103xb.o(.text)
    TIM4_IRQHandler                          0x0800024b   Thumb Code     0  startup_stm32f103xb.o(.text)
    USART1_IRQHandler                        0x0800024b   Thumb Code     0  startup_stm32f103xb.o(.text)
    USART2_IRQHandler                        0x0800024b   Thumb Code     0  startup_stm32f103xb.o(.text)
    USART3_IRQHandler                        0x0800024b   Thumb Code     0  startup_stm32f103xb.o(.text)
    USBWakeUp_IRQHandler                     0x0800024b   Thumb Code     0  startup_stm32f103xb.o(.text)
    USB_HP_CAN1_TX_IRQHandler                0x0800024b   Thumb Code     0  startup_stm32f103xb.o(.text)
    USB_LP_CAN1_RX0_IRQHandler               0x0800024b   Thumb Code     0  startup_stm32f103xb.o(.text)
    WWDG_IRQHandler                          0x0800024b   Thumb Code     0  startup_stm32f103xb.o(.text)
    __user_initial_stackheap                 0x0800024d   Thumb Code     0  startup_stm32f103xb.o(.text)
    __2printf                                0x08000271   Thumb Code    20  noretval__2printf.o(.text)
    __aeabi_memcpy4                          0x08000289   Thumb Code     0  rt_memcpy_w.o(.text)
    __aeabi_memcpy8                          0x08000289   Thumb Code     0  rt_memcpy_w.o(.text)
    __rt_memcpy_w                            0x08000289   Thumb Code   100  rt_memcpy_w.o(.text)
    _memcpy_lastbytes_aligned                0x080002d1   Thumb Code     0  rt_memcpy_w.o(.text)
    __aeabi_memclr4                          0x080002ed   Thumb Code     0  rt_memclr_w.o(.text)
    __aeabi_memclr8                          0x080002ed   Thumb Code     0  rt_memclr_w.o(.text)
    __rt_memclr_w                            0x080002ed   Thumb Code    78  rt_memclr_w.o(.text)
    _memset_w                                0x080002f1   Thumb Code     0  rt_memclr_w.o(.text)
    __use_two_region_memory                  0x0800033b   Thumb Code     2  heapauxi.o(.text)
    __rt_heap_escrow                         0x0800033d   Thumb Code     2  heapauxi.o(.text)
    __rt_heap_expand                         0x0800033f   Thumb Code     2  heapauxi.o(.text)
    _printf_char_file                        0x08000341   Thumb Code    32  _printf_char_file.o(.text)
    _printf_char_common                      0x0800036f   Thumb Code    32  _printf_char_common.o(.text)
    ferror                                   0x08000395   Thumb Code     8  ferror.o(.text)
    _initio                                  0x0800039d   Thumb Code   210  initio.o(.text)
    _terminateio                             0x0800046f   Thumb Code    56  initio.o(.text)
    _sys_open                                0x080004d5   Thumb Code    20  sys_io.o(.text)
    _sys_close                               0x080004e9   Thumb Code    12  sys_io.o(.text)
    _sys_write                               0x080004f5   Thumb Code    16  sys_io.o(.text)
    _sys_read                                0x08000505   Thumb Code    14  sys_io.o(.text)
    _sys_istty                               0x08000513   Thumb Code    12  sys_io.o(.text)
    _sys_seek                                0x0800051f   Thumb Code    14  sys_io.o(.text)
    _sys_ensure                              0x0800052d   Thumb Code     2  sys_io.o(.text)
    _sys_flen                                0x0800052f   Thumb Code    12  sys_io.o(.text)
    __user_setup_stackheap                   0x0800053b   Thumb Code    74  sys_stackheap_outer.o(.text)
    free                                     0x08000585   Thumb Code    78  h1_free.o(.text)
    __printf                                 0x080005d3   Thumb Code    40  __printf_nopercent.o(.text)
    setvbuf                                  0x080005fb   Thumb Code    70  setvbuf.o(.text)
    freopen                                  0x08000641   Thumb Code   158  fopen.o(.text)
    fopen                                    0x080006df   Thumb Code    74  fopen.o(.text)
    _fclose_internal                         0x0800072d   Thumb Code    76  fclose.o(.text)
    fclose                                   0x0800072d   Thumb Code     0  fclose.o(.text)
    exit                                     0x08000779   Thumb Code    12  exit.o(.text)
    __rt_SIGRTRED                            0x08000785   Thumb Code    14  defsig_rtred_outer.o(.text)
    __user_libspace                          0x08000795   Thumb Code     8  libspace.o(.text)
    __user_perproc_libspace                  0x08000795   Thumb Code     0  libspace.o(.text)
    __user_perthread_libspace                0x08000795   Thumb Code     0  libspace.o(.text)
    __I$use$semihosting                      0x0800079d   Thumb Code     0  use_no_semi.o(.text)
    __use_no_semihosting_swi                 0x0800079d   Thumb Code     2  use_no_semi.o(.text)
    __semihosting_library_function           0x0800079f   Thumb Code     0  indicate_semi.o(.text)
    __rt_heap_descriptor                     0x080007a1   Thumb Code     8  rt_heap_descriptor_intlibspace.o(.text)
    __use_no_heap                            0x080007a9   Thumb Code     2  hguard.o(.text)
    __heap$guard                             0x080007ab   Thumb Code     2  hguard.o(.text)
    _terminate_user_alloc                    0x080007ad   Thumb Code     2  init_alloc.o(.text)
    _init_user_alloc                         0x080007af   Thumb Code     2  init_alloc.o(.text)
    __Heap_Full                              0x080007b1   Thumb Code    34  init_alloc.o(.text)
    __Heap_Broken                            0x080007d3   Thumb Code     6  init_alloc.o(.text)
    _init_alloc                              0x080007d9   Thumb Code    94  init_alloc.o(.text)
    malloc                                   0x08000837   Thumb Code    94  h1_alloc.o(.text)
    _fseek                                   0x08000895   Thumb Code   242  fseek.o(.text)
    fseek                                    0x08000895   Thumb Code     0  fseek.o(.text)
    _seterr                                  0x0800098d   Thumb Code    20  stdio.o(.text)
    _writebuf                                0x080009a1   Thumb Code    84  stdio.o(.text)
    _fflush                                  0x080009f5   Thumb Code    70  stdio.o(.text)
    _deferredlazyseek                        0x08000a3b   Thumb Code    60  stdio.o(.text)
    __sig_exit                               0x08000a7d   Thumb Code    10  defsig_exit.o(.text)
    __rt_SIGRTRED_inner                      0x08000a89   Thumb Code    14  defsig_rtred_inner.o(.text)
    strlen                                   0x08000abd   Thumb Code    62  strlen.o(.text)
    _sys_exit                                0x08000afd   Thumb Code     8  sys_exit.o(.text)
    __Heap_Initialize                        0x08000b09   Thumb Code    10  h1_init.o(.text)
    __Heap_DescSize                          0x08000b13   Thumb Code     4  h1_init.o(.text)
    __Heap_ProvideMemory                     0x08000b17   Thumb Code    52  h1_extend.o(.text)
    _ftell_internal                          0x08000b4b   Thumb Code    66  ftell.o(.text)
    ftell                                    0x08000b4b   Thumb Code     0  ftell.o(.text)
    __default_signal_display                 0x08000b8d   Thumb Code    50  defsig_general.o(.text)
    __rt_SIGRTMEM                            0x08000bbf   Thumb Code    14  defsig_rtmem_outer.o(.text)
    _ttywrch                                 0x08000bcd   Thumb Code    14  sys_wrch.o(.text)
    __aeabi_errno_addr                       0x08000bdd   Thumb Code     8  rt_errno_addr_intlibspace.o(.text)
    __errno$intlibspace                      0x08000bdd   Thumb Code     0  rt_errno_addr_intlibspace.o(.text)
    __rt_errno_addr$intlibspace              0x08000bdd   Thumb Code     0  rt_errno_addr_intlibspace.o(.text)
    __rt_SIGRTMEM_inner                      0x08000be5   Thumb Code    22  defsig_rtmem_inner.o(.text)
    App_LED_Task                             0x08000c35   Thumb Code    16  led_task.o(i.App_LED_Task)
    App_UART_Task                            0x08000c45   Thumb Code    18  uart_task.o(i.App_UART_Task)
    BSP_LED_Init                             0x08000c71   Thumb Code    64  led.o(i.BSP_LED_Init)
    BSP_LED_Toggle                           0x08000cb9   Thumb Code    10  led.o(i.BSP_LED_Toggle)
    BSP_UART_Init                            0x08000cc9   Thumb Code    48  uart.o(i.BSP_UART_Init)
    BusFault_Handler                         0x08000d01   Thumb Code     2  stm32f1xx_it.o(i.BusFault_Handler)
    DebugMon_Handler                         0x08000d03   Thumb Code     2  stm32f1xx_it.o(i.DebugMon_Handler)
    Error_Handler                            0x08000d05   Thumb Code     4  main.o(i.Error_Handler)
    HAL_GPIO_Init                            0x08000d09   Thumb Code   446  stm32f1xx_hal_gpio.o(i.HAL_GPIO_Init)
    HAL_GPIO_TogglePin                       0x08000ee9   Thumb Code    16  stm32f1xx_hal_gpio.o(i.HAL_GPIO_TogglePin)
    HAL_GPIO_WritePin                        0x08000ef9   Thumb Code    10  stm32f1xx_hal_gpio.o(i.HAL_GPIO_WritePin)
    HAL_GetTick                              0x08000f05   Thumb Code     6  stm32f1xx_hal.o(i.HAL_GetTick)
    HAL_IncTick                              0x08000f11   Thumb Code    12  stm32f1xx_hal.o(i.HAL_IncTick)
    HAL_Init                                 0x08000f21   Thumb Code    32  stm32f1xx_hal.o(i.HAL_Init)
    HAL_InitTick                             0x08000f45   Thumb Code    54  stm32f1xx_hal.o(i.HAL_InitTick)
    HAL_MspInit                              0x08000f85   Thumb Code    48  stm32f1xx_hal_msp.o(i.HAL_MspInit)
    HAL_NVIC_SetPriority                     0x08000fb9   Thumb Code    60  stm32f1xx_hal_cortex.o(i.HAL_NVIC_SetPriority)
    HAL_NVIC_SetPriorityGrouping             0x08000ff9   Thumb Code    26  stm32f1xx_hal_cortex.o(i.HAL_NVIC_SetPriorityGrouping)
    HAL_RCC_ClockConfig                      0x0800101d   Thumb Code   280  stm32f1xx_hal_rcc.o(i.HAL_RCC_ClockConfig)
    HAL_RCC_GetPCLK1Freq                     0x08001149   Thumb Code    20  stm32f1xx_hal_rcc.o(i.HAL_RCC_GetPCLK1Freq)
    HAL_RCC_GetPCLK2Freq                     0x08001169   Thumb Code    20  stm32f1xx_hal_rcc.o(i.HAL_RCC_GetPCLK2Freq)
    HAL_RCC_GetSysClockFreq                  0x08001189   Thumb Code    58  stm32f1xx_hal_rcc.o(i.HAL_RCC_GetSysClockFreq)
    HAL_RCC_OscConfig                        0x080011d5   Thumb Code   778  stm32f1xx_hal_rcc.o(i.HAL_RCC_OscConfig)
    HAL_SYSTICK_Config                       0x080014f5   Thumb Code    40  stm32f1xx_hal_cortex.o(i.HAL_SYSTICK_Config)
    HAL_UART_Init                            0x0800151d   Thumb Code   100  stm32f1xx_hal_uart.o(i.HAL_UART_Init)
    HAL_UART_MspInit                         0x08001581   Thumb Code     2  stm32f1xx_hal_uart.o(i.HAL_UART_MspInit)
    HAL_UART_Transmit                        0x08001583   Thumb Code   160  stm32f1xx_hal_uart.o(i.HAL_UART_Transmit)
    HardFault_Handler                        0x08001623   Thumb Code     2  stm32f1xx_it.o(i.HardFault_Handler)
    MemManage_Handler                        0x08001625   Thumb Code     2  stm32f1xx_it.o(i.MemManage_Handler)
    NMI_Handler                              0x08001627   Thumb Code     2  stm32f1xx_it.o(i.NMI_Handler)
    Start_LED_Task                           0x08001629   Thumb Code    10  main.o(i.Start_LED_Task)
    Start_UART_Task                          0x08001633   Thumb Code    10  main.o(i.Start_UART_Task)
    SysTick_Handler                          0x0800163d   Thumb Code    24  stm32f1xx_it.o(i.SysTick_Handler)
    SystemClock_Config                       0x08001655   Thumb Code    94  main.o(i.SystemClock_Config)
    SystemInit                               0x080016b3   Thumb Code     2  system_stm32f1xx.o(i.SystemInit)
    UsageFault_Handler                       0x0800182f   Thumb Code     2  stm32f1xx_it.o(i.UsageFault_Handler)
    fputc                                    0x08001851   Thumb Code    18  uart.o(i.fputc)
    main                                     0x08001869   Thumb Code    68  main.o(i.main)
    osDelay                                  0x080018c1   Thumb Code    14  cmsis_os.o(i.osDelay)
    osKernelStart                            0x080018cf   Thumb Code    10  cmsis_os.o(i.osKernelStart)
    osThreadCreate                           0x080018d9   Thumb Code    84  cmsis_os.o(i.osThreadCreate)
    pvPortMalloc                             0x08001c79   Thumb Code   216  heap_4.o(i.pvPortMalloc)
    pxPortInitialiseStack                    0x08001d55   Thumb Code    32  port.o(i.pxPortInitialiseStack)
    uxListRemove                             0x08001d79   Thumb Code    38  list.o(i.uxListRemove)
    vApplicationGetIdleTaskMemory            0x08001da1   Thumb Code    16  freertos.o(i.vApplicationGetIdleTaskMemory)
    vListInitialise                          0x08001db5   Thumb Code    22  list.o(i.vListInitialise)
    vListInitialiseItem                      0x08001dcb   Thumb Code     6  list.o(i.vListInitialiseItem)
    vListInsert                              0x08001dd1   Thumb Code    48  list.o(i.vListInsert)
    vListInsertEnd                           0x08001e01   Thumb Code    24  list.o(i.vListInsertEnd)
    vPortEnterCritical                       0x08001e19   Thumb Code    54  port.o(i.vPortEnterCritical)
    vPortExitCritical                        0x08001e59   Thumb Code    34  port.o(i.vPortExitCritical)
    vPortFree                                0x08001e81   Thumb Code    94  heap_4.o(i.vPortFree)
    vPortSetupTimerInterrupt                 0x08001ee5   Thumb Code    32  port.o(i.vPortSetupTimerInterrupt)
    vTaskDelay                               0x08001f09   Thumb Code    66  tasks.o(i.vTaskDelay)
    vTaskStartScheduler                      0x08001f55   Thumb Code    90  tasks.o(i.vTaskStartScheduler)
    vTaskSuspendAll                          0x08001fc1   Thumb Code    10  tasks.o(i.vTaskSuspendAll)
    vTaskSwitchContext                       0x08001fd1   Thumb Code    82  tasks.o(i.vTaskSwitchContext)
    xPortStartScheduler                      0x0800202d   Thumb Code   154  port.o(i.xPortStartScheduler)
    xPortSysTickHandler                      0x080020d5   Thumb Code    38  port.o(i.xPortSysTickHandler)
    xTaskCreate                              0x08002101   Thumb Code    90  tasks.o(i.xTaskCreate)
    xTaskCreateStatic                        0x0800215b   Thumb Code    86  tasks.o(i.xTaskCreateStatic)
    xTaskGetSchedulerState                   0x080021b1   Thumb Code    22  tasks.o(i.xTaskGetSchedulerState)
    xTaskIncrementTick                       0x080021cd   Thumb Code   194  tasks.o(i.xTaskIncrementTick)
    xTaskResumeAll                           0x08002299   Thumb Code   182  tasks.o(i.xTaskResumeAll)
    AHBPrescTable                            0x080023a6   Data          16  system_stm32f1xx.o(.constdata)
    APBPrescTable                            0x080023b6   Data           8  system_stm32f1xx.o(.constdata)
    __stdin_name                             0x080023be   Data           4  sys_io.o(.constdata)
    __stdout_name                            0x080023c2   Data           4  sys_io.o(.constdata)
    __stderr_name                            0x080023c6   Data           4  sys_io.o(.constdata)
    Region$$Table$$Base                      0x080023e4   Number         0  anon$$obj.o(Region$$Table)
    Region$$Table$$Limit                     0x08002404   Number         0  anon$$obj.o(Region$$Table)
    LED_TaskHandle                           0x20000000   Data           4  main.o(.data)
    UART_TaskHandle                          0x20000004   Data           4  main.o(.data)
    uwTickFreq                               0x20000008   Data           1  stm32f1xx_hal.o(.data)
    uwTickPrio                               0x2000000c   Data           4  stm32f1xx_hal.o(.data)
    uwTick                                   0x20000010   Data           4  stm32f1xx_hal.o(.data)
    SystemCoreClock                          0x20000014   Data           4  system_stm32f1xx.o(.data)
    pxCurrentTCB                             0x20000018   Data           4  tasks.o(.data)
    __aeabi_stdin                            0x20000080   Data           4  stdio_streams.o(.data)
    __aeabi_stdout                           0x20000084   Data           4  stdio_streams.o(.data)
    __aeabi_stderr                           0x20000088   Data           4  stdio_streams.o(.data)
    huart1                                   0x2000008c   Data          72  main.o(.bss)
    __stdin                                  0x20002c18   Data          84  stdio_streams.o(.bss)
    __stdout                                 0x20002c6c   Data          84  stdio_streams.o(.bss)
    __stderr                                 0x20002cc0   Data          84  stdio_streams.o(.bss)
    __libspace_start                         0x20002d14   Data          96  libspace.o(.bss)
    __temporary_stack_top$libspace           0x20002d74   Data           0  libspace.o(.bss)



==============================================================================

Memory Map of the image

  Image Entry point : 0x080000ed

  Load Region LR_IROM1 (Base: 0x08000000, Size: 0x00002490, Max: 0x00010000, ABSOLUTE)

    Execution Region ER_IROM1 (Base: 0x08000000, Size: 0x00002404, Max: 0x00010000, ABSOLUTE)

    Base Addr    Size         Type   Attr      Idx    E Section Name        Object

    0x08000000   0x000000ec   Data   RO            3    RESET               startup_stm32f103xb.o
    0x080000ec   0x00000008   Code   RO         3242  * !!!main             c_w.l(__main.o)
    0x080000f4   0x00000034   Code   RO         3559    !!!scatter          c_w.l(__scatter.o)
    0x08000128   0x0000001a   Code   RO         3561    !!handler_copy      c_w.l(__scatter_copy.o)
    0x08000142   0x00000002   PAD
    0x08000144   0x0000001c   Code   RO         3563    !!handler_zi        c_w.l(__scatter_zi.o)
    0x08000160   0x00000002   Code   RO         3369    .ARM.Collect$$libinit$$00000000  c_w.l(libinit.o)
    0x08000162   0x00000000   Code   RO         3371    .ARM.Collect$$libinit$$00000002  c_w.l(libinit2.o)
    0x08000162   0x00000000   Code   RO         3373    .ARM.Collect$$libinit$$00000004  c_w.l(libinit2.o)
    0x08000162   0x00000008   Code   RO         3374    .ARM.Collect$$libinit$$00000005  c_w.l(libinit2.o)
    0x0800016a   0x00000000   Code   RO         3376    .ARM.Collect$$libinit$$0000000A  c_w.l(libinit2.o)
    0x0800016a   0x00000000   Code   RO         3378    .ARM.Collect$$libinit$$0000000C  c_w.l(libinit2.o)
    0x0800016a   0x00000000   Code   RO         3380    .ARM.Collect$$libinit$$0000000E  c_w.l(libinit2.o)
    0x0800016a   0x00000000   Code   RO         3383    .ARM.Collect$$libinit$$00000011  c_w.l(libinit2.o)
    0x0800016a   0x00000000   Code   RO         3385    .ARM.Collect$$libinit$$00000013  c_w.l(libinit2.o)
    0x0800016a   0x00000000   Code   RO         3387    .ARM.Collect$$libinit$$00000015  c_w.l(libinit2.o)
    0x0800016a   0x00000000   Code   RO         3389    .ARM.Collect$$libinit$$00000017  c_w.l(libinit2.o)
    0x0800016a   0x00000000   Code   RO         3391    .ARM.Collect$$libinit$$00000019  c_w.l(libinit2.o)
    0x0800016a   0x00000000   Code   RO         3393    .ARM.Collect$$libinit$$0000001B  c_w.l(libinit2.o)
    0x0800016a   0x00000000   Code   RO         3395    .ARM.Collect$$libinit$$0000001D  c_w.l(libinit2.o)
    0x0800016a   0x00000000   Code   RO         3397    .ARM.Collect$$libinit$$0000001F  c_w.l(libinit2.o)
    0x0800016a   0x00000000   Code   RO         3399    .ARM.Collect$$libinit$$00000021  c_w.l(libinit2.o)
    0x0800016a   0x00000000   Code   RO         3401    .ARM.Collect$$libinit$$00000023  c_w.l(libinit2.o)
    0x0800016a   0x00000004   Code   RO         3402    .ARM.Collect$$libinit$$00000024  c_w.l(libinit2.o)
    0x0800016e   0x00000000   Code   RO         3403    .ARM.Collect$$libinit$$00000025  c_w.l(libinit2.o)
    0x0800016e   0x00000000   Code   RO         3407    .ARM.Collect$$libinit$$0000002C  c_w.l(libinit2.o)
    0x0800016e   0x00000000   Code   RO         3409    .ARM.Collect$$libinit$$0000002E  c_w.l(libinit2.o)
    0x0800016e   0x00000000   Code   RO         3411    .ARM.Collect$$libinit$$00000030  c_w.l(libinit2.o)
    0x0800016e   0x00000000   Code   RO         3413    .ARM.Collect$$libinit$$00000032  c_w.l(libinit2.o)
    0x0800016e   0x00000002   Code   RO         3414    .ARM.Collect$$libinit$$00000033  c_w.l(libinit2.o)
    0x08000170   0x00000002   Code   RO         3538    .ARM.Collect$$libshutdown$$00000000  c_w.l(libshutdown.o)
    0x08000172   0x00000004   Code   RO         3416    .ARM.Collect$$libshutdown$$00000002  c_w.l(libshutdown2.o)
    0x08000176   0x00000000   Code   RO         3417    .ARM.Collect$$libshutdown$$00000003  c_w.l(libshutdown2.o)
    0x08000176   0x00000000   Code   RO         3420    .ARM.Collect$$libshutdown$$00000006  c_w.l(libshutdown2.o)
    0x08000176   0x00000000   Code   RO         3423    .ARM.Collect$$libshutdown$$00000009  c_w.l(libshutdown2.o)
    0x08000176   0x00000000   Code   RO         3425    .ARM.Collect$$libshutdown$$0000000B  c_w.l(libshutdown2.o)
    0x08000176   0x00000000   Code   RO         3428    .ARM.Collect$$libshutdown$$0000000E  c_w.l(libshutdown2.o)
    0x08000176   0x00000002   Code   RO         3429    .ARM.Collect$$libshutdown$$0000000F  c_w.l(libshutdown2.o)
    0x08000178   0x00000000   Code   RO         3244    .ARM.Collect$$rtentry$$00000000  c_w.l(__rtentry.o)
    0x08000178   0x00000000   Code   RO         3256    .ARM.Collect$$rtentry$$00000002  c_w.l(__rtentry2.o)
    0x08000178   0x00000006   Code   RO         3268    .ARM.Collect$$rtentry$$00000004  c_w.l(__rtentry4.o)
    0x0800017e   0x00000000   Code   RO         3258    .ARM.Collect$$rtentry$$00000009  c_w.l(__rtentry2.o)
    0x0800017e   0x00000004   Code   RO         3259    .ARM.Collect$$rtentry$$0000000A  c_w.l(__rtentry2.o)
    0x08000182   0x00000000   Code   RO         3261    .ARM.Collect$$rtentry$$0000000C  c_w.l(__rtentry2.o)
    0x08000182   0x00000008   Code   RO         3262    .ARM.Collect$$rtentry$$0000000D  c_w.l(__rtentry2.o)
    0x0800018a   0x00000002   Code   RO         3436    .ARM.Collect$$rtexit$$00000000  c_w.l(rtexit.o)
    0x0800018c   0x00000000   Code   RO         3484    .ARM.Collect$$rtexit$$00000002  c_w.l(rtexit2.o)
    0x0800018c   0x00000004   Code   RO         3485    .ARM.Collect$$rtexit$$00000003  c_w.l(rtexit2.o)
    0x08000190   0x00000006   Code   RO         3486    .ARM.Collect$$rtexit$$00000004  c_w.l(rtexit2.o)
    0x08000196   0x00000002   PAD
    0x08000198   0x00000096   Code   RO         2965    .emb_text           port.o
    0x0800022e   0x00000002   PAD
    0x08000230   0x00000000   Code   RO         3490    .emb_text           c_w.l(maybetermalloc1.o)
    0x08000230   0x00000040   Code   RO            4    .text               startup_stm32f103xb.o
    0x08000270   0x00000018   Code   RO         3230    .text               c_w.l(noretval__2printf.o)
    0x08000288   0x00000064   Code   RO         3234    .text               c_w.l(rt_memcpy_w.o)
    0x080002ec   0x0000004e   Code   RO         3238    .text               c_w.l(rt_memclr_w.o)
    0x0800033a   0x00000006   Code   RO         3240    .text               c_w.l(heapauxi.o)
    0x08000340   0x00000024   Code   RO         3245    .text               c_w.l(_printf_char_file.o)
    0x08000364   0x00000030   Code   RO         3270    .text               c_w.l(_printf_char_common.o)
    0x08000394   0x00000008   Code   RO         3272    .text               c_w.l(ferror.o)
    0x0800039c   0x00000138   Code   RO         3274    .text               c_w.l(initio.o)
    0x080004d4   0x00000066   Code   RO         3280    .text               c_w.l(sys_io.o)
    0x0800053a   0x0000004a   Code   RO         3287    .text               c_w.l(sys_stackheap_outer.o)
    0x08000584   0x0000004e   Code   RO         3291    .text               c_w.l(h1_free.o)
    0x080005d2   0x00000028   Code   RO         3345    .text               c_w.l(__printf_nopercent.o)
    0x080005fa   0x00000046   Code   RO         3347    .text               c_w.l(setvbuf.o)
    0x08000640   0x000000ec   Code   RO         3350    .text               c_w.l(fopen.o)
    0x0800072c   0x0000004c   Code   RO         3352    .text               c_w.l(fclose.o)
    0x08000778   0x0000000c   Code   RO         3358    .text               c_w.l(exit.o)
    0x08000784   0x0000000e   Code   RO         3360    .text               c_w.l(defsig_rtred_outer.o)
    0x08000792   0x00000002   PAD
    0x08000794   0x00000008   Code   RO         3430    .text               c_w.l(libspace.o)
    0x0800079c   0x00000002   Code   RO         3433    .text               c_w.l(use_no_semi.o)
    0x0800079e   0x00000000   Code   RO         3435    .text               c_w.l(indicate_semi.o)
    0x0800079e   0x00000002   PAD
    0x080007a0   0x00000008   Code   RO         3443    .text               c_w.l(rt_heap_descriptor_intlibspace.o)
    0x080007a8   0x00000004   Code   RO         3445    .text               c_w.l(hguard.o)
    0x080007ac   0x0000008a   Code   RO         3447    .text               c_w.l(init_alloc.o)
    0x08000836   0x0000005e   Code   RO         3453    .text               c_w.l(h1_alloc.o)
    0x08000894   0x000000f8   Code   RO         3467    .text               c_w.l(fseek.o)
    0x0800098c   0x000000f0   Code   RO         3469    .text               c_w.l(stdio.o)
    0x08000a7c   0x0000000a   Code   RO         3471    .text               c_w.l(defsig_exit.o)
    0x08000a86   0x00000002   PAD
    0x08000a88   0x00000034   Code   RO         3473    .text               c_w.l(defsig_rtred_inner.o)
    0x08000abc   0x0000003e   Code   RO         3475    .text               c_w.l(strlen.o)
    0x08000afa   0x00000002   PAD
    0x08000afc   0x0000000c   Code   RO         3481    .text               c_w.l(sys_exit.o)
    0x08000b08   0x0000000e   Code   RO         3492    .text               c_w.l(h1_init.o)
    0x08000b16   0x00000034   Code   RO         3494    .text               c_w.l(h1_extend.o)
    0x08000b4a   0x00000042   Code   RO         3500    .text               c_w.l(ftell.o)
    0x08000b8c   0x00000032   Code   RO         3504    .text               c_w.l(defsig_general.o)
    0x08000bbe   0x0000000e   Code   RO         3506    .text               c_w.l(defsig_rtmem_outer.o)
    0x08000bcc   0x0000000e   Code   RO         3519    .text               c_w.l(sys_wrch.o)
    0x08000bda   0x00000002   PAD
    0x08000bdc   0x00000008   Code   RO         3526    .text               c_w.l(rt_errno_addr_intlibspace.o)
    0x08000be4   0x00000050   Code   RO         3532    .text               c_w.l(defsig_rtmem_inner.o)
    0x08000c34   0x00000010   Code   RO         3048    i.App_LED_Task      led_task.o
    0x08000c44   0x0000002c   Code   RO         3078    i.App_UART_Task     uart_task.o
    0x08000c70   0x00000048   Code   RO         3126    i.BSP_LED_Init      led.o
    0x08000cb8   0x00000010   Code   RO         3130    i.BSP_LED_Toggle    led.o
    0x08000cc8   0x00000038   Code   RO         3175    i.BSP_UART_Init     uart.o
    0x08000d00   0x00000002   Code   RO          241    i.BusFault_Handler  stm32f1xx_it.o
    0x08000d02   0x00000002   Code   RO          242    i.DebugMon_Handler  stm32f1xx_it.o
    0x08000d04   0x00000004   Code   RO           13    i.Error_Handler     main.o
    0x08000d08   0x000001e0   Code   RO          687    i.HAL_GPIO_Init     stm32f1xx_hal_gpio.o
    0x08000ee8   0x00000010   Code   RO          690    i.HAL_GPIO_TogglePin  stm32f1xx_hal_gpio.o
    0x08000ef8   0x0000000a   Code   RO          691    i.HAL_GPIO_WritePin  stm32f1xx_hal_gpio.o
    0x08000f02   0x00000002   PAD
    0x08000f04   0x0000000c   Code   RO          381    i.HAL_GetTick       stm32f1xx_hal.o
    0x08000f10   0x00000010   Code   RO          387    i.HAL_IncTick       stm32f1xx_hal.o
    0x08000f20   0x00000024   Code   RO          388    i.HAL_Init          stm32f1xx_hal.o
    0x08000f44   0x00000040   Code   RO          389    i.HAL_InitTick      stm32f1xx_hal.o
    0x08000f84   0x00000034   Code   RO          304    i.HAL_MspInit       stm32f1xx_hal_msp.o
    0x08000fb8   0x00000040   Code   RO          853    i.HAL_NVIC_SetPriority  stm32f1xx_hal_cortex.o
    0x08000ff8   0x00000024   Code   RO          854    i.HAL_NVIC_SetPriorityGrouping  stm32f1xx_hal_cortex.o
    0x0800101c   0x0000012c   Code   RO          545    i.HAL_RCC_ClockConfig  stm32f1xx_hal_rcc.o
    0x08001148   0x00000020   Code   RO          552    i.HAL_RCC_GetPCLK1Freq  stm32f1xx_hal_rcc.o
    0x08001168   0x00000020   Code   RO          553    i.HAL_RCC_GetPCLK2Freq  stm32f1xx_hal_rcc.o
    0x08001188   0x0000004c   Code   RO          554    i.HAL_RCC_GetSysClockFreq  stm32f1xx_hal_rcc.o
    0x080011d4   0x00000320   Code   RO          557    i.HAL_RCC_OscConfig  stm32f1xx_hal_rcc.o
    0x080014f4   0x00000028   Code   RO          858    i.HAL_SYSTICK_Config  stm32f1xx_hal_cortex.o
    0x0800151c   0x00000064   Code   RO         1377    i.HAL_UART_Init     stm32f1xx_hal_uart.o
    0x08001580   0x00000002   Code   RO         1379    i.HAL_UART_MspInit  stm32f1xx_hal_uart.o
    0x08001582   0x000000a0   Code   RO         1385    i.HAL_UART_Transmit  stm32f1xx_hal_uart.o
    0x08001622   0x00000002   Code   RO          243    i.HardFault_Handler  stm32f1xx_it.o
    0x08001624   0x00000002   Code   RO          244    i.MemManage_Handler  stm32f1xx_it.o
    0x08001626   0x00000002   Code   RO          245    i.NMI_Handler       stm32f1xx_it.o
    0x08001628   0x0000000a   Code   RO           14    i.Start_LED_Task    main.o
    0x08001632   0x0000000a   Code   RO           15    i.Start_UART_Task   main.o
    0x0800163c   0x00000018   Code   RO          246    i.SysTick_Handler   stm32f1xx_it.o
    0x08001654   0x0000005e   Code   RO           16    i.SystemClock_Config  main.o
    0x080016b2   0x00000002   Code   RO         1711    i.SystemInit        system_stm32f1xx.o
    0x080016b4   0x0000004e   Code   RO         1400    i.UART_EndRxTransfer  stm32f1xx_hal_uart.o
    0x08001702   0x00000002   PAD
    0x08001704   0x000000b8   Code   RO         1403    i.UART_SetConfig    stm32f1xx_hal_uart.o
    0x080017bc   0x00000072   Code   RO         1406    i.UART_WaitOnFlagUntilTimeout  stm32f1xx_hal_uart.o
    0x0800182e   0x00000002   Code   RO          247    i.UsageFault_Handler  stm32f1xx_it.o
    0x08001830   0x00000020   Code   RO          860    i.__NVIC_SetPriority  stm32f1xx_hal_cortex.o
    0x08001850   0x00000018   Code   RO         3177    i.fputc             uart.o
    0x08001868   0x0000004c   Code   RO           17    i.main              main.o
    0x080018b4   0x0000000c   Code   RO         2531    i.makeFreeRtosPriority  cmsis_os.o
    0x080018c0   0x0000000e   Code   RO         2533    i.osDelay           cmsis_os.o
    0x080018ce   0x0000000a   Code   RO         2536    i.osKernelStart     cmsis_os.o
    0x080018d8   0x00000054   Code   RO         2570    i.osThreadCreate    cmsis_os.o
    0x0800192c   0x00000070   Code   RO         2213    i.prvAddCurrentTaskToDelayedList  tasks.o
    0x0800199c   0x000000d0   Code   RO         2214    i.prvAddNewTaskToReadyList  tasks.o
    0x08001a6c   0x00000034   Code   RO         2215    i.prvDeleteTCB      tasks.o
    0x08001aa0   0x0000004c   Code   RO         2898    i.prvHeapInit       heap_4.o
    0x08001aec   0x00000060   Code   RO         2216    i.prvIdleTask       tasks.o
    0x08001b4c   0x00000098   Code   RO         2217    i.prvInitialiseNewTask  tasks.o
    0x08001be4   0x0000004c   Code   RO         2899    i.prvInsertBlockIntoFreeList  heap_4.o
    0x08001c30   0x00000020   Code   RO         2218    i.prvResetNextTaskUnblockTime  tasks.o
    0x08001c50   0x00000028   Code   RO         2966    i.prvTaskExitError  port.o
    0x08001c78   0x000000dc   Code   RO         2900    i.pvPortMalloc      heap_4.o
    0x08001d54   0x00000024   Code   RO         2967    i.pxPortInitialiseStack  port.o
    0x08001d78   0x00000026   Code   RO         1849    i.uxListRemove      list.o
    0x08001d9e   0x00000002   PAD
    0x08001da0   0x00000014   Code   RO          207    i.vApplicationGetIdleTaskMemory  freertos.o
    0x08001db4   0x00000016   Code   RO         1850    i.vListInitialise   list.o
    0x08001dca   0x00000006   Code   RO         1851    i.vListInitialiseItem  list.o
    0x08001dd0   0x00000030   Code   RO         1852    i.vListInsert       list.o
    0x08001e00   0x00000018   Code   RO         1853    i.vListInsertEnd    list.o
    0x08001e18   0x00000040   Code   RO         2969    i.vPortEnterCritical  port.o
    0x08001e58   0x00000028   Code   RO         2970    i.vPortExitCritical  port.o
    0x08001e80   0x00000064   Code   RO         2901    i.vPortFree         heap_4.o
    0x08001ee4   0x00000024   Code   RO         2971    i.vPortSetupTimerInterrupt  port.o
    0x08001f08   0x0000004c   Code   RO         2227    i.vTaskDelay        tasks.o
    0x08001f54   0x0000006c   Code   RO         2240    i.vTaskStartScheduler  tasks.o
    0x08001fc0   0x00000010   Code   RO         2242    i.vTaskSuspendAll   tasks.o
    0x08001fd0   0x0000005c   Code   RO         2243    i.vTaskSwitchContext  tasks.o
    0x0800202c   0x000000a8   Code   RO         2973    i.xPortStartScheduler  port.o
    0x080020d4   0x0000002c   Code   RO         2974    i.xPortSysTickHandler  port.o
    0x08002100   0x0000005a   Code   RO         2246    i.xTaskCreate       tasks.o
    0x0800215a   0x00000056   Code   RO         2247    i.xTaskCreateStatic  tasks.o
    0x080021b0   0x0000001c   Code   RO         2251    i.xTaskGetSchedulerState  tasks.o
    0x080021cc   0x000000cc   Code   RO         2254    i.xTaskIncrementTick  tasks.o
    0x08002298   0x000000c4   Code   RO         2260    i.xTaskResumeAll    tasks.o
    0x0800235c   0x00000038   Data   RO           19    .constdata          main.o
    0x08002394   0x00000012   Data   RO          558    .constdata          stm32f1xx_hal_rcc.o
    0x080023a6   0x00000010   Data   RO         1712    .constdata          system_stm32f1xx.o
    0x080023b6   0x00000008   Data   RO         1713    .constdata          system_stm32f1xx.o
    0x080023be   0x00000004   Data   RO         3281    .constdata          c_w.l(sys_io.o)
    0x080023c2   0x00000004   Data   RO         3282    .constdata          c_w.l(sys_io.o)
    0x080023c6   0x00000004   Data   RO         3283    .constdata          c_w.l(sys_io.o)
    0x080023ca   0x00000002   PAD
    0x080023cc   0x00000016   Data   RO           20    .conststring        main.o
    0x080023e2   0x00000002   PAD
    0x080023e4   0x00000020   Data   RO         3557    Region$$Table       anon$$obj.o


    Execution Region RW_IRAM1 (Base: 0x20000000, Size: 0x00003578, Max: 0x00005000, ABSOLUTE)

    Base Addr    Size         Type   Attr      Idx    E Section Name        Object

    0x20000000   0x00000008   Data   RW           21    .data               main.o
    0x20000008   0x0000000c   Data   RW          395    .data               stm32f1xx_hal.o
    0x20000014   0x00000004   Data   RW         1714    .data               system_stm32f1xx.o
    0x20000018   0x0000003c   Data   RW         2263    .data               tasks.o
    0x20000054   0x00000020   Data   RW         2907    .data               heap_4.o
    0x20000074   0x0000000c   Data   RW         2975    .data               port.o
    0x20000080   0x00000004   Data   RW         3250    .data               c_w.l(stdio_streams.o)
    0x20000084   0x00000004   Data   RW         3251    .data               c_w.l(stdio_streams.o)
    0x20000088   0x00000004   Data   RW         3252    .data               c_w.l(stdio_streams.o)
    0x2000008c   0x00000048   Zero   RW           18    .bss                main.o
    0x200000d4   0x00000254   Zero   RW          208    .bss                freertos.o
    0x20000328   0x000000f0   Zero   RW         2262    .bss                tasks.o
    0x20000418   0x00002800   Zero   RW         2906    .bss                heap_4.o
    0x20002c18   0x00000054   Zero   RW         3247    .bss                c_w.l(stdio_streams.o)
    0x20002c6c   0x00000054   Zero   RW         3248    .bss                c_w.l(stdio_streams.o)
    0x20002cc0   0x00000054   Zero   RW         3249    .bss                c_w.l(stdio_streams.o)
    0x20002d14   0x00000060   Zero   RW         3431    .bss                c_w.l(libspace.o)
    0x20002d74   0x00000004   PAD
    0x20002d78   0x00000400   Zero   RW            2    HEAP                startup_stm32f103xb.o
    0x20003178   0x00000400   Zero   RW            1    STACK               startup_stm32f103xb.o


==============================================================================

Image component sizes


      Code (inc. data)   RO Data    RW Data    ZI Data      Debug   Object Name

       120          0          0          0          0      22885   cmsis_os.o
         0          0          0          0          0      16864   event_groups.o
        20          4          0          0        596       1104   freertos.o
       472         24          0         32      10240       6951   heap_4.o
        88         14          0          0          0       1168   led.o
        16          0          0          0          0        435   led_task.o
       138          0          0          0          0       3086   list.o
       194          8         78          8         72     428535   main.o
       578         60          0         12          0       9992   port.o
        64         26        236          0       2048        792   startup_stm32f103xb.o
       128         24          0         12          0       5125   stm32f1xx_hal.o
       172         14          0          0          0      27870   stm32f1xx_hal_cortex.o
       506         34          0          0          0       3017   stm32f1xx_hal_gpio.o
        52          4          0          0          0        810   stm32f1xx_hal_msp.o
      1240         84         18          0          0       4740   stm32f1xx_hal_rcc.o
       638          6          0          0          0       4483   stm32f1xx_hal_uart.o
        36          0          0          0          0       2947   stm32f1xx_it.o
         0          0          0          0          0        392   stream_buffer.o
         2          0         24          4          0       1059   system_stm32f1xx.o
      1548        118          0         60        240      18339   tasks.o
        80         14          0          0          0       2700   uart.o
        44         26          0          0          0        440   uart_task.o

    ----------------------------------------------------------------------
      6144        460        390        128      13196     563734   Object Totals
         0          0         32          0          0          0   (incl. Generated)
         8          0          2          0          0          0   (incl. Padding)

    ----------------------------------------------------------------------

      Code (inc. data)   RO Data    RW Data    ZI Data      Debug   Library Member Name

         8          0          0          0          0         68   __main.o
        40          0          0          0          0         84   __printf_nopercent.o
         0          0          0          0          0          0   __rtentry.o
        12          0          0          0          0          0   __rtentry2.o
         6          0          0          0          0          0   __rtentry4.o
        52          8          0          0          0          0   __scatter.o
        26          0          0          0          0          0   __scatter_copy.o
        28          0          0          0          0          0   __scatter_zi.o
        48          6          0          0          0         96   _printf_char_common.o
        36          4          0          0          0         80   _printf_char_file.o
        10          0          0          0          0         68   defsig_exit.o
        50          0          0          0          0         88   defsig_general.o
        80         58          0          0          0         76   defsig_rtmem_inner.o
        14          0          0          0          0         80   defsig_rtmem_outer.o
        52         38          0          0          0         76   defsig_rtred_inner.o
        14          0          0          0          0         80   defsig_rtred_outer.o
        12          0          0          0          0         72   exit.o
        76          0          0          0          0         88   fclose.o
         8          0          0          0          0         68   ferror.o
       236          4          0          0          0        128   fopen.o
       248          6          0          0          0         84   fseek.o
        66          0          0          0          0         76   ftell.o
        94          0          0          0          0         80   h1_alloc.o
        52          0          0          0          0         68   h1_extend.o
        78          0          0          0          0         80   h1_free.o
        14          0          0          0          0         84   h1_init.o
         6          0          0          0          0        152   heapauxi.o
         4          0          0          0          0        136   hguard.o
         0          0          0          0          0          0   indicate_semi.o
       138          0          0          0          0        168   init_alloc.o
       312         46          0          0          0        112   initio.o
         2          0          0          0          0          0   libinit.o
        14          0          0          0          0          0   libinit2.o
         2          0          0          0          0          0   libshutdown.o
         6          0          0          0          0          0   libshutdown2.o
         8          4          0          0         96         68   libspace.o
         0          0          0          0          0          0   maybetermalloc1.o
        24          4          0          0          0         84   noretval__2printf.o
         8          4          0          0          0         68   rt_errno_addr_intlibspace.o
         8          4          0          0          0         68   rt_heap_descriptor_intlibspace.o
        78          0          0          0          0         80   rt_memclr_w.o
       100          0          0          0          0         80   rt_memcpy_w.o
         2          0          0          0          0          0   rtexit.o
        10          0          0          0          0          0   rtexit2.o
        70          0          0          0          0         80   setvbuf.o
       240          6          0          0          0        156   stdio.o
         0          0          0         12        252          0   stdio_streams.o
        62          0          0          0          0         76   strlen.o
        12          4          0          0          0         68   sys_exit.o
       102          0         12          0          0        240   sys_io.o
        74          0          0          0          0         80   sys_stackheap_outer.o
        14          0          0          0          0         76   sys_wrch.o
         2          0          0          0          0         68   use_no_semi.o

    ----------------------------------------------------------------------
      2672        196         14         12        352       3484   Library Totals
        14          0          2          0          4          0   (incl. Padding)

    ----------------------------------------------------------------------

      Code (inc. data)   RO Data    RW Data    ZI Data      Debug   Library Name

      2658        196         12         12        348       3484   c_w.l

    ----------------------------------------------------------------------
      2672        196         14         12        352       3484   Library Totals

    ----------------------------------------------------------------------

==============================================================================


      Code (inc. data)   RO Data    RW Data    ZI Data      Debug   

      8816        656        404        140      13548     561494   Grand Totals
      8816        656        404        140      13548     561494   ELF Image Totals
      8816        656        404        140          0          0   ROM Totals

==============================================================================

    Total RO  Size (Code + RO Data)                 9220 (   9.00kB)
    Total RW  Size (RW Data + ZI Data)             13688 (  13.37kB)
    Total ROM Size (Code + RO Data + RW Data)       9360 (   9.14kB)

==============================================================================

